../Core/Src/main.c:118:6:HAL_UART_RxCpltCallback	16	static
../Core/Src/main.c:131:6:HAL_SPI_TxCpltCallback	16	static
../Core/Src/main.c:137:6:HAL_SPI_RxCpltCallback	16	static
../Core/Src/main.c:153:6:HAL_SPI_ErrorCallback	16	static
../Core/Src/main.c:174:6:HAL_I2C_SlaveRxCpltCallback	16	static
../Core/Src/main.c:184:6:HAL_I2C_SlaveTxCpltCallback	16	static
../Core/Src/main.c:194:5:main	8	static
../Core/Src/main.c:290:6:SystemClock_Config	88	static
../Core/Src/main.c:332:13:MX_CAN2_Init	8	static
../Core/Src/main.c:369:13:MX_I2C2_Init	8	static
../Core/Src/main.c:403:13:MX_SPI1_Init	8	static
../Core/Src/main.c:440:13:MX_USART1_UART_Init	8	static
../Core/Src/main.c:473:13:MX_GPIO_Init	48	static
../Core/Src/main.c:520:6:process_cmd	8	static
../Core/Src/main.c:577:6:Error_Handler	4	static,ignoring_inline_asm
