Archive member included to satisfy reference by file (symbol)

C:/ST/STM32CubeIDE_1.16.0/STM32CubeIDE/plugins/com.st.stm32cube.ide.mcu.externaltools.gnu-tools-for-stm32.12.3.rel1.win32_1.0.200.202406191623/tools/bin/../lib/gcc/arm-none-eabi/12.3.1/../../../../arm-none-eabi/lib/thumb/v7e-m+fp/hard\libc_nano.a(libc_a-calloc.o)
                              ./library/asn1parse.o (calloc)
C:/ST/STM32CubeIDE_1.16.0/STM32CubeIDE/plugins/com.st.stm32cube.ide.mcu.externaltools.gnu-tools-for-stm32.12.3.rel1.win32_1.0.200.202406191623/tools/bin/../lib/gcc/arm-none-eabi/12.3.1/../../../../arm-none-eabi/lib/thumb/v7e-m+fp/hard\libc_nano.a(libc_a-callocr.o)
                              C:/ST/STM32CubeIDE_1.16.0/STM32CubeIDE/plugins/com.st.stm32cube.ide.mcu.externaltools.gnu-tools-for-stm32.12.3.rel1.win32_1.0.200.202406191623/tools/bin/../lib/gcc/arm-none-eabi/12.3.1/../../../../arm-none-eabi/lib/thumb/v7e-m+fp/hard\libc_nano.a(libc_a-calloc.o) (_calloc_r)
C:/ST/STM32CubeIDE_1.16.0/STM32CubeIDE/plugins/com.st.stm32cube.ide.mcu.externaltools.gnu-tools-for-stm32.12.3.rel1.win32_1.0.200.202406191623/tools/bin/../lib/gcc/arm-none-eabi/12.3.1/../../../../arm-none-eabi/lib/thumb/v7e-m+fp/hard\libc_nano.a(libc_a-exit.o)
                              C:/ST/STM32CubeIDE_1.16.0/STM32CubeIDE/plugins/com.st.stm32cube.ide.mcu.externaltools.gnu-tools-for-stm32.12.3.rel1.win32_1.0.200.202406191623/tools/bin/../lib/gcc/arm-none-eabi/12.3.1/../../../../arm-none-eabi/lib/thumb/v7e-m+fp/hard/crt0.o (exit)
C:/ST/STM32CubeIDE_1.16.0/STM32CubeIDE/plugins/com.st.stm32cube.ide.mcu.externaltools.gnu-tools-for-stm32.12.3.rel1.win32_1.0.200.202406191623/tools/bin/../lib/gcc/arm-none-eabi/12.3.1/../../../../arm-none-eabi/lib/thumb/v7e-m+fp/hard\libc_nano.a(libc_a-malloc.o)
                              ./library/asn1parse.o (free)
C:/ST/STM32CubeIDE_1.16.0/STM32CubeIDE/plugins/com.st.stm32cube.ide.mcu.externaltools.gnu-tools-for-stm32.12.3.rel1.win32_1.0.200.202406191623/tools/bin/../lib/gcc/arm-none-eabi/12.3.1/../../../../arm-none-eabi/lib/thumb/v7e-m+fp/hard\libc_nano.a(libc_a-mallocr.o)
                              C:/ST/STM32CubeIDE_1.16.0/STM32CubeIDE/plugins/com.st.stm32cube.ide.mcu.externaltools.gnu-tools-for-stm32.12.3.rel1.win32_1.0.200.202406191623/tools/bin/../lib/gcc/arm-none-eabi/12.3.1/../../../../arm-none-eabi/lib/thumb/v7e-m+fp/hard\libc_nano.a(libc_a-callocr.o) (_malloc_r)
C:/ST/STM32CubeIDE_1.16.0/STM32CubeIDE/plugins/com.st.stm32cube.ide.mcu.externaltools.gnu-tools-for-stm32.12.3.rel1.win32_1.0.200.202406191623/tools/bin/../lib/gcc/arm-none-eabi/12.3.1/../../../../arm-none-eabi/lib/thumb/v7e-m+fp/hard\libc_nano.a(libc_a-mlock.o)
                              C:/ST/STM32CubeIDE_1.16.0/STM32CubeIDE/plugins/com.st.stm32cube.ide.mcu.externaltools.gnu-tools-for-stm32.12.3.rel1.win32_1.0.200.202406191623/tools/bin/../lib/gcc/arm-none-eabi/12.3.1/../../../../arm-none-eabi/lib/thumb/v7e-m+fp/hard\libc_nano.a(libc_a-mallocr.o) (__malloc_lock)
C:/ST/STM32CubeIDE_1.16.0/STM32CubeIDE/plugins/com.st.stm32cube.ide.mcu.externaltools.gnu-tools-for-stm32.12.3.rel1.win32_1.0.200.202406191623/tools/bin/../lib/gcc/arm-none-eabi/12.3.1/../../../../arm-none-eabi/lib/thumb/v7e-m+fp/hard\libc_nano.a(libc_a-fclose.o)
                              ./library/ctr_drbg.o (fclose)
C:/ST/STM32CubeIDE_1.16.0/STM32CubeIDE/plugins/com.st.stm32cube.ide.mcu.externaltools.gnu-tools-for-stm32.12.3.rel1.win32_1.0.200.202406191623/tools/bin/../lib/gcc/arm-none-eabi/12.3.1/../../../../arm-none-eabi/lib/thumb/v7e-m+fp/hard\libc_nano.a(libc_a-ferror.o)
                              ./library/ctr_drbg.o (ferror)
C:/ST/STM32CubeIDE_1.16.0/STM32CubeIDE/plugins/com.st.stm32cube.ide.mcu.externaltools.gnu-tools-for-stm32.12.3.rel1.win32_1.0.200.202406191623/tools/bin/../lib/gcc/arm-none-eabi/12.3.1/../../../../arm-none-eabi/lib/thumb/v7e-m+fp/hard\libc_nano.a(libc_a-fflush.o)
                              C:/ST/STM32CubeIDE_1.16.0/STM32CubeIDE/plugins/com.st.stm32cube.ide.mcu.externaltools.gnu-tools-for-stm32.12.3.rel1.win32_1.0.200.202406191623/tools/bin/../lib/gcc/arm-none-eabi/12.3.1/../../../../arm-none-eabi/lib/thumb/v7e-m+fp/hard\libc_nano.a(libc_a-fclose.o) (__sflush_r)
C:/ST/STM32CubeIDE_1.16.0/STM32CubeIDE/plugins/com.st.stm32cube.ide.mcu.externaltools.gnu-tools-for-stm32.12.3.rel1.win32_1.0.200.202406191623/tools/bin/../lib/gcc/arm-none-eabi/12.3.1/../../../../arm-none-eabi/lib/thumb/v7e-m+fp/hard\libc_nano.a(libc_a-findfp.o)
                              C:/ST/STM32CubeIDE_1.16.0/STM32CubeIDE/plugins/com.st.stm32cube.ide.mcu.externaltools.gnu-tools-for-stm32.12.3.rel1.win32_1.0.200.202406191623/tools/bin/../lib/gcc/arm-none-eabi/12.3.1/../../../../arm-none-eabi/lib/thumb/v7e-m+fp/hard\libc_nano.a(libc_a-fflush.o) (__sglue)
[...]
Memory Configuration

Name             Origin             Length             Attributes
CCMRAM           0x10000000         0x00010000         xrw
RAM              0x20000000         0x00020000         xrw
FLASH            0x08000000         0x00100000         xr
*default*        0x00000000         0xffffffff

Linker script and memory map

LOAD C:/ST/STM32CubeIDE_1.16.0/STM32CubeIDE/plugins/com.st.stm32cube.ide.mcu.externaltools.gnu-tools-for-stm32.12.3.rel1.win32_1.0.200.202406191623/tools/bin/../lib/gcc/arm-none-eabi/12.3.1/thumb/v7e-m+fp/hard/crti.o
LOAD C:/ST/STM32CubeIDE_1.16.0/STM32CubeIDE/plugins/com.st.stm32cube.ide.mcu.externaltools.gnu-tools-for-stm32.12.3.rel1.win32_1.0.200.202406191623/tools/bin/../lib/gcc/arm-none-eabi/12.3.1/thumb/v7e-m+fp/hard/crtbegin.o
LOAD C:/ST/STM32CubeIDE_1.16.0/STM32CubeIDE/plugins/com.st.stm32cube.ide.mcu.externaltools.gnu-tools-for-stm32.12.3.rel1.win32_1.0.200.202406191623/tools/bin/../lib/gcc/arm-none-eabi/12.3.1/../../../../arm-none-eabi/lib/thumb/v7e-m+fp/hard/crt0.o
LOAD ./Core/Src/main.o
LOAD ./Core/Src/stm32f4xx_hal_msp.o
LOAD ./Core/Src/stm32f4xx_it.o
LOAD ./Core/Src/syscalls.o
LOAD ./Core/Src/sysmem.o
LOAD ./Core/Src/system_stm32f4xx.o
LOAD ./Core/Startup/startup_stm32f407vgtx.o
LOAD ./Drivers/STM32F4xx_HAL_Driver/Src/stm32f4xx_hal.o
LOAD ./Drivers/STM32F4xx_HAL_Driver/Src/stm32f4xx_hal_can.o
LOAD ./Drivers/STM32F4xx_HAL_Driver/Src/stm32f4xx_hal_cortex.o
LOAD ./Drivers/STM32F4xx_HAL_Driver/Src/stm32f4xx_hal_dma.o
LOAD ./Drivers/STM32F4xx_HAL_Driver/Src/stm32f4xx_hal_dma_ex.o
LOAD ./Drivers/STM32F4xx_HAL_Driver/Src/stm32f4xx_hal_exti.o
LOAD ./Drivers/STM32F4xx_HAL_Driver/Src/stm32f4xx_hal_flash.o
LOAD ./Drivers/STM32F4xx_HAL_Driver/Src/stm32f4xx_hal_flash_ex.o
LOAD ./Drivers/STM32F4xx_HAL_Driver/Src/stm32f4xx_hal_flash_ramfunc.o
LOAD ./Drivers/STM32F4xx_HAL_Driver/Src/stm32f4xx_hal_gpio.o
LOAD ./Drivers/STM32F4xx_HAL_Driver/Src/stm32f4xx_hal_i2c.o
LOAD ./Drivers/STM32F4xx_HAL_Driver/Src/stm32f4xx_hal_i2c_ex.o
LOAD ./Drivers/STM32F4xx_HAL_Driver/Src/stm32f4xx_hal_pwr.o
LOAD ./Drivers/STM32F4xx_HAL_Driver/Src/stm32f4xx_hal_pwr_ex.o
LOAD ./Drivers/STM32F4xx_HAL_Driver/Src/stm32f4xx_hal_rcc.o
LOAD ./Drivers/STM32F4xx_HAL_Driver/Src/stm32f4xx_hal_rcc_ex.o
LOAD ./Drivers/STM32F4xx_HAL_Driver/Src/stm32f4xx_hal_spi.o
LOAD ./Drivers/STM32F4xx_HAL_Driver/Src/stm32f4xx_hal_tim.o
LOAD ./Drivers/STM32F4xx_HAL_Driver/Src/stm32f4xx_hal_tim_ex.o
LOAD ./Drivers/STM32F4xx_HAL_Driver/Src/stm32f4xx_hal_uart.o
LOAD ./library/aes.o
LOAD ./library/aesni.o
LOAD ./library/aria.o
LOAD ./library/asn1parse.o
LOAD ./library/asn1write.o
LOAD ./library/base64.o
LOAD ./library/camellia.o
LOAD ./library/ccm.o
LOAD ./library/chacha20.o
LOAD ./library/chachapoly.o
LOAD ./library/cipher.o
LOAD ./library/cipher_wrap.o
LOAD ./library/cmac.o
LOAD ./library/ctr_drbg.o
LOAD ./library/debug.o
LOAD ./library/des.o
LOAD ./library/dhm.o
LOAD ./library/ecdh.o
LOAD ./library/ecdsa.o
LOAD ./library/ecjpake.o
LOAD ./library/ecp.o
LOAD ./library/ecp_curves.o
LOAD ./library/gcm.o
LOAD ./library/hkdf.o
LOAD ./library/hmac_drbg.o
LOAD ./library/md.o
LOAD ./library/md5.o
LOAD ./library/memory_buffer_alloc.o
LOAD ./library/mps_reader.o
LOAD ./library/mps_trace.o
LOAD ./library/nist_kw.o
LOAD ./library/oid.o
LOAD ./library/padlock.o
LOAD ./library/pem.o
LOAD ./library/pk.o
LOAD ./library/pk_wrap.o
LOAD ./library/pkparse.o
LOAD ./library/pkwrite.o
LOAD ./library/platform.o
LOAD ./library/platform_util.o
LOAD ./library/ripemd160.o
LOAD ./library/sha1.o
LOAD ./library/sha256.o
LOAD ./library/sha512.o
START GROUP
LOAD C:/ST/STM32CubeIDE_1.16.0/STM32CubeIDE/plugins/com.st.stm32cube.ide.mcu.externaltools.gnu-tools-for-stm32.12.3.rel1.win32_1.0.200.202406191623/tools/bin/../lib/gcc/arm-none-eabi/12.3.1/../../../../arm-none-eabi/lib/thumb/v7e-m+fp/hard\libc_nano.a
LOAD C:/ST/STM32CubeIDE_1.16.0/STM32CubeIDE/plugins/com.st.stm32cube.ide.mcu.externaltools.gnu-tools-for-stm32.12.3.rel1.win32_1.0.200.202406191623/tools/bin/../lib/gcc/arm-none-eabi/12.3.1/../../../../arm-none-eabi/lib/thumb/v7e-m+fp/hard\libm.a
END GROUP
START GROUP
LOAD C:/ST/STM32CubeIDE_1.16.0/STM32CubeIDE/plugins/com.st.stm32cube.ide.mcu.externaltools.gnu-tools-for-stm32.12.3.rel1.win32_1.0.200.202406191623/tools/bin/../lib/gcc/arm-none-eabi/12.3.1/thumb/v7e-m+fp/hard\libgcc.a
LOAD C:/ST/STM32CubeIDE_1.16.0/STM32CubeIDE/plugins/com.st.stm32cube.ide.mcu.externaltools.gnu-tools-for-stm32.12.3.rel1.win32_1.0.200.202406191623/tools/bin/../lib/gcc/arm-none-eabi/12.3.1/../../../../arm-none-eabi/lib/thumb/v7e-m+fp/hard\libc_nano.a
END GROUP
START GROUP
LOAD C:/ST/STM32CubeIDE_1.16.0/STM32CubeIDE/plugins/com.st.stm32cube.ide.mcu.externaltools.gnu-tools-for-stm32.12.3.rel1.win32_1.0.200.202406191623/tools/bin/../lib/gcc/arm-none-eabi/12.3.1/thumb/v7e-m+fp/hard\libgcc.a
LOAD C:/ST/STM32CubeIDE_1.16.0/STM32CubeIDE/plugins/com.st.stm32cube.ide.mcu.externaltools.gnu-tools-for-stm32.12.3.rel1.win32_1.0.200.202406191623/tools/bin/../lib/gcc/arm-none-eabi/12.3.1/../../../../arm-none-eabi/lib/thumb/v7e-m+fp/hard\libc_nano.a
LOAD C:/ST/STM32CubeIDE_1.16.0/STM32CubeIDE/plugins/com.st.stm32cube.ide.mcu.externaltools.gnu-tools-for-stm32.12.3.rel1.win32_1.0.200.202406191623/tools/bin/../lib/gcc/arm-none-eabi/12.3.1/../../../../arm-none-eabi/lib/thumb/v7e-m+fp/hard\libnosys.a
END GROUP
START GROUP
LOAD C:/ST/STM32CubeIDE_1.16.0/STM32CubeIDE/plugins/com.st.stm32cube.ide.mcu.externaltools.gnu-tools-for-stm32.12.3.rel1.win32_1.0.200.202406191623/tools/bin/../lib/gcc/arm-none-eabi/12.3.1/thumb/v7e-m+fp/hard\libgcc.a
LOAD C:/ST/STM32CubeIDE_1.16.0/STM32CubeIDE/plugins/com.st.stm32cube.ide.mcu.externaltools.gnu-tools-for-stm32.12.3.rel1.win32_1.0.200.202406191623/tools/bin/../lib/gcc/arm-none-eabi/12.3.1/../../../../arm-none-eabi/lib/thumb/v7e-m+fp/hard\libc_nano.a
LOAD C:/ST/STM32CubeIDE_1.16.0/STM32CubeIDE/plugins/com.st.stm32cube.ide.mcu.externaltools.gnu-tools-for-stm32.12.3.rel1.win32_1.0.200.202406191623/tools/bin/../lib/gcc/arm-none-eabi/12.3.1/../../../../arm-none-eabi/lib/thumb/v7e-m+fp/hard\libnosys.a
END GROUP
LOAD C:/ST/STM32CubeIDE_1.16.0/STM32CubeIDE/plugins/com.st.stm32cube.ide.mcu.externaltools.gnu-tools-for-stm32.12.3.rel1.win32_1.0.200.202406191623/tools/bin/../lib/gcc/arm-none-eabi/12.3.1/thumb/v7e-m+fp/hard/crtend.o
LOAD C:/ST/STM32CubeIDE_1.16.0/STM32CubeIDE/plugins/com.st.stm32cube.ide.mcu.externaltools.gnu-tools-for-stm32.12.3.rel1.win32_1.0.200.202406191623/tools/bin/../lib/gcc/arm-none-eabi/12.3.1/thumb/v7e-m+fp/hard/crtn.o
                0x20020000                        _estack = (ORIGIN (RAM) + LENGTH (RAM))
                0x00000200                        _Min_Heap_Size = 0x200
                0x00000400                        _Min_Stack_Size = 0x400

.isr_vector     0x08000000      0x188
                0x08000000                        . = ALIGN (0x4)
 *(.isr_vector)
 .isr_vector    0x08000000      0x188 ./Core/Startup/startup_stm32f407vgtx.o
                0x08000000                g_pfnVectors
                0x08000188                        . = ALIGN (0x4)

.text           0x08000188     0x7e2c
                0x08000188                        . = ALIGN (0x4)
 *(.text)
 .text          0x08000188       0x40 C:/ST/STM32CubeIDE_1.16.0/STM32CubeIDE/plugins/com.st.stm32cube.ide.mcu.externaltools.gnu-tools-for-stm32.12.3.rel1.win32_1.0.200.202406191623/tools/bin/../lib/gcc/arm-none-eabi/12.3.1/thumb/v7e-m+fp/hard/crtbegin.o
 .text          0x080001c8       0x30 C:/ST/STM32CubeIDE_1.16.0/STM32CubeIDE/plugins/com.st.stm32cube.ide.mcu.externaltools.gnu-tools-for-stm32.12.3.rel1.win32_1.0.200.202406191623/tools/bin/../lib/gcc/arm-none-eabi/12.3.1/thumb/v7e-m+fp/hard\libgcc.a(_aeabi_uldivmod.o)
                0x080001c8                __aeabi_uldivmod
 .text          0x080001f8      0x2bc C:/ST/STM32CubeIDE_1.16.0/STM32CubeIDE/plugins/com.st.stm32cube.ide.mcu.externaltools.gnu-tools-for-stm32.12.3.rel1.win32_1.0.200.202406191623/tools/bin/../lib/gcc/arm-none-eabi/12.3.1/thumb/v7e-m+fp/hard\libgcc.a(_udivmoddi4.o)
                0x080001f8                __udivmoddi4
 .text          0x080004b4        0x4 C:/ST/STM32CubeIDE_1.16.0/STM32CubeIDE/plugins/com.st.stm32cube.ide.mcu.externaltools.gnu-tools-for-stm32.12.3.rel1.win32_1.0.200.202406191623/tools/bin/../lib/gcc/arm-none-eabi/12.3.1/thumb/v7e-m+fp/hard\libgcc.a(_dvmd_tls.o)
                0x080004b4                __aeabi_idiv0
                0x080004b4                __aeabi_ldiv0
 *(.text*)
 .text.HAL_UART_RxCpltCallback
                0x080004b8       0x70 ./Core/Src/main.o
                0x080004b8                HAL_UART_RxCpltCallback
 .text.HAL_SPI_TxCpltCallback
                0x08000528       0x30 ./Core/Src/main.o
                0x08000528                HAL_SPI_TxCpltCallback
 .text.HAL_SPI_RxCpltCallback
                0x08000558       0x70 ./Core/Src/main.o
                0x08000558                HAL_SPI_RxCpltCallback
 .text.HAL_SPI_ErrorCallback
                0x080005c8       0x14 ./Core/Src/main.o
                0x080005c8                HAL_SPI_ErrorCallback
 .text.HAL_I2C_SlaveRxCpltCallback
                0x080005dc       0x14 ./Core/Src/main.o
                0x080005dc                HAL_I2C_SlaveRxCpltCallback
 .text.HAL_I2C_SlaveTxCpltCallback
                0x080005f0       0x14 ./Core/Src/main.o
                0x080005f0                HAL_I2C_SlaveTxCpltCallback
 .text.main     0x08000604      0x198 ./Core/Src/main.o
                0x08000604                main
 .text.SystemClock_Config
                0x0800079c       0xbc ./Core/Src/main.o
                0x0800079c                SystemClock_Config
 .text.MX_CAN2_Init
                0x08000858       0x68 ./Core/Src/main.o
 .text.MX_I2C2_Init
                0x080008c0       0x5c ./Core/Src/main.o
 .text.MX_SPI1_Init
                0x0800091c       0x64 ./Core/Src/main.o
 .text.MX_USART1_UART_Init
                0x08000980       0x54 ./Core/Src/main.o
 .text.MX_GPIO_Init
                0x080009d4      0x114 ./Core/Src/main.o
 .text.process_cmd
                0x08000ae8      0x1ec ./Core/Src/main.o
                0x08000ae8                process_cmd
 .text.Error_Handler
                0x08000cd4        0xc ./Core/Src/main.o
                0x08000cd4                Error_Handler
 .text.HAL_MspInit
                0x08000ce0       0x50 ./Core/Src/stm32f4xx_hal_msp.o
                0x08000ce0                HAL_MspInit
 .text.HAL_CAN_MspInit
                0x08000d30       0xac ./Core/Src/stm32f4xx_hal_msp.o
                0x08000d30                HAL_CAN_MspInit
 .text.HAL_I2C_MspInit
                0x08000ddc       0xb0 ./Core/Src/stm32f4xx_hal_msp.o
                0x08000ddc                HAL_I2C_MspInit
 .text.HAL_SPI_MspInit
                0x08000e8c       0xa0 ./Core/Src/stm32f4xx_hal_msp.o
                0x08000e8c                HAL_SPI_MspInit
 .text.HAL_UART_MspInit
                0x08000f2c       0xa0 ./Core/Src/stm32f4xx_hal_msp.o
                0x08000f2c                HAL_UART_MspInit
 .text.NMI_Handler
                0x08000fcc        0x8 ./Core/Src/stm32f4xx_it.o
                0x08000fcc                NMI_Handler
 .text.HardFault_Handler
                0x08000fd4        0x8 ./Core/Src/stm32f4xx_it.o
                0x08000fd4                HardFault_Handler
 .text.MemManage_Handler
                0x08000fdc        0x8 ./Core/Src/stm32f4xx_it.o
                0x08000fdc                MemManage_Handler
 .text.BusFault_Handler
                0x08000fe4        0x8 ./Core/Src/stm32f4xx_it.o
                0x08000fe4                BusFault_Handler
 .text.UsageFault_Handler
                0x08000fec        0x8 ./Core/Src/stm32f4xx_it.o
                0x08000fec                UsageFault_Handler
 .text.SVC_Handler
                0x08000ff4        0xe ./Core/Src/stm32f4xx_it.o
                0x08000ff4                SVC_Handler
 .text.DebugMon_Handler
                0x08001002        0xe ./Core/Src/stm32f4xx_it.o
                0x08001002                DebugMon_Handler
 .text.PendSV_Handler
                0x08001010        0xe ./Core/Src/stm32f4xx_it.o
                0x08001010                PendSV_Handler
 .text.SysTick_Handler
                0x0800101e        0xc ./Core/Src/stm32f4xx_it.o
                0x0800101e                SysTick_Handler
 *fill*         0x0800102a        0x2 
 .text.I2C2_EV_IRQHandler
                0x0800102c       0x14 ./Core/Src/stm32f4xx_it.o
                0x0800102c                I2C2_EV_IRQHandler
 .text.I2C2_ER_IRQHandler
                0x08001040       0x14 ./Core/Src/stm32f4xx_it.o
                0x08001040                I2C2_ER_IRQHandler
 .text.SPI1_IRQHandler
                0x08001054       0x14 ./Core/Src/stm32f4xx_it.o
                0x08001054                SPI1_IRQHandler
 .text.USART1_IRQHandler
                0x08001068       0x14 ./Core/Src/stm32f4xx_it.o
                0x08001068                USART1_IRQHandler
 .text.SystemInit
                0x0800107c       0x24 ./Core/Src/system_stm32f4xx.o
                0x0800107c                SystemInit
 .text.Reset_Handler
                0x080010a0       0x50 ./Core/Startup/startup_stm32f407vgtx.o
                0x080010a0                Reset_Handler
 .text.Default_Handler
                0x080010f0        0x2 ./Core/Startup/startup_stm32f407vgtx.o
                0x080010f0                RTC_Alarm_IRQHandler
                0x080010f0                HASH_RNG_IRQHandler
                0x080010f0                EXTI2_IRQHandler
                0x080010f0                TIM8_CC_IRQHandler
                0x080010f0                TIM1_CC_IRQHandler
                0x080010f0                DMA2_Stream5_IRQHandler
                0x080010f0                DMA1_Stream5_IRQHandler
                0x080010f0                PVD_IRQHandler
                0x080010f0                SDIO_IRQHandler
                0x080010f0                TAMP_STAMP_IRQHandler
                0x080010f0                CAN2_RX1_IRQHandler
                0x080010f0                EXTI3_IRQHandler
                0x080010f0                TIM8_TRG_COM_TIM14_IRQHandler
                0x080010f0                TIM1_UP_TIM10_IRQHandler
                0x080010f0                TIM8_UP_TIM13_IRQHandler
                0x080010f0                I2C3_ER_IRQHandler
                0x080010f0                EXTI0_IRQHandler
                0x080010f0                DMA1_Stream2_IRQHandler
                0x080010f0                CAN1_RX0_IRQHandler
                0x080010f0                FPU_IRQHandler
                0x080010f0                OTG_HS_WKUP_IRQHandler
                0x080010f0                CAN2_SCE_IRQHandler
                0x080010f0                DMA2_Stream2_IRQHandler
                0x080010f0                TIM6_DAC_IRQHandler
                0x080010f0                TIM1_BRK_TIM9_IRQHandler
                0x080010f0                DCMI_IRQHandler
                0x080010f0                CAN2_RX0_IRQHandler
                0x080010f0                DMA2_Stream3_IRQHandler
                0x080010f0                USART6_IRQHandler
                0x080010f0                USART3_IRQHandler
                0x080010f0                CAN1_RX1_IRQHandler
                0x080010f0                UART5_IRQHandler
                0x080010f0                DMA2_Stream0_IRQHandler
                0x080010f0                TIM4_IRQHandler
                0x080010f0                I2C1_EV_IRQHandler
                0x080010f0                DMA1_Stream6_IRQHandler
                0x080010f0                DMA1_Stream1_IRQHandler
                0x080010f0                UART4_IRQHandler
                0x080010f0                TIM3_IRQHandler
                0x080010f0                RCC_IRQHandler
                0x080010f0                TIM8_BRK_TIM12_IRQHandler
                0x080010f0                Default_Handler
                0x080010f0                EXTI15_10_IRQHandler
                0x080010f0                ADC_IRQHandler
                0x080010f0                DMA1_Stream7_IRQHandler
                0x080010f0                TIM7_IRQHandler
                0x080010f0                CAN2_TX_IRQHandler
                0x080010f0                TIM5_IRQHandler
                0x080010f0                DMA2_Stream7_IRQHandler
                0x080010f0                I2C3_EV_IRQHandler
                0x080010f0                EXTI9_5_IRQHandler
                0x080010f0                RTC_WKUP_IRQHandler
                0x080010f0                ETH_WKUP_IRQHandler
                0x080010f0                SPI2_IRQHandler
                0x080010f0                OTG_HS_EP1_IN_IRQHandler
                0x080010f0                DMA1_Stream0_IRQHandler
                0x080010f0                CAN1_TX_IRQHandler
                0x080010f0                EXTI4_IRQHandler
                0x080010f0                FSMC_IRQHandler
                0x080010f0                ETH_IRQHandler
                0x080010f0                OTG_HS_EP1_OUT_IRQHandler
                0x080010f0                WWDG_IRQHandler
                0x080010f0                TIM2_IRQHandler
                0x080010f0                OTG_FS_WKUP_IRQHandler
                0x080010f0                TIM1_TRG_COM_TIM11_IRQHandler
                0x080010f0                OTG_HS_IRQHandler
                0x080010f0                EXTI1_IRQHandler
                0x080010f0                USART2_IRQHandler
                0x080010f0                DMA2_Stream1_IRQHandler
                0x080010f0                CAN1_SCE_IRQHandler
                0x080010f0                FLASH_IRQHandler
                0x080010f0                DMA2_Stream4_IRQHandler
                0x080010f0                OTG_FS_IRQHandler
                0x080010f0                SPI3_IRQHandler
                0x080010f0                DMA1_Stream4_IRQHandler
                0x080010f0                I2C1_ER_IRQHandler
                0x080010f0                DMA2_Stream6_IRQHandler
                0x080010f0                DMA1_Stream3_IRQHandler
 *fill*         0x080010f2        0x2 
 .text.HAL_Init
                0x080010f4       0x44 ./Drivers/STM32F4xx_HAL_Driver/Src/stm32f4xx_hal.o
                0x080010f4                HAL_Init
 .text.HAL_InitTick
                0x08001138       0x60 ./Drivers/STM32F4xx_HAL_Driver/Src/stm32f4xx_hal.o
                0x08001138                HAL_InitTick
 .text.HAL_IncTick
                0x08001198       0x28 ./Drivers/STM32F4xx_HAL_Driver/Src/stm32f4xx_hal.o
                0x08001198                HAL_IncTick
 .text.HAL_GetTick
                0x080011c0       0x18 ./Drivers/STM32F4xx_HAL_Driver/Src/stm32f4xx_hal.o
                0x080011c0                HAL_GetTick
 .text.HAL_CAN_Init
                0x080011d8      0x1f6 ./Drivers/STM32F4xx_HAL_Driver/Src/stm32f4xx_hal_can.o
                0x080011d8                HAL_CAN_Init
 *fill*         0x080013ce        0x2 
 .text.__NVIC_SetPriorityGrouping
                0x080013d0       0x48 ./Drivers/STM32F4xx_HAL_Driver/Src/stm32f4xx_hal_cortex.o
 .text.__NVIC_GetPriorityGrouping
                0x08001418       0x1c ./Drivers/STM32F4xx_HAL_Driver/Src/stm32f4xx_hal_cortex.o
 .text.__NVIC_EnableIRQ
                0x08001434       0x3c ./Drivers/STM32F4xx_HAL_Driver/Src/stm32f4xx_hal_cortex.o
 .text.__NVIC_SetPriority
                0x08001470       0x54 ./Drivers/STM32F4xx_HAL_Driver/Src/stm32f4xx_hal_cortex.o
 .text.NVIC_EncodePriority
                0x080014c4       0x66 ./Drivers/STM32F4xx_HAL_Driver/Src/stm32f4xx_hal_cortex.o
 *fill*         0x0800152a        0x2 
 .text.SysTick_Config
                0x0800152c       0x44 ./Drivers/STM32F4xx_HAL_Driver/Src/stm32f4xx_hal_cortex.o
 .text.HAL_NVIC_SetPriorityGrouping
                0x08001570       0x16 ./Drivers/STM32F4xx_HAL_Driver/Src/stm32f4xx_hal_cortex.o
                0x08001570                HAL_NVIC_SetPriorityGrouping
 .text.HAL_NVIC_SetPriority
                0x08001586       0x38 ./Drivers/STM32F4xx_HAL_Driver/Src/stm32f4xx_hal_cortex.o
                0x08001586                HAL_NVIC_SetPriority
 .text.HAL_NVIC_EnableIRQ
                0x080015be       0x1c ./Drivers/STM32F4xx_HAL_Driver/Src/stm32f4xx_hal_cortex.o
                0x080015be                HAL_NVIC_EnableIRQ
 .text.HAL_SYSTICK_Config
                0x080015da       0x18 ./Drivers/STM32F4xx_HAL_Driver/Src/stm32f4xx_hal_cortex.o
                0x080015da                HAL_SYSTICK_Config
 .text.HAL_DMA_Abort
                0x080015f2       0xe0 ./Drivers/STM32F4xx_HAL_Driver/Src/stm32f4xx_hal_dma.o
                0x080015f2                HAL_DMA_Abort
 .text.HAL_DMA_Abort_IT
                0x080016d2       0x44 ./Drivers/STM32F4xx_HAL_Driver/Src/stm32f4xx_hal_dma.o
                0x080016d2                HAL_DMA_Abort_IT
 .text.HAL_DMA_GetState
                0x08001716       0x1c ./Drivers/STM32F4xx_HAL_Driver/Src/stm32f4xx_hal_dma.o
                0x08001716                HAL_DMA_GetState
 *fill*         0x08001732        0x2 
 .text.HAL_GPIO_Init
                0x08001734      0x338 ./Drivers/STM32F4xx_HAL_Driver/Src/stm32f4xx_hal_gpio.o
                0x08001734                HAL_GPIO_Init
 .text.HAL_GPIO_WritePin
                0x08001a6c       0x32 ./Drivers/STM32F4xx_HAL_Driver/Src/stm32f4xx_hal_gpio.o
                0x08001a6c                HAL_GPIO_WritePin
 *fill*         0x08001a9e        0x2 
 .text.HAL_I2C_Init
                0x08001aa0      0x288 ./Drivers/STM32F4xx_HAL_Driver/Src/stm32f4xx_hal_i2c.o
                0x08001aa0                HAL_I2C_Init
 .text.I2C_Flush_DR
                0x08001d28       0x2a ./Drivers/STM32F4xx_HAL_Driver/Src/stm32f4xx_hal_i2c.o
 .text.HAL_I2C_EV_IRQHandler
                0x08001d52      0x2a6 ./Drivers/STM32F4xx_HAL_Driver/Src/stm32f4xx_hal_i2c.o
                0x08001d52                HAL_I2C_EV_IRQHandler
 .text.HAL_I2C_ER_IRQHandler
                0x08001ff8      0x13e ./Drivers/STM32F4xx_HAL_Driver/Src/stm32f4xx_hal_i2c.o
                0x08001ff8                HAL_I2C_ER_IRQHandler
 .text.HAL_I2C_MasterTxCpltCallback
                0x08002136       0x14 ./Drivers/STM32F4xx_HAL_Driver/Src/stm32f4xx_hal_i2c.o
                0x08002136                HAL_I2C_MasterTxCpltCallback
 .text.HAL_I2C_MasterRxCpltCallback
                0x0800214a       0x14 ./Drivers/STM32F4xx_HAL_Driver/Src/stm32f4xx_hal_i2c.o
                0x0800214a                HAL_I2C_MasterRxCpltCallback
 .text.HAL_I2C_AddrCallback
                0x0800215e       0x1c ./Drivers/STM32F4xx_HAL_Driver/Src/stm32f4xx_hal_i2c.o
                0x0800215e                HAL_I2C_AddrCallback
 .text.HAL_I2C_ListenCpltCallback
                0x0800217a       0x14 ./Drivers/STM32F4xx_HAL_Driver/Src/stm32f4xx_hal_i2c.o
                0x0800217a                HAL_I2C_ListenCpltCallback
 .text.HAL_I2C_MemTxCpltCallback
                0x0800218e       0x14 ./Drivers/STM32F4xx_HAL_Driver/Src/stm32f4xx_hal_i2c.o
                0x0800218e                HAL_I2C_MemTxCpltCallback
 .text.HAL_I2C_MemRxCpltCallback
                0x080021a2       0x14 ./Drivers/STM32F4xx_HAL_Driver/Src/stm32f4xx_hal_i2c.o
                0x080021a2                HAL_I2C_MemRxCpltCallback
 .text.HAL_I2C_ErrorCallback
                0x080021b6       0x14 ./Drivers/STM32F4xx_HAL_Driver/Src/stm32f4xx_hal_i2c.o
                0x080021b6                HAL_I2C_ErrorCallback
 .text.HAL_I2C_AbortCpltCallback
                0x080021ca       0x14 ./Drivers/STM32F4xx_HAL_Driver/Src/stm32f4xx_hal_i2c.o
                0x080021ca                HAL_I2C_AbortCpltCallback
 .text.I2C_MasterTransmit_TXE
                0x080021de      0x138 ./Drivers/STM32F4xx_HAL_Driver/Src/stm32f4xx_hal_i2c.o
 .text.I2C_MasterTransmit_BTF
                0x08002316       0xec ./Drivers/STM32F4xx_HAL_Driver/Src/stm32f4xx_hal_i2c.o
 .text.I2C_MemoryTransmit_TXE_BTF
                0x08002402      0x130 ./Drivers/STM32F4xx_HAL_Driver/Src/stm32f4xx_hal_i2c.o
 .text.I2C_MasterReceive_RXNE
                0x08002532      0x190 ./Drivers/STM32F4xx_HAL_Driver/Src/stm32f4xx_hal_i2c.o
 .text.I2C_MasterReceive_BTF
                0x080026c2      0x1ea ./Drivers/STM32F4xx_HAL_Driver/Src/stm32f4xx_hal_i2c.o
 .text.I2C_Master_SB
                0x080028ac      0x10c ./Drivers/STM32F4xx_HAL_Driver/Src/stm32f4xx_hal_i2c.o
 .text.I2C_Master_ADD10
                0x080029b8       0x54 ./Drivers/STM32F4xx_HAL_Driver/Src/stm32f4xx_hal_i2c.o
 .text.I2C_Master_ADDR
                0x08002a0c      0x322 ./Drivers/STM32F4xx_HAL_Driver/Src/stm32f4xx_hal_i2c.o
 .text.I2C_SlaveTransmit_TXE
                0x08002d2e       0x7a ./Drivers/STM32F4xx_HAL_Driver/Src/stm32f4xx_hal_i2c.o
 .text.I2C_SlaveTransmit_BTF
                0x08002da8       0x42 ./Drivers/STM32F4xx_HAL_Driver/Src/stm32f4xx_hal_i2c.o
 .text.I2C_SlaveReceive_RXNE
                0x08002dea       0x7c ./Drivers/STM32F4xx_HAL_Driver/Src/stm32f4xx_hal_i2c.o
 .text.I2C_SlaveReceive_BTF
                0x08002e66       0x44 ./Drivers/STM32F4xx_HAL_Driver/Src/stm32f4xx_hal_i2c.o
 .text.I2C_Slave_ADDR
                0x08002eaa       0x90 ./Drivers/STM32F4xx_HAL_Driver/Src/stm32f4xx_hal_i2c.o
 *fill*         0x08002f3a        0x2 
 .text.I2C_Slave_STOPF
                0x08002f3c      0x260 ./Drivers/STM32F4xx_HAL_Driver/Src/stm32f4xx_hal_i2c.o
 .text.I2C_Slave_AF
                0x0800319c       0xe8 ./Drivers/STM32F4xx_HAL_Driver/Src/stm32f4xx_hal_i2c.o
 .text.I2C_ITError
                0x08003284      0x264 ./Drivers/STM32F4xx_HAL_Driver/Src/stm32f4xx_hal_i2c.o
 .text.I2C_DMAAbort
                0x080034e8      0x150 ./Drivers/STM32F4xx_HAL_Driver/Src/stm32f4xx_hal_i2c.o
 .text.I2C_WaitOnSTOPRequestThroughIT
                0x08003638       0x64 ./Drivers/STM32F4xx_HAL_Driver/Src/stm32f4xx_hal_i2c.o
 .text.I2C_ConvertOtherXferOptions
                0x0800369c       0x36 ./Drivers/STM32F4xx_HAL_Driver/Src/stm32f4xx_hal_i2c.o
 *fill*         0x080036d2        0x2 
 .text.HAL_RCC_OscConfig
                0x080036d4      0x4f0 ./Drivers/STM32F4xx_HAL_Driver/Src/stm32f4xx_hal_rcc.o
                0x080036d4                HAL_RCC_OscConfig
 .text.HAL_RCC_ClockConfig
                0x08003bc4      0x1cc ./Drivers/STM32F4xx_HAL_Driver/Src/stm32f4xx_hal_rcc.o
                0x08003bc4                HAL_RCC_ClockConfig
 .text.HAL_RCC_GetSysClockFreq
                0x08003d90      0x20c ./Drivers/STM32F4xx_HAL_Driver/Src/stm32f4xx_hal_rcc.o
                0x08003d90                HAL_RCC_GetSysClockFreq
 .text.HAL_RCC_GetHCLKFreq
                0x08003f9c       0x18 ./Drivers/STM32F4xx_HAL_Driver/Src/stm32f4xx_hal_rcc.o
                0x08003f9c                HAL_RCC_GetHCLKFreq
 .text.HAL_RCC_GetPCLK1Freq
                0x08003fb4       0x28 ./Drivers/STM32F4xx_HAL_Driver/Src/stm32f4xx_hal_rcc.o
                0x08003fb4                HAL_RCC_GetPCLK1Freq
 .text.HAL_RCC_GetPCLK2Freq
                0x08003fdc       0x28 ./Drivers/STM32F4xx_HAL_Driver/Src/stm32f4xx_hal_rcc.o
                0x08003fdc                HAL_RCC_GetPCLK2Freq
 .text.HAL_SPI_Init
                0x08004004      0x112 ./Drivers/STM32F4xx_HAL_Driver/Src/stm32f4xx_hal_spi.o
                0x08004004                HAL_SPI_Init
 *fill*         0x08004116        0x2 
 .text.HAL_SPI_Transmit_IT
                0x08004118      0x108 ./Drivers/STM32F4xx_HAL_Driver/Src/stm32f4xx_hal_spi.o
                0x08004118                HAL_SPI_Transmit_IT
 .text.HAL_SPI_Receive_IT
                0x08004220      0x130 ./Drivers/STM32F4xx_HAL_Driver/Src/stm32f4xx_hal_spi.o
                0x08004220                HAL_SPI_Receive_IT
 .text.HAL_SPI_TransmitReceive_IT
                0x08004350      0x11c ./Drivers/STM32F4xx_HAL_Driver/Src/stm32f4xx_hal_spi.o
                0x08004350                HAL_SPI_TransmitReceive_IT
 .text.HAL_SPI_IRQHandler
                0x0800446c      0x1e8 ./Drivers/STM32F4xx_HAL_Driver/Src/stm32f4xx_hal_spi.o
                0x0800446c                HAL_SPI_IRQHandler
 .text.HAL_SPI_TxRxCpltCallback
                0x08004654       0x14 ./Drivers/STM32F4xx_HAL_Driver/Src/stm32f4xx_hal_spi.o
                0x08004654                HAL_SPI_TxRxCpltCallback
 .text.SPI_DMAAbortOnError
                0x08004668       0x28 ./Drivers/STM32F4xx_HAL_Driver/Src/stm32f4xx_hal_spi.o
 .text.SPI_2linesRxISR_8BIT
                0x08004690       0x64 ./Drivers/STM32F4xx_HAL_Driver/Src/stm32f4xx_hal_spi.o
 .text.SPI_2linesTxISR_8BIT
                0x080046f4       0x60 ./Drivers/STM32F4xx_HAL_Driver/Src/stm32f4xx_hal_spi.o
 .text.SPI_2linesRxISR_16BIT
                0x08004754       0x60 ./Drivers/STM32F4xx_HAL_Driver/Src/stm32f4xx_hal_spi.o
 .text.SPI_2linesTxISR_16BIT
                0x080047b4       0x5e ./Drivers/STM32F4xx_HAL_Driver/Src/stm32f4xx_hal_spi.o
 .text.SPI_RxISR_8BIT
                0x08004812       0x4a ./Drivers/STM32F4xx_HAL_Driver/Src/stm32f4xx_hal_spi.o
 .text.SPI_RxISR_16BIT
                0x0800485c       0x46 ./Drivers/STM32F4xx_HAL_Driver/Src/stm32f4xx_hal_spi.o
 .text.SPI_TxISR_8BIT
                0x080048a2       0x46 ./Drivers/STM32F4xx_HAL_Driver/Src/stm32f4xx_hal_spi.o
 .text.SPI_TxISR_16BIT
                0x080048e8       0x44 ./Drivers/STM32F4xx_HAL_Driver/Src/stm32f4xx_hal_spi.o
 .text.SPI_WaitFlagStateUntilTimeout
                0x0800492c      0x110 ./Drivers/STM32F4xx_HAL_Driver/Src/stm32f4xx_hal_spi.o
 .text.SPI_EndRxTransaction
                0x08004a3c       0xca ./Drivers/STM32F4xx_HAL_Driver/Src/stm32f4xx_hal_spi.o
 *fill*         0x08004b06        0x2 
 .text.SPI_EndRxTxTransaction
                0x08004b08       0xa8 ./Drivers/STM32F4xx_HAL_Driver/Src/stm32f4xx_hal_spi.o
 .text.SPI_CloseRxTx_ISR
                0x08004bb0       0xe8 ./Drivers/STM32F4xx_HAL_Driver/Src/stm32f4xx_hal_spi.o
 .text.SPI_CloseRx_ISR
                0x08004c98       0x7e ./Drivers/STM32F4xx_HAL_Driver/Src/stm32f4xx_hal_spi.o
 *fill*         0x08004d16        0x2 
 .text.SPI_CloseTx_ISR
                0x08004d18       0xc4 ./Drivers/STM32F4xx_HAL_Driver/Src/stm32f4xx_hal_spi.o
 .text.HAL_UART_Init
                0x08004ddc       0xa0 ./Drivers/STM32F4xx_HAL_Driver/Src/stm32f4xx_hal_uart.o
                0x08004ddc                HAL_UART_Init
 .text.HAL_UART_Transmit
                0x08004e7c      0x116 ./Drivers/STM32F4xx_HAL_Driver/Src/stm32f4xx_hal_uart.o
                0x08004e7c                HAL_UART_Transmit
 .text.HAL_UART_Receive_IT
                0x08004f92       0x4a ./Drivers/STM32F4xx_HAL_Driver/Src/stm32f4xx_hal_uart.o
                0x08004f92                HAL_UART_Receive_IT
 .text.HAL_UART_IRQHandler
                0x08004fdc      0x524 ./Drivers/STM32F4xx_HAL_Driver/Src/stm32f4xx_hal_uart.o
                0x08004fdc                HAL_UART_IRQHandler
 .text.HAL_UART_TxCpltCallback
                0x08005500       0x14 ./Drivers/STM32F4xx_HAL_Driver/Src/stm32f4xx_hal_uart.o
                0x08005500                HAL_UART_TxCpltCallback
 .text.HAL_UART_ErrorCallback
                0x08005514       0x14 ./Drivers/STM32F4xx_HAL_Driver/Src/stm32f4xx_hal_uart.o
                0x08005514                HAL_UART_ErrorCallback
 .text.HAL_UARTEx_RxEventCallback
                0x08005528       0x18 ./Drivers/STM32F4xx_HAL_Driver/Src/stm32f4xx_hal_uart.o
                0x08005528                HAL_UARTEx_RxEventCallback
 .text.UART_WaitOnFlagUntilTimeout
                0x08005540       0xb2 ./Drivers/STM32F4xx_HAL_Driver/Src/stm32f4xx_hal_uart.o
 .text.UART_Start_Receive_IT
                0x080055f2       0x74 ./Drivers/STM32F4xx_HAL_Driver/Src/stm32f4xx_hal_uart.o
                0x080055f2                UART_Start_Receive_IT
 .text.UART_EndRxTransfer
                0x08005666       0xc6 ./Drivers/STM32F4xx_HAL_Driver/Src/stm32f4xx_hal_uart.o
 .text.UART_DMAAbortOnError
                0x0800572c       0x28 ./Drivers/STM32F4xx_HAL_Driver/Src/stm32f4xx_hal_uart.o
 .text.UART_Transmit_IT
                0x08005754       0xa0 ./Drivers/STM32F4xx_HAL_Driver/Src/stm32f4xx_hal_uart.o
 .text.UART_EndTransmit_IT
                0x080057f4       0x30 ./Drivers/STM32F4xx_HAL_Driver/Src/stm32f4xx_hal_uart.o
 .text.UART_Receive_IT
                0x08005824      0x17c ./Drivers/STM32F4xx_HAL_Driver/Src/stm32f4xx_hal_uart.o
 .text.UART_SetConfig
                0x080059a0      0x4e8 ./Drivers/STM32F4xx_HAL_Driver/Src/stm32f4xx_hal_uart.o
 .text.aes_gen_tables
                0x08005e88      0x498 ./library/aes.o
 .text.mbedtls_aes_init
                0x08006320       0x1c ./library/aes.o
                0x08006320                mbedtls_aes_init
 .text.mbedtls_aes_free
                0x0800633c       0x22 ./library/aes.o
                0x0800633c                mbedtls_aes_free
 *fill*         0x0800635e        0x2 
 .text.mbedtls_aes_setkey_enc
                0x08006360      0x3e8 ./library/aes.o
                0x08006360                mbedtls_aes_setkey_enc
 .text.mbedtls_aes_setkey_dec
                0x08006748      0x26c ./library/aes.o
                0x08006748                mbedtls_aes_setkey_dec
 .text.mbedtls_internal_aes_encrypt
                0x080069b4      0x66c ./library/aes.o
                0x080069b4                mbedtls_internal_aes_encrypt
 .text.mbedtls_internal_aes_decrypt
                0x08007020      0x66c ./library/aes.o
                0x08007020                mbedtls_internal_aes_decrypt
 .text.mbedtls_aes_crypt_ecb
                0x0800768c       0x36 ./library/aes.o
                0x0800768c                mbedtls_aes_crypt_ecb
 .text.mbedtls_des_init
                0x080076c2       0x1a ./library/des.o
                0x080076c2                mbedtls_des_init
 .text.mbedtls_des_setkey
                0x080076dc      0x3f8 ./library/des.o
                0x080076dc                mbedtls_des_setkey
 .text.mbedtls_des_setkey_enc
                0x08007ad4       0x1e ./library/des.o
                0x08007ad4                mbedtls_des_setkey_enc
 .text.mbedtls_des_setkey_dec
                0x08007af2       0x94 ./library/des.o
                0x08007af2                mbedtls_des_setkey_dec
 *fill*         0x08007b86        0x2 
 .text.mbedtls_des_crypt_ecb
                0x08007b88      0x394 ./library/des.o
                0x08007b88                mbedtls_des_crypt_ecb
 .text.mbedtls_platform_zeroize
                0x08007f1c       0x28 ./library/platform_util.o
                0x08007f1c                mbedtls_platform_zeroize
 .text.memset   0x08007f44       0x10 C:/ST/STM32CubeIDE_1.16.0/STM32CubeIDE/plugins/com.st.stm32cube.ide.mcu.externaltools.gnu-tools-for-stm32.12.3.rel1.win32_1.0.200.202406191623/tools/bin/../lib/gcc/arm-none-eabi/12.3.1/../../../../arm-none-eabi/lib/thumb/v7e-m+fp/hard\libc_nano.a(libc_a-memset.o)
                0x08007f44                memset
 .text.__libc_init_array
                0x08007f54       0x48 C:/ST/STM32CubeIDE_1.16.0/STM32CubeIDE/plugins/com.st.stm32cube.ide.mcu.externaltools.gnu-tools-for-stm32.12.3.rel1.win32_1.0.200.202406191623/tools/bin/../lib/gcc/arm-none-eabi/12.3.1/../../../../arm-none-eabi/lib/thumb/v7e-m+fp/hard\libc_nano.a(libc_a-init.o)
                0x08007f54                __libc_init_array
 *(.glue_7)
 .glue_7        0x08007f9c        0x0 linker stubs
 *(.glue_7t)
 .glue_7t       0x08007f9c        0x0 linker stubs
 *(.eh_frame)
 .eh_frame      0x08007f9c        0x0 C:/ST/STM32CubeIDE_1.16.0/STM32CubeIDE/plugins/com.st.stm32cube.ide.mcu.externaltools.gnu-tools-for-stm32.12.3.rel1.win32_1.0.200.202406191623/tools/bin/../lib/gcc/arm-none-eabi/12.3.1/thumb/v7e-m+fp/hard/crtbegin.o
 *(.init)
 .init          0x08007f9c        0x4 C:/ST/STM32CubeIDE_1.16.0/STM32CubeIDE/plugins/com.st.stm32cube.ide.mcu.externaltools.gnu-tools-for-stm32.12.3.rel1.win32_1.0.200.202406191623/tools/bin/../lib/gcc/arm-none-eabi/12.3.1/thumb/v7e-m+fp/hard/crti.o
                0x08007f9c                _init
 .init          0x08007fa0        0x8 C:/ST/STM32CubeIDE_1.16.0/STM32CubeIDE/plugins/com.st.stm32cube.ide.mcu.externaltools.gnu-tools-for-stm32.12.3.rel1.win32_1.0.200.202406191623/tools/bin/../lib/gcc/arm-none-eabi/12.3.1/thumb/v7e-m+fp/hard/crtn.o
 *(.fini)
 .fini          0x08007fa8        0x4 C:/ST/STM32CubeIDE_1.16.0/STM32CubeIDE/plugins/com.st.stm32cube.ide.mcu.externaltools.gnu-tools-for-stm32.12.3.rel1.win32_1.0.200.202406191623/tools/bin/../lib/gcc/arm-none-eabi/12.3.1/thumb/v7e-m+fp/hard/crti.o
                0x08007fa8                _fini
 .fini          0x08007fac        0x8 C:/ST/STM32CubeIDE_1.16.0/STM32CubeIDE/plugins/com.st.stm32cube.ide.mcu.externaltools.gnu-tools-for-stm32.12.3.rel1.win32_1.0.200.202406191623/tools/bin/../lib/gcc/arm-none-eabi/12.3.1/thumb/v7e-m+fp/hard/crtn.o
                0x08007fb4                        . = ALIGN (0x4)
                0x08007fb4                        _etext = .

.vfp11_veneer   0x08007fb4        0x0
 .vfp11_veneer  0x08007fb4        0x0 linker stubs

.v4_bx          0x08007fb4        0x0
 .v4_bx         0x08007fb4        0x0 linker stubs

.iplt           0x08007fb4        0x0
 .iplt          0x08007fb4        0x0 C:/ST/STM32CubeIDE_1.16.0/STM32CubeIDE/plugins/com.st.stm32cube.ide.mcu.externaltools.gnu-tools-for-stm32.12.3.rel1.win32_1.0.200.202406191623/tools/bin/../lib/gcc/arm-none-eabi/12.3.1/thumb/v7e-m+fp/hard/crtbegin.o

.rodata         0x08007fb4      0x898
                0x08007fb4                        . = ALIGN (0x4)
 *(.rodata)
 *(.rodata*)
 .rodata.AHBPrescTable
                0x08007fb4       0x10 ./Core/Src/system_stm32f4xx.o
                0x08007fb4                AHBPrescTable
 .rodata.APBPrescTable
                0x08007fc4        0x8 ./Core/Src/system_stm32f4xx.o
                0x08007fc4                APBPrescTable
 .rodata.SB1    0x08007fcc      0x100 ./library/des.o
 .rodata.SB2    0x080080cc      0x100 ./library/des.o
 .rodata.SB3    0x080081cc      0x100 ./library/des.o
 .rodata.SB4    0x080082cc      0x100 ./library/des.o
 .rodata.SB5    0x080083cc      0x100 ./library/des.o
 .rodata.SB6    0x080084cc      0x100 ./library/des.o
 .rodata.SB7    0x080085cc      0x100 ./library/des.o
 .rodata.SB8    0x080086cc      0x100 ./library/des.o
 .rodata.LHs    0x080087cc       0x40 ./library/des.o
 .rodata.RHs    0x0800880c       0x40 ./library/des.o
                0x0800884c                        . = ALIGN (0x4)

.ARM.extab      0x0800884c        0x0
                0x0800884c                        . = ALIGN (0x4)
 *(.ARM.extab* .gnu.linkonce.armextab.*)
                0x0800884c                        . = ALIGN (0x4)

.ARM            0x0800884c        0x8
                0x0800884c                        . = ALIGN (0x4)
                0x0800884c                        __exidx_start = .
 *(.ARM.exidx*)
 .ARM.exidx     0x0800884c        0x8 C:/ST/STM32CubeIDE_1.16.0/STM32CubeIDE/plugins/com.st.stm32cube.ide.mcu.externaltools.gnu-tools-for-stm32.12.3.rel1.win32_1.0.200.202406191623/tools/bin/../lib/gcc/arm-none-eabi/12.3.1/thumb/v7e-m+fp/hard\libgcc.a(_udivmoddi4.o)
                0x08008854                        __exidx_end = .
                0x08008854                        . = ALIGN (0x4)

.preinit_array  0x08008854        0x0
                0x08008854                        . = ALIGN (0x4)
                0x08008854                        PROVIDE (__preinit_array_start = .)
 *(.preinit_array*)
                0x08008854                        PROVIDE (__preinit_array_end = .)
                0x08008854                        . = ALIGN (0x4)

.init_array     0x08008854        0x4
                0x08008854                        . = ALIGN (0x4)
                0x08008854                        PROVIDE (__init_array_start = .)
 *(SORT_BY_NAME(.init_array.*))
 *(.init_array*)
 .init_array    0x08008854        0x4 C:/ST/STM32CubeIDE_1.16.0/STM32CubeIDE/plugins/com.st.stm32cube.ide.mcu.externaltools.gnu-tools-for-stm32.12.3.rel1.win32_1.0.200.202406191623/tools/bin/../lib/gcc/arm-none-eabi/12.3.1/thumb/v7e-m+fp/hard/crtbegin.o
                0x08008858                        PROVIDE (__init_array_end = .)
                0x08008858                        . = ALIGN (0x4)

.fini_array     0x08008858        0x4
                0x08008858                        . = ALIGN (0x4)
                [!provide]                        PROVIDE (__fini_array_start = .)
 *(SORT_BY_NAME(.fini_array.*))
 *(.fini_array*)
 .fini_array    0x08008858        0x4 C:/ST/STM32CubeIDE_1.16.0/STM32CubeIDE/plugins/com.st.stm32cube.ide.mcu.externaltools.gnu-tools-for-stm32.12.3.rel1.win32_1.0.200.202406191623/tools/bin/../lib/gcc/arm-none-eabi/12.3.1/thumb/v7e-m+fp/hard/crtbegin.o
                [!provide]                        PROVIDE (__fini_array_end = .)
                0x0800885c                        . = ALIGN (0x4)
                0x0800885c                        _sidata = LOADADDR (.data)

.rel.dyn        0x0800885c        0x0
 .rel.iplt      0x0800885c        0x0 C:/ST/STM32CubeIDE_1.16.0/STM32CubeIDE/plugins/com.st.stm32cube.ide.mcu.externaltools.gnu-tools-for-stm32.12.3.rel1.win32_1.0.200.202406191623/tools/bin/../lib/gcc/arm-none-eabi/12.3.1/thumb/v7e-m+fp/hard/crtbegin.o

.data           0x20000000       0x14 load address 0x0800885c
                0x20000000                        . = ALIGN (0x4)
                0x20000000                        _sdata = .
 *(.data)
 *(.data*)
 .data.key_length
                0x20000000        0x4 ./Core/Src/main.o
                0x20000000                key_length
 .data.SystemCoreClock
                0x20000004        0x4 ./Core/Src/system_stm32f4xx.o
                0x20000004                SystemCoreClock
 .data.uwTickPrio
                0x20000008        0x4 ./Drivers/STM32F4xx_HAL_Driver/Src/stm32f4xx_hal.o
                0x20000008                uwTickPrio
 .data.uwTickFreq
                0x2000000c        0x1 ./Drivers/STM32F4xx_HAL_Driver/Src/stm32f4xx_hal.o
                0x2000000c                uwTickFreq
 *fill*         0x2000000d        0x3 
 .data.memset_func
                0x20000010        0x4 ./library/platform_util.o
 *(.RamFunc)
 *(.RamFunc*)
                0x20000014                        . = ALIGN (0x4)
                0x20000014                        _edata = .
                0x08008870                        _siccmram = LOADADDR (.ccmram)

.igot.plt       0x20000014        0x0 load address 0x08008870
 .igot.plt      0x20000014        0x0 C:/ST/STM32CubeIDE_1.16.0/STM32CubeIDE/plugins/com.st.stm32cube.ide.mcu.externaltools.gnu-tools-for-stm32.12.3.rel1.win32_1.0.200.202406191623/tools/bin/../lib/gcc/arm-none-eabi/12.3.1/thumb/v7e-m+fp/hard/crtbegin.o

.ccmram         0x10000000        0x0 load address 0x08008870
                0x10000000                        . = ALIGN (0x4)
                0x10000000                        _sccmram = .
 *(.ccmram)
 *(.ccmram*)
                0x10000000                        . = ALIGN (0x4)
                0x10000000                        _eccmram = .
                0x10000000                        . = ALIGN (0x4)

.bss            0x20000014     0x2590
                0x20000014                        _sbss = .
                0x20000014                        __bss_start__ = _sbss
 *(.bss)
 .bss           0x20000014       0x1c C:/ST/STM32CubeIDE_1.16.0/STM32CubeIDE/plugins/com.st.stm32cube.ide.mcu.externaltools.gnu-tools-for-stm32.12.3.rel1.win32_1.0.200.202406191623/tools/bin/../lib/gcc/arm-none-eabi/12.3.1/thumb/v7e-m+fp/hard/crtbegin.o
 *(.bss*)
 .bss.hcan2     0x20000030       0x28 ./Core/Src/main.o
                0x20000030                hcan2
 .bss.hi2c2     0x20000058       0x54 ./Core/Src/main.o
                0x20000058                hi2c2
 .bss.hspi1     0x200000ac       0x58 ./Core/Src/main.o
                0x200000ac                hspi1
 .bss.huart1    0x20000104       0x48 ./Core/Src/main.o
                0x20000104                huart1
 .bss.flag_uart
                0x2000014c        0x1 ./Core/Src/main.o
                0x2000014c                flag_uart
 .bss.flag_spi  0x2000014d        0x1 ./Core/Src/main.o
                0x2000014d                flag_spi
 .bss.flag_i2c  0x2000014e        0x1 ./Core/Src/main.o
                0x2000014e                flag_i2c
 .bss.flag_can  0x2000014f        0x1 ./Core/Src/main.o
                0x2000014f                flag_can
 .bss.flag_cmd_payload
                0x20000150        0x1 ./Core/Src/main.o
                0x20000150                flag_cmd_payload
 *fill*         0x20000151        0x3 
 .bss.payload_len
                0x20000154        0x4 ./Core/Src/main.o
                0x20000154                payload_len
 .bss.rx_buffer
                0x20000158       0x40 ./Core/Src/main.o
                0x20000158                rx_buffer
 .bss.tx_buffer
                0x20000198       0x40 ./Core/Src/main.o
                0x20000198                tx_buffer
 .bss.status    0x200001d8        0x2 ./Core/Src/main.o
                0x200001d8                status
 *fill*         0x200001da        0x2 
 .bss.aes_ctx   0x200001dc      0x118 ./Core/Src/main.o
                0x200001dc                aes_ctx
 .bss.des_ctx   0x200002f4       0x80 ./Core/Src/main.o
                0x200002f4                des_ctx
 .bss.uwTick    0x20000374        0x4 ./Drivers/STM32F4xx_HAL_Driver/Src/stm32f4xx_hal.o
                0x20000374                uwTick
 .bss.FSb       0x20000378      0x100 ./library/aes.o
 .bss.FT0       0x20000478      0x400 ./library/aes.o
 .bss.FT1       0x20000878      0x400 ./library/aes.o
 .bss.FT2       0x20000c78      0x400 ./library/aes.o
 .bss.FT3       0x20001078      0x400 ./library/aes.o
 .bss.RSb       0x20001478      0x100 ./library/aes.o
 .bss.RT0       0x20001578      0x400 ./library/aes.o
 .bss.RT1       0x20001978      0x400 ./library/aes.o
 .bss.RT2       0x20001d78      0x400 ./library/aes.o
 .bss.RT3       0x20002178      0x400 ./library/aes.o
 .bss.RCON      0x20002578       0x28 ./library/aes.o
 .bss.aes_init_done
                0x200025a0        0x4 ./library/aes.o
 *(COMMON)
                0x200025a4                        . = ALIGN (0x4)
                0x200025a4                        _ebss = .
                0x200025a4                        __bss_end__ = _ebss

._user_heap_stack
                0x200025a4      0x604
                0x200025a8                        . = ALIGN (0x8)
 *fill*         0x200025a4        0x4 
                [!provide]                        PROVIDE (end = .)
                0x200025a8                        PROVIDE (_end = .)
                0x200027a8                        . = (. + _Min_Heap_Size)
 *fill*         0x200025a8      0x200 
                0x20002ba8                        . = (. + _Min_Stack_Size)
 *fill*         0x200027a8      0x400 
                0x20002ba8                        . = ALIGN (0x8)

/DISCARD/
 libc.a(*)
 libm.a(*)
 libgcc.a(*)

.ARM.attributes
                0x00000000       0x30
 *(.ARM.attributes)
 .ARM.attributes
                0x00000000       0x22 C:/ST/STM32CubeIDE_1.16.0/STM32CubeIDE/plugins/com.st.stm32cube.ide.mcu.externaltools.gnu-tools-for-stm32.12.3.rel1.win32_1.0.200.202406191623/tools/bin/../lib/gcc/arm-none-eabi/12.3.1/thumb/v7e-m+fp/hard/crti.o
 .ARM.attributes
                0x00000022       0x34 C:/ST/STM32CubeIDE_1.16.0/STM32CubeIDE/plugins/com.st.stm32cube.ide.mcu.externaltools.gnu-tools-for-stm32.12.3.rel1.win32_1.0.200.202406191623/tools/bin/../lib/gcc/arm-none-eabi/12.3.1/thumb/v7e-m+fp/hard/crtbegin.o
 .ARM.attributes
                0x00000056       0x34 ./Core/Src/main.o
 .ARM.attributes
                0x0000008a       0x34 ./Core/Src/stm32f4xx_hal_msp.o
 .ARM.attributes
                0x000000be       0x34 ./Core/Src/stm32f4xx_it.o
 .ARM.attributes
                0x000000f2       0x34 ./Core/Src/system_stm32f4xx.o
 .ARM.attributes
                0x00000126       0x21 ./Core/Startup/startup_stm32f407vgtx.o
 .ARM.attributes
                0x00000147       0x34 ./Drivers/STM32F4xx_HAL_Driver/Src/stm32f4xx_hal.o
 .ARM.attributes
                0x0000017b       0x34 ./Drivers/STM32F4xx_HAL_Driver/Src/stm32f4xx_hal_can.o
 .ARM.attributes
                0x000001af       0x34 ./Drivers/STM32F4xx_HAL_Driver/Src/stm32f4xx_hal_cortex.o
 .ARM.attributes
                0x000001e3       0x34 ./Drivers/STM32F4xx_HAL_Driver/Src/stm32f4xx_hal_dma.o
 .ARM.attributes
                0x00000217       0x34 ./Drivers/STM32F4xx_HAL_Driver/Src/stm32f4xx_hal_gpio.o
 .ARM.attributes
                0x0000024b       0x34 ./Drivers/STM32F4xx_HAL_Driver/Src/stm32f4xx_hal_i2c.o
 .ARM.attributes
                0x0000027f       0x34 ./Drivers/STM32F4xx_HAL_Driver/Src/stm32f4xx_hal_rcc.o
 .ARM.attributes
                0x000002b3       0x34 ./Drivers/STM32F4xx_HAL_Driver/Src/stm32f4xx_hal_spi.o
 .ARM.attributes
                0x000002e7       0x34 ./Drivers/STM32F4xx_HAL_Driver/Src/stm32f4xx_hal_uart.o
 .ARM.attributes
                0x0000031b       0x34 ./library/aes.o
 .ARM.attributes
                0x0000034f       0x34 ./library/des.o
 .ARM.attributes
                0x00000383       0x34 ./library/platform_util.o
 .ARM.attributes
                0x000003b7       0x34 C:/ST/STM32CubeIDE_1.16.0/STM32CubeIDE/plugins/com.st.stm32cube.ide.mcu.externaltools.gnu-tools-for-stm32.12.3.rel1.win32_1.0.200.202406191623/tools/bin/../lib/gcc/arm-none-eabi/12.3.1/../../../../arm-none-eabi/lib/thumb/v7e-m+fp/hard\libc_nano.a(libc_a-memset.o)
 .ARM.attributes
                0x000003eb       0x34 C:/ST/STM32CubeIDE_1.16.0/STM32CubeIDE/plugins/com.st.stm32cube.ide.mcu.externaltools.gnu-tools-for-stm32.12.3.rel1.win32_1.0.200.202406191623/tools/bin/../lib/gcc/arm-none-eabi/12.3.1/../../../../arm-none-eabi/lib/thumb/v7e-m+fp/hard\libc_nano.a(libc_a-init.o)
 .ARM.attributes
                0x0000041f       0x22 C:/ST/STM32CubeIDE_1.16.0/STM32CubeIDE/plugins/com.st.stm32cube.ide.mcu.externaltools.gnu-tools-for-stm32.12.3.rel1.win32_1.0.200.202406191623/tools/bin/../lib/gcc/arm-none-eabi/12.3.1/thumb/v7e-m+fp/hard\libgcc.a(_aeabi_uldivmod.o)
 .ARM.attributes
                0x00000441       0x34 C:/ST/STM32CubeIDE_1.16.0/STM32CubeIDE/plugins/com.st.stm32cube.ide.mcu.externaltools.gnu-tools-for-stm32.12.3.rel1.win32_1.0.200.202406191623/tools/bin/../lib/gcc/arm-none-eabi/12.3.1/thumb/v7e-m+fp/hard\libgcc.a(_udivmoddi4.o)
 .ARM.attributes
                0x00000475       0x22 C:/ST/STM32CubeIDE_1.16.0/STM32CubeIDE/plugins/com.st.stm32cube.ide.mcu.externaltools.gnu-tools-for-stm32.12.3.rel1.win32_1.0.200.202406191623/tools/bin/../lib/gcc/arm-none-eabi/12.3.1/thumb/v7e-m+fp/hard\libgcc.a(_dvmd_tls.o)
 .ARM.attributes
                0x00000497       0x22 C:/ST/STM32CubeIDE_1.16.0/STM32CubeIDE/plugins/com.st.stm32cube.ide.mcu.externaltools.gnu-tools-for-stm32.12.3.rel1.win32_1.0.200.202406191623/tools/bin/../lib/gcc/arm-none-eabi/12.3.1/thumb/v7e-m+fp/hard/crtn.o
OUTPUT(nut_stm32f407vg_v1.elf elf32-littlearm)
LOAD linker stubs
LOAD C:/ST/STM32CubeIDE_1.16.0/STM32CubeIDE/plugins/com.st.stm32cube.ide.mcu.externaltools.gnu-tools-for-stm32.12.3.rel1.win32_1.0.200.202406191623/tools/bin/../lib/gcc/arm-none-eabi/12.3.1/../../../../arm-none-eabi/lib/thumb/v7e-m+fp/hard\libc.a
LOAD C:/ST/STM32CubeIDE_1.16.0/STM32CubeIDE/plugins/com.st.stm32cube.ide.mcu.externaltools.gnu-tools-for-stm32.12.3.rel1.win32_1.0.200.202406191623/tools/bin/../lib/gcc/arm-none-eabi/12.3.1/../../../../arm-none-eabi/lib/thumb/v7e-m+fp/hard\libm.a
LOAD C:/ST/STM32CubeIDE_1.16.0/STM32CubeIDE/plugins/com.st.stm32cube.ide.mcu.externaltools.gnu-tools-for-stm32.12.3.rel1.win32_1.0.200.202406191623/tools/bin/../lib/gcc/arm-none-eabi/12.3.1/thumb/v7e-m+fp/hard\libgcc.a

.debug_info     0x00000000    0x10709
 .debug_info    0x00000000     0x1a63 ./Core/Src/main.o
 .debug_info    0x00001a63     0x160b ./Core/Src/stm32f4xx_hal_msp.o
 .debug_info    0x0000306e      0xba9 ./Core/Src/stm32f4xx_it.o
 .debug_info    0x00003c17      0x512 ./Core/Src/system_stm32f4xx.o
 .debug_info    0x00004129       0x30 ./Core/Startup/startup_stm32f407vgtx.o
 .debug_info    0x00004159      0x944 ./Drivers/STM32F4xx_HAL_Driver/Src/stm32f4xx_hal.o
 .debug_info    0x00004a9d      0xf49 ./Drivers/STM32F4xx_HAL_Driver/Src/stm32f4xx_hal_can.o
 .debug_info    0x000059e6      0xd8c ./Drivers/STM32F4xx_HAL_Driver/Src/stm32f4xx_hal_cortex.o
 .debug_info    0x00006772      0x8e7 ./Drivers/STM32F4xx_HAL_Driver/Src/stm32f4xx_hal_dma.o
 .debug_info    0x00007059      0x6c3 ./Drivers/STM32F4xx_HAL_Driver/Src/stm32f4xx_hal_gpio.o
 .debug_info    0x0000771c     0x2415 ./Drivers/STM32F4xx_HAL_Driver/Src/stm32f4xx_hal_i2c.o
 .debug_info    0x00009b31      0x8af ./Drivers/STM32F4xx_HAL_Driver/Src/stm32f4xx_hal_rcc.o
 .debug_info    0x0000a3e0     0x1525 ./Drivers/STM32F4xx_HAL_Driver/Src/stm32f4xx_hal_spi.o
 .debug_info    0x0000b905     0x2f4f ./Drivers/STM32F4xx_HAL_Driver/Src/stm32f4xx_hal_uart.o
 .debug_info    0x0000e854     0x1150 ./library/aes.o
 .debug_info    0x0000f9a4      0xb21 ./library/des.o
 .debug_info    0x000104c5      0x244 ./library/platform_util.o

.debug_abbrev   0x00000000     0x23f0
 .debug_abbrev  0x00000000      0x313 ./Core/Src/main.o
 .debug_abbrev  0x00000313      0x23d ./Core/Src/stm32f4xx_hal_msp.o
 .debug_abbrev  0x00000550      0x188 ./Core/Src/stm32f4xx_it.o
 .debug_abbrev  0x000006d8      0x11a ./Core/Src/system_stm32f4xx.o
 .debug_abbrev  0x000007f2       0x24 ./Core/Startup/startup_stm32f407vgtx.o
 .debug_abbrev  0x00000816      0x214 ./Drivers/STM32F4xx_HAL_Driver/Src/stm32f4xx_hal.o
 .debug_abbrev  0x00000a2a      0x258 ./Drivers/STM32F4xx_HAL_Driver/Src/stm32f4xx_hal_can.o
 .debug_abbrev  0x00000c82      0x31d ./Drivers/STM32F4xx_HAL_Driver/Src/stm32f4xx_hal_cortex.o
 .debug_abbrev  0x00000f9f      0x264 ./Drivers/STM32F4xx_HAL_Driver/Src/stm32f4xx_hal_dma.o
 .debug_abbrev  0x00001203      0x1d4 ./Drivers/STM32F4xx_HAL_Driver/Src/stm32f4xx_hal_gpio.o
 .debug_abbrev  0x000013d7      0x2ad ./Drivers/STM32F4xx_HAL_Driver/Src/stm32f4xx_hal_i2c.o
 .debug_abbrev  0x00001684      0x2b7 ./Drivers/STM32F4xx_HAL_Driver/Src/stm32f4xx_hal_rcc.o
 .debug_abbrev  0x0000193b      0x27a ./Drivers/STM32F4xx_HAL_Driver/Src/stm32f4xx_hal_spi.o
 .debug_abbrev  0x00001bb5      0x30e ./Drivers/STM32F4xx_HAL_Driver/Src/stm32f4xx_hal_uart.o
 .debug_abbrev  0x00001ec3      0x1fb ./library/aes.o
 .debug_abbrev  0x000020be      0x20b ./library/des.o
 .debug_abbrev  0x000022c9      0x127 ./library/platform_util.o

.debug_aranges  0x00000000      0xeb0
 .debug_aranges
                0x00000000       0x90 ./Core/Src/main.o
 .debug_aranges
                0x00000090       0x60 ./Core/Src/stm32f4xx_hal_msp.o
 .debug_aranges
                0x000000f0       0x80 ./Core/Src/stm32f4xx_it.o
 .debug_aranges
                0x00000170       0x28 ./Core/Src/system_stm32f4xx.o
 .debug_aranges
                0x00000198       0x28 ./Core/Startup/startup_stm32f407vgtx.o
 .debug_aranges
                0x000001c0       0xf0 ./Drivers/STM32F4xx_HAL_Driver/Src/stm32f4xx_hal.o
 .debug_aranges
                0x000002b0      0x138 ./Drivers/STM32F4xx_HAL_Driver/Src/stm32f4xx_hal_can.o
 .debug_aranges
                0x000003e8      0x130 ./Drivers/STM32F4xx_HAL_Driver/Src/stm32f4xx_hal_cortex.o
 .debug_aranges
                0x00000518       0x90 ./Drivers/STM32F4xx_HAL_Driver/Src/stm32f4xx_hal_dma.o
 .debug_aranges
                0x000005a8       0x58 ./Drivers/STM32F4xx_HAL_Driver/Src/stm32f4xx_hal_gpio.o
 .debug_aranges
                0x00000600      0x2a8 ./Drivers/STM32F4xx_HAL_Driver/Src/stm32f4xx_hal_i2c.o
 .debug_aranges
                0x000008a8       0x88 ./Drivers/STM32F4xx_HAL_Driver/Src/stm32f4xx_hal_rcc.o
 .debug_aranges
                0x00000930      0x1d0 ./Drivers/STM32F4xx_HAL_Driver/Src/stm32f4xx_hal_spi.o
 .debug_aranges
                0x00000b00      0x208 ./Drivers/STM32F4xx_HAL_Driver/Src/stm32f4xx_hal_uart.o
 .debug_aranges
                0x00000d08       0xc0 ./library/aes.o
 .debug_aranges
                0x00000dc8       0xc0 ./library/des.o
 .debug_aranges
                0x00000e88       0x28 ./library/platform_util.o

.debug_rnglists
                0x00000000      0xbab
 .debug_rnglists
                0x00000000       0x6b ./Core/Src/main.o
 .debug_rnglists
                0x0000006b       0x47 ./Core/Src/stm32f4xx_hal_msp.o
 .debug_rnglists
                0x000000b2       0x5b ./Core/Src/stm32f4xx_it.o
 .debug_rnglists
                0x0000010d       0x1a ./Core/Src/system_stm32f4xx.o
 .debug_rnglists
                0x00000127       0x19 ./Core/Startup/startup_stm32f407vgtx.o
 .debug_rnglists
                0x00000140       0xaf ./Drivers/STM32F4xx_HAL_Driver/Src/stm32f4xx_hal.o
 .debug_rnglists
                0x000001ef       0xee ./Drivers/STM32F4xx_HAL_Driver/Src/stm32f4xx_hal_can.o
 .debug_rnglists
                0x000002dd       0xe0 ./Drivers/STM32F4xx_HAL_Driver/Src/stm32f4xx_hal_cortex.o
 .debug_rnglists
                0x000003bd       0x70 ./Drivers/STM32F4xx_HAL_Driver/Src/stm32f4xx_hal_dma.o
 .debug_rnglists
                0x0000042d       0x3f ./Drivers/STM32F4xx_HAL_Driver/Src/stm32f4xx_hal_gpio.o
 .debug_rnglists
                0x0000046c      0x23c ./Drivers/STM32F4xx_HAL_Driver/Src/stm32f4xx_hal_i2c.o
 .debug_rnglists
                0x000006a8       0x66 ./Drivers/STM32F4xx_HAL_Driver/Src/stm32f4xx_hal_rcc.o
 .debug_rnglists
                0x0000070e      0x16f ./Drivers/STM32F4xx_HAL_Driver/Src/stm32f4xx_hal_spi.o
 .debug_rnglists
                0x0000087d      0x1bc ./Drivers/STM32F4xx_HAL_Driver/Src/stm32f4xx_hal_uart.o
 .debug_rnglists
                0x00000a39       0xb6 ./library/aes.o
 .debug_rnglists
                0x00000aef       0xa3 ./library/des.o
 .debug_rnglists
                0x00000b92       0x19 ./library/platform_util.o

.debug_macro    0x00000000    0x22776
 .debug_macro   0x00000000      0x49c ./Core/Src/main.o
 .debug_macro   0x0000049c      0xab4 ./Core/Src/main.o
 .debug_macro   0x00000f50      0x2a7 ./Core/Src/main.o
 .debug_macro   0x000011f7       0x2e ./Core/Src/main.o
 .debug_macro   0x00001225       0x2f ./Core/Src/main.o
 .debug_macro   0x00001254       0x22 ./Core/Src/main.o
 .debug_macro   0x00001276       0x8e ./Core/Src/main.o
 .debug_macro   0x00001304       0x51 ./Core/Src/main.o
 .debug_macro   0x00001355      0x103 ./Core/Src/main.o
 .debug_macro   0x00001458       0x6a ./Core/Src/main.o
 .debug_macro   0x000014c2      0x1df ./Core/Src/main.o
 .debug_macro   0x000016a1       0x1c ./Core/Src/main.o
 .debug_macro   0x000016bd       0x22 ./Core/Src/main.o
 .debug_macro   0x000016df       0xfb ./Core/Src/main.o
 .debug_macro   0x000017da     0x1011 ./Core/Src/main.o
 .debug_macro   0x000027eb      0x11f ./Core/Src/main.o
 .debug_macro   0x0000290a    0x15e97 ./Core/Src/main.o
 .debug_macro   0x000187a1       0x6d ./Core/Src/main.o
 .debug_macro   0x0001880e     0x369a ./Core/Src/main.o
 .debug_macro   0x0001bea8      0x189 ./Core/Src/main.o
 .debug_macro   0x0001c031       0x5c ./Core/Src/main.o
 .debug_macro   0x0001c08d      0x980 ./Core/Src/main.o
 .debug_macro   0x0001ca0d      0x9e9 ./Core/Src/main.o
 .debug_macro   0x0001d3f6      0x115 ./Core/Src/main.o
 .debug_macro   0x0001d50b      0x13e ./Core/Src/main.o
 .debug_macro   0x0001d649       0xa5 ./Core/Src/main.o
 .debug_macro   0x0001d6ee      0x174 ./Core/Src/main.o
 .debug_macro   0x0001d862      0x287 ./Core/Src/main.o
 .debug_macro   0x0001dae9       0x5f ./Core/Src/main.o
 .debug_macro   0x0001db48      0x236 ./Core/Src/main.o
 .debug_macro   0x0001dd7e      0x40f ./Core/Src/main.o
 .debug_macro   0x0001e18d      0x12c ./Core/Src/main.o
 .debug_macro   0x0001e2b9      0x21e ./Core/Src/main.o
 .debug_macro   0x0001e4d7       0x2e ./Core/Src/main.o
 .debug_macro   0x0001e505      0x1b5 ./Core/Src/main.o
 .debug_macro   0x0001e6ba       0xd6 ./Core/Src/main.o
 .debug_macro   0x0001e790      0x127 ./Core/Src/main.o
 .debug_macro   0x0001e8b7       0x7e ./Core/Src/main.o
 .debug_macro   0x0001e935       0x89 ./Core/Src/main.o
 .debug_macro   0x0001e9be      0x225 ./Core/Src/main.o
 .debug_macro   0x0001ebe3      0x2aa ./Core/Src/main.o
 .debug_macro   0x0001ee8d      0x12d ./Core/Src/main.o
 .debug_macro   0x0001efba       0x61 ./Core/Src/main.o
 .debug_macro   0x0001f01b       0x2a ./Core/Src/main.o
 .debug_macro   0x0001f045       0x43 ./Core/Src/main.o
 .debug_macro   0x0001f088       0x34 ./Core/Src/main.o
 .debug_macro   0x0001f0bc       0x16 ./Core/Src/main.o
 .debug_macro   0x0001f0d2       0x43 ./Core/Src/main.o
 .debug_macro   0x0001f115       0x34 ./Core/Src/main.o
 .debug_macro   0x0001f149       0x10 ./Core/Src/main.o
 .debug_macro   0x0001f159       0x58 ./Core/Src/main.o
 .debug_macro   0x0001f1b1       0x8e ./Core/Src/main.o
 .debug_macro   0x0001f23f       0x1c ./Core/Src/main.o
 .debug_macro   0x0001f25b      0x177 ./Core/Src/main.o
 .debug_macro   0x0001f3d2      0x369 ./Core/Src/main.o
 .debug_macro   0x0001f73b       0x10 ./Core/Src/main.o
 .debug_macro   0x0001f74b       0x35 ./Core/Src/main.o
 .debug_macro   0x0001f780       0x20 ./Core/Src/main.o
 .debug_macro   0x0001f7a0       0x10 ./Core/Src/main.o
 .debug_macro   0x0001f7b0       0x2e ./Core/Src/main.o
 .debug_macro   0x0001f7de      0x383 ./Core/Src/main.o
 .debug_macro   0x0001fb61       0x7c ./Core/Src/main.o
 .debug_macro   0x0001fbdd       0x17 ./Core/Src/main.o
 .debug_macro   0x0001fbf4      0x118 ./Core/Src/main.o
 .debug_macro   0x0001fd0c       0x12 ./Core/Src/main.o
 .debug_macro   0x0001fd1e       0x16 ./Core/Src/main.o
 .debug_macro   0x0001fd34       0x10 ./Core/Src/main.o
 .debug_macro   0x0001fd44       0x10 ./Core/Src/main.o
 .debug_macro   0x0001fd54       0x10 ./Core/Src/main.o
 .debug_macro   0x0001fd64       0x1c ./Core/Src/main.o
 .debug_macro   0x0001fd80       0x52 ./Core/Src/main.o
 .debug_macro   0x0001fdd2       0x22 ./Core/Src/main.o
 .debug_macro   0x0001fdf4       0x10 ./Core/Src/main.o
 .debug_macro   0x0001fe04       0x52 ./Core/Src/main.o
 .debug_macro   0x0001fe56       0xcf ./Core/Src/main.o
 .debug_macro   0x0001ff25       0x1c ./Core/Src/main.o
 .debug_macro   0x0001ff41       0x3d ./Core/Src/main.o
 .debug_macro   0x0001ff7e       0x35 ./Core/Src/main.o
 .debug_macro   0x0001ffb3       0x42 ./Core/Src/main.o
 .debug_macro   0x0001fff5       0x22 ./Core/Src/main.o
 .debug_macro   0x00020017       0x1c ./Core/Src/main.o
 .debug_macro   0x00020033       0x1c ./Core/Src/main.o
 .debug_macro   0x0002004f       0x10 ./Core/Src/main.o
 .debug_macro   0x0002005f       0x10 ./Core/Src/main.o
 .debug_macro   0x0002006f       0x16 ./Core/Src/main.o
 .debug_macro   0x00020085      0x146 ./Core/Src/main.o
 .debug_macro   0x000201cb      0x1f2 ./Core/Src/stm32f4xx_hal_msp.o
 .debug_macro   0x000203bd      0x1fc ./Core/Src/stm32f4xx_it.o
 .debug_macro   0x000205b9      0x1e8 ./Core/Src/system_stm32f4xx.o
 .debug_macro   0x000207a1      0x248 ./Drivers/STM32F4xx_HAL_Driver/Src/stm32f4xx_hal.o
 .debug_macro   0x000209e9      0x1f7 ./Drivers/STM32F4xx_HAL_Driver/Src/stm32f4xx_hal_can.o
 .debug_macro   0x00020be0      0x1e8 ./Drivers/STM32F4xx_HAL_Driver/Src/stm32f4xx_hal_cortex.o
 .debug_macro   0x00020dc8      0x1ee ./Drivers/STM32F4xx_HAL_Driver/Src/stm32f4xx_hal_dma.o
 .debug_macro   0x00020fb6      0x1ee ./Drivers/STM32F4xx_HAL_Driver/Src/stm32f4xx_hal_gpio.o
 .debug_macro   0x000211a4      0x236 ./Drivers/STM32F4xx_HAL_Driver/Src/stm32f4xx_hal_i2c.o
 .debug_macro   0x000213da      0x20c ./Drivers/STM32F4xx_HAL_Driver/Src/stm32f4xx_hal_rcc.o
 .debug_macro   0x000215e6      0x1f7 ./Drivers/STM32F4xx_HAL_Driver/Src/stm32f4xx_hal_spi.o
 .debug_macro   0x000217dd      0x1e9 ./Drivers/STM32F4xx_HAL_Driver/Src/stm32f4xx_hal_uart.o
 .debug_macro   0x000219c6      0x396 ./library/aes.o
 .debug_macro   0x00021d5c       0xb4 ./library/aes.o
 .debug_macro   0x00021e10       0x10 ./library/aes.o
 .debug_macro   0x00021e20       0x91 ./library/aes.o
 .debug_macro   0x00021eb1       0x22 ./library/aes.o
 .debug_macro   0x00021ed3       0x10 ./library/aes.o
 .debug_macro   0x00021ee3       0x16 ./library/aes.o
 .debug_macro   0x00021ef9      0x339 ./library/des.o
 .debug_macro   0x00022232      0x2b8 ./library/platform_util.o
 .debug_macro   0x000224ea       0x5c ./library/platform_util.o
 .debug_macro   0x00022546       0xb8 ./library/platform_util.o
 .debug_macro   0x000225fe       0x16 ./library/platform_util.o
 .debug_macro   0x00022614      0x12a ./library/platform_util.o
 .debug_macro   0x0002273e       0x22 ./library/platform_util.o
 .debug_macro   0x00022760       0x16 ./library/platform_util.o

.debug_line     0x00000000    0x13aba
 .debug_line    0x00000000      0xf30 ./Core/Src/main.o
 .debug_line    0x00000f30      0x8c0 ./Core/Src/stm32f4xx_hal_msp.o
 .debug_line    0x000017f0      0x89f ./Core/Src/stm32f4xx_it.o
 .debug_line    0x0000208f      0x801 ./Core/Src/system_stm32f4xx.o
 .debug_line    0x00002890       0x7a ./Core/Startup/startup_stm32f407vgtx.o
 .debug_line    0x0000290a      0xa6a ./Drivers/STM32F4xx_HAL_Driver/Src/stm32f4xx_hal.o
 .debug_line    0x00003374     0x1219 ./Drivers/STM32F4xx_HAL_Driver/Src/stm32f4xx_hal_can.o
 .debug_line    0x0000458d      0xd5c ./Drivers/STM32F4xx_HAL_Driver/Src/stm32f4xx_hal_cortex.o
 .debug_line    0x000052e9      0xfda ./Drivers/STM32F4xx_HAL_Driver/Src/stm32f4xx_hal_dma.o
 .debug_line    0x000062c3      0xbf6 ./Drivers/STM32F4xx_HAL_Driver/Src/stm32f4xx_hal_gpio.o
 .debug_line    0x00006eb9     0x3bb0 ./Drivers/STM32F4xx_HAL_Driver/Src/stm32f4xx_hal_i2c.o
 .debug_line    0x0000aa69      0xdf5 ./Drivers/STM32F4xx_HAL_Driver/Src/stm32f4xx_hal_rcc.o
 .debug_line    0x0000b85e     0x1d88 ./Drivers/STM32F4xx_HAL_Driver/Src/stm32f4xx_hal_spi.o
 .debug_line    0x0000d5e6     0x293c ./Drivers/STM32F4xx_HAL_Driver/Src/stm32f4xx_hal_uart.o
 .debug_line    0x0000ff22     0x1d72 ./library/aes.o
 .debug_line    0x00011c94     0x162d ./library/des.o
 .debug_line    0x000132c1      0x7f9 ./library/platform_util.o

.debug_str      0x00000000    0xce19c
 .debug_str     0x00000000    0xc83d1 ./Core/Src/main.o
                              0xc87b4 (size before relaxing)
 .debug_str     0x000c83d1      0x5e2 ./Core/Src/stm32f4xx_hal_msp.o
                              0xc2e54 (size before relaxing)
 .debug_str     0x000c89b3      0x164 ./Core/Src/stm32f4xx_it.o
                              0xc261c (size before relaxing)
 .debug_str     0x000c8b17       0xdb ./Core/Src/system_stm32f4xx.o
                              0xc1e1a (size before relaxing)
 .debug_str     0x000c8bf2       0x44 ./Core/Startup/startup_stm32f407vgtx.o
                                 0x79 (size before relaxing)
 .debug_str     0x000c8c36      0x5f5 ./Drivers/STM32F4xx_HAL_Driver/Src/stm32f4xx_hal.o
                              0xc299e (size before relaxing)
 .debug_str     0x000c922b      0x58a ./Drivers/STM32F4xx_HAL_Driver/Src/stm32f4xx_hal_can.o
                              0xc2514 (size before relaxing)
 .debug_str     0x000c97b5      0x36b ./Drivers/STM32F4xx_HAL_Driver/Src/stm32f4xx_hal_cortex.o
                              0xc271a (size before relaxing)
 .debug_str     0x000c9b20      0x31a ./Drivers/STM32F4xx_HAL_Driver/Src/stm32f4xx_hal_dma.o
                              0xc2234 (size before relaxing)
 .debug_str     0x000c9e3a      0x121 ./Drivers/STM32F4xx_HAL_Driver/Src/stm32f4xx_hal_gpio.o
                              0xc1f95 (size before relaxing)
 .debug_str     0x000c9f5b      0xab5 ./Drivers/STM32F4xx_HAL_Driver/Src/stm32f4xx_hal_i2c.o
                              0xc2e38 (size before relaxing)
 .debug_str     0x000caa10      0x213 ./Drivers/STM32F4xx_HAL_Driver/Src/stm32f4xx_hal_rcc.o
                              0xc224e (size before relaxing)
 .debug_str     0x000cac23      0x4ca ./Drivers/STM32F4xx_HAL_Driver/Src/stm32f4xx_hal_spi.o
                              0xc26d8 (size before relaxing)
 .debug_str     0x000cb0ed      0x5b5 ./Drivers/STM32F4xx_HAL_Driver/Src/stm32f4xx_hal_uart.o
                              0xc282f (size before relaxing)
 .debug_str     0x000cb6a2     0x2243 ./library/aes.o
                               0xba54 (size before relaxing)
 .debug_str     0x000cd8e5      0x719 ./library/des.o
                               0xb56d (size before relaxing)
 .debug_str     0x000cdffe      0x19e ./library/platform_util.o
                               0xa5c2 (size before relaxing)

.comment        0x00000000       0x43
 .comment       0x00000000       0x43 ./Core/Src/main.o
                                 0x44 (size before relaxing)
 .comment       0x00000043       0x44 ./Core/Src/stm32f4xx_hal_msp.o
 .comment       0x00000043       0x44 ./Core/Src/stm32f4xx_it.o
 .comment       0x00000043       0x44 ./Core/Src/system_stm32f4xx.o
 .comment       0x00000043       0x44 ./Drivers/STM32F4xx_HAL_Driver/Src/stm32f4xx_hal.o
 .comment       0x00000043       0x44 ./Drivers/STM32F4xx_HAL_Driver/Src/stm32f4xx_hal_can.o
 .comment       0x00000043       0x44 ./Drivers/STM32F4xx_HAL_Driver/Src/stm32f4xx_hal_cortex.o
 .comment       0x00000043       0x44 ./Drivers/STM32F4xx_HAL_Driver/Src/stm32f4xx_hal_dma.o
 .comment       0x00000043       0x44 ./Drivers/STM32F4xx_HAL_Driver/Src/stm32f4xx_hal_gpio.o
 .comment       0x00000043       0x44 ./Drivers/STM32F4xx_HAL_Driver/Src/stm32f4xx_hal_i2c.o
 .comment       0x00000043       0x44 ./Drivers/STM32F4xx_HAL_Driver/Src/stm32f4xx_hal_rcc.o
 .comment       0x00000043       0x44 ./Drivers/STM32F4xx_HAL_Driver/Src/stm32f4xx_hal_spi.o
 .comment       0x00000043       0x44 ./Drivers/STM32F4xx_HAL_Driver/Src/stm32f4xx_hal_uart.o
 .comment       0x00000043       0x44 ./library/aes.o
 .comment       0x00000043       0x44 ./library/des.o
 .comment       0x00000043       0x44 ./library/platform_util.o

.debug_frame    0x00000000     0x3e38
 .debug_frame   0x00000000      0x1fc ./Core/Src/main.o
 .debug_frame   0x000001fc      0x158 ./Core/Src/stm32f4xx_hal_msp.o
 .debug_frame   0x00000354      0x174 ./Core/Src/stm32f4xx_it.o
 .debug_frame   0x000004c8       0x58 ./Core/Src/system_stm32f4xx.o
 .debug_frame   0x00000520      0x374 ./Drivers/STM32F4xx_HAL_Driver/Src/stm32f4xx_hal.o
 .debug_frame   0x00000894      0x5a0 ./Drivers/STM32F4xx_HAL_Driver/Src/stm32f4xx_hal_can.o
 .debug_frame   0x00000e34      0x508 ./Drivers/STM32F4xx_HAL_Driver/Src/stm32f4xx_hal_cortex.o
 .debug_frame   0x0000133c      0x250 ./Drivers/STM32F4xx_HAL_Driver/Src/stm32f4xx_hal_dma.o
 .debug_frame   0x0000158c      0x14c ./Drivers/STM32F4xx_HAL_Driver/Src/stm32f4xx_hal_gpio.o
 .debug_frame   0x000016d8      0xc84 ./Drivers/STM32F4xx_HAL_Driver/Src/stm32f4xx_hal_i2c.o
 .debug_frame   0x0000235c      0x1f4 ./Drivers/STM32F4xx_HAL_Driver/Src/stm32f4xx_hal_rcc.o
 .debug_frame   0x00002550      0x828 ./Drivers/STM32F4xx_HAL_Driver/Src/stm32f4xx_hal_spi.o
 .debug_frame   0x00002d78      0x954 ./Drivers/STM32F4xx_HAL_Driver/Src/stm32f4xx_hal_uart.o
 .debug_frame   0x000036cc      0x34c ./library/aes.o
 .debug_frame   0x00003a18      0x31c ./library/des.o
 .debug_frame   0x00003d34       0x58 ./library/platform_util.o
 .debug_frame   0x00003d8c       0x20 C:/ST/STM32CubeIDE_1.16.0/STM32CubeIDE/plugins/com.st.stm32cube.ide.mcu.externaltools.gnu-tools-for-stm32.12.3.rel1.win32_1.0.200.202406191623/tools/bin/../lib/gcc/arm-none-eabi/12.3.1/../../../../arm-none-eabi/lib/thumb/v7e-m+fp/hard\libc_nano.a(libc_a-memset.o)
 .debug_frame   0x00003dac       0x2c C:/ST/STM32CubeIDE_1.16.0/STM32CubeIDE/plugins/com.st.stm32cube.ide.mcu.externaltools.gnu-tools-for-stm32.12.3.rel1.win32_1.0.200.202406191623/tools/bin/../lib/gcc/arm-none-eabi/12.3.1/../../../../arm-none-eabi/lib/thumb/v7e-m+fp/hard\libc_nano.a(libc_a-init.o)
 .debug_frame   0x00003dd8       0x2c C:/ST/STM32CubeIDE_1.16.0/STM32CubeIDE/plugins/com.st.stm32cube.ide.mcu.externaltools.gnu-tools-for-stm32.12.3.rel1.win32_1.0.200.202406191623/tools/bin/../lib/gcc/arm-none-eabi/12.3.1/thumb/v7e-m+fp/hard\libgcc.a(_aeabi_uldivmod.o)
 .debug_frame   0x00003e04       0x34 C:/ST/STM32CubeIDE_1.16.0/STM32CubeIDE/plugins/com.st.stm32cube.ide.mcu.externaltools.gnu-tools-for-stm32.12.3.rel1.win32_1.0.200.202406191623/tools/bin/../lib/gcc/arm-none-eabi/12.3.1/thumb/v7e-m+fp/hard\libgcc.a(_udivmoddi4.o)

.debug_line_str
                0x00000000       0x5d
 .debug_line_str
                0x00000000       0x5d ./Core/Startup/startup_stm32f407vgtx.o
