Archive member included to satisfy reference by file (symbol)

C:/ST/STM32CubeIDE_1.16.0/STM32CubeIDE/plugins/com.st.stm32cube.ide.mcu.externaltools.gnu-tools-for-stm32.12.3.rel1.win32_1.0.200.202406191623/tools/bin/../lib/gcc/arm-none-eabi/12.3.1/../../../../arm-none-eabi/lib/thumb/v7e-m+fp/hard\libc_nano.a(libc_a-calloc.o)
                              ./library/asn1parse.o (calloc)
C:/ST/STM32CubeIDE_1.16.0/STM32CubeIDE/plugins/com.st.stm32cube.ide.mcu.externaltools.gnu-tools-for-stm32.12.3.rel1.win32_1.0.200.202406191623/tools/bin/../lib/gcc/arm-none-eabi/12.3.1/../../../../arm-none-eabi/lib/thumb/v7e-m+fp/hard\libc_nano.a(libc_a-callocr.o)
                              C:/ST/STM32CubeIDE_1.16.0/STM32CubeIDE/plugins/com.st.stm32cube.ide.mcu.externaltools.gnu-tools-for-stm32.12.3.rel1.win32_1.0.200.202406191623/tools/bin/../lib/gcc/arm-none-eabi/12.3.1/../../../../arm-none-eabi/lib/thumb/v7e-m+fp/hard\libc_nano.a(libc_a-calloc.o) (_calloc_r)
C:/ST/STM32CubeIDE_1.16.0/STM32CubeIDE/plugins/com.st.stm32cube.ide.mcu.externaltools.gnu-tools-for-stm32.12.3.rel1.win32_1.0.200.202406191623/tools/bin/../lib/gcc/arm-none-eabi/12.3.1/../../../../arm-none-eabi/lib/thumb/v7e-m+fp/hard\libc_nano.a(libc_a-exit.o)
                              C:/ST/STM32CubeIDE_1.16.0/STM32CubeIDE/plugins/com.st.stm32cube.ide.mcu.externaltools.gnu-tools-for-stm32.12.3.rel1.win32_1.0.200.202406191623/tools/bin/../lib/gcc/arm-none-eabi/12.3.1/../../../../arm-none-eabi/lib/thumb/v7e-m+fp/hard/crt0.o (exit)
C:/ST/STM32CubeIDE_1.16.0/STM32CubeIDE/plugins/com.st.stm32cube.ide.mcu.externaltools.gnu-tools-for-stm32.12.3.rel1.win32_1.0.200.202406191623/tools/bin/../lib/gcc/arm-none-eabi/12.3.1/../../../../arm-none-eabi/lib/thumb/v7e-m+fp/hard\libc_nano.a(libc_a-malloc.o)
                              ./library/asn1parse.o (free)
C:/ST/STM32CubeIDE_1.16.0/STM32CubeIDE/plugins/com.st.stm32cube.ide.mcu.externaltools.gnu-tools-for-stm32.12.3.rel1.win32_1.0.200.202406191623/tools/bin/../lib/gcc/arm-none-eabi/12.3.1/../../../../arm-none-eabi/lib/thumb/v7e-m+fp/hard\libc_nano.a(libc_a-mallocr.o)
                              C:/ST/STM32CubeIDE_1.16.0/STM32CubeIDE/plugins/com.st.stm32cube.ide.mcu.externaltools.gnu-tools-for-stm32.12.3.rel1.win32_1.0.200.202406191623/tools/bin/../lib/gcc/arm-none-eabi/12.3.1/../../../../arm-none-eabi/lib/thumb/v7e-m+fp/hard\libc_nano.a(libc_a-callocr.o) (_malloc_r)
C:/ST/STM32CubeIDE_1.16.0/STM32CubeIDE/plugins/com.st.stm32cube.ide.mcu.externaltools.gnu-tools-for-stm32.12.3.rel1.win32_1.0.200.202406191623/tools/bin/../lib/gcc/arm-none-eabi/12.3.1/../../../../arm-none-eabi/lib/thumb/v7e-m+fp/hard\libc_nano.a(libc_a-mlock.o)
                              C:/ST/STM32CubeIDE_1.16.0/STM32CubeIDE/plugins/com.st.stm32cube.ide.mcu.externaltools.gnu-tools-for-stm32.12.3.rel1.win32_1.0.200.202406191623/tools/bin/../lib/gcc/arm-none-eabi/12.3.1/../../../../arm-none-eabi/lib/thumb/v7e-m+fp/hard\libc_nano.a(libc_a-mallocr.o) (__malloc_lock)
C:/ST/STM32CubeIDE_1.16.0/STM32CubeIDE/plugins/com.st.stm32cube.ide.mcu.externaltools.gnu-tools-for-stm32.12.3.rel1.win32_1.0.200.202406191623/tools/bin/../lib/gcc/arm-none-eabi/12.3.1/../../../../arm-none-eabi/lib/thumb/v7e-m+fp/hard\libc_nano.a(libc_a-fclose.o)
                              ./library/ctr_drbg.o (fclose)
C:/ST/STM32CubeIDE_1.16.0/STM32CubeIDE/plugins/com.st.stm32cube.ide.mcu.externaltools.gnu-tools-for-stm32.12.3.rel1.win32_1.0.200.202406191623/tools/bin/../lib/gcc/arm-none-eabi/12.3.1/../../../../arm-none-eabi/lib/thumb/v7e-m+fp/hard\libc_nano.a(libc_a-ferror.o)
                              ./library/ctr_drbg.o (ferror)
C:/ST/STM32CubeIDE_1.16.0/STM32CubeIDE/plugins/com.st.stm32cube.ide.mcu.externaltools.gnu-tools-for-stm32.12.3.rel1.win32_1.0.200.202406191623/tools/bin/../lib/gcc/arm-none-eabi/12.3.1/../../../../arm-none-eabi/lib/thumb/v7e-m+fp/hard\libc_nano.a(libc_a-fflush.o)
                              C:/ST/STM32CubeIDE_1.16.0/STM32CubeIDE/plugins/com.st.stm32cube.ide.mcu.externaltools.gnu-tools-for-stm32.12.3.rel1.win32_1.0.200.202406191623/tools/bin/../lib/gcc/arm-none-eabi/12.3.1/../../../../arm-none-eabi/lib/thumb/v7e-m+fp/hard\libc_nano.a(libc_a-fclose.o) (__sflush_r)
C:/ST/STM32CubeIDE_1.16.0/STM32CubeIDE/plugins/com.st.stm32cube.ide.mcu.externaltools.gnu-tools-for-stm32.12.3.rel1.win32_1.0.200.202406191623/tools/bin/../lib/gcc/arm-none-eabi/12.3.1/../../../../arm-none-eabi/lib/thumb/v7e-m+fp/hard\libc_nano.a(libc_a-findfp.o)
                              C:/ST/STM32CubeIDE_1.16.0/STM32CubeIDE/plugins/com.st.stm32cube.ide.mcu.externaltools.gnu-tools-for-stm32.12.3.rel1.win32_1.0.200.202406191623/tools/bin/../lib/gcc/arm-none-eabi/12.3.1/../../../../arm-none-eabi/lib/thumb/v7e-m+fp/hard\libc_nano.a(libc_a-fflush.o) (__sglue)
[...]
Memory Configuration

Name             Origin             Length             Attributes
RAM              0x20000000         0x00018000         xrw
RAM2             0x10000000         0x00008000         xrw
FLASH            0x08000000         0x00100000         xr
*default*        0x00000000         0xffffffff

Linker script and memory map

LOAD C:/ST/STM32CubeIDE_1.16.0/STM32CubeIDE/plugins/com.st.stm32cube.ide.mcu.externaltools.gnu-tools-for-stm32.12.3.rel1.win32_1.0.200.202406191623/tools/bin/../lib/gcc/arm-none-eabi/12.3.1/thumb/v7e-m+fp/hard/crti.o
LOAD C:/ST/STM32CubeIDE_1.16.0/STM32CubeIDE/plugins/com.st.stm32cube.ide.mcu.externaltools.gnu-tools-for-stm32.12.3.rel1.win32_1.0.200.202406191623/tools/bin/../lib/gcc/arm-none-eabi/12.3.1/thumb/v7e-m+fp/hard/crtbegin.o
LOAD C:/ST/STM32CubeIDE_1.16.0/STM32CubeIDE/plugins/com.st.stm32cube.ide.mcu.externaltools.gnu-tools-for-stm32.12.3.rel1.win32_1.0.200.202406191623/tools/bin/../lib/gcc/arm-none-eabi/12.3.1/../../../../arm-none-eabi/lib/thumb/v7e-m+fp/hard/crt0.o
LOAD ./Core/Src/main.o
LOAD ./Core/Src/stm32l4xx_hal_msp.o
LOAD ./Core/Src/stm32l4xx_it.o
LOAD ./Core/Src/syscalls.o
LOAD ./Core/Src/sysmem.o
LOAD ./Core/Src/system_stm32l4xx.o
LOAD ./Core/Startup/startup_stm32l476rgtx.o
LOAD ./Drivers/STM32L4xx_HAL_Driver/Src/stm32l4xx_hal.o
LOAD ./Drivers/STM32L4xx_HAL_Driver/Src/stm32l4xx_hal_can.o
LOAD ./Drivers/STM32L4xx_HAL_Driver/Src/stm32l4xx_hal_cortex.o
LOAD ./Drivers/STM32L4xx_HAL_Driver/Src/stm32l4xx_hal_dma.o
LOAD ./Drivers/STM32L4xx_HAL_Driver/Src/stm32l4xx_hal_dma_ex.o
LOAD ./Drivers/STM32L4xx_HAL_Driver/Src/stm32l4xx_hal_exti.o
LOAD ./Drivers/STM32L4xx_HAL_Driver/Src/stm32l4xx_hal_flash.o
LOAD ./Drivers/STM32L4xx_HAL_Driver/Src/stm32l4xx_hal_flash_ex.o
LOAD ./Drivers/STM32L4xx_HAL_Driver/Src/stm32l4xx_hal_flash_ramfunc.o
LOAD ./Drivers/STM32L4xx_HAL_Driver/Src/stm32l4xx_hal_gpio.o
LOAD ./Drivers/STM32L4xx_HAL_Driver/Src/stm32l4xx_hal_i2c.o
LOAD ./Drivers/STM32L4xx_HAL_Driver/Src/stm32l4xx_hal_i2c_ex.o
LOAD ./Drivers/STM32L4xx_HAL_Driver/Src/stm32l4xx_hal_pwr.o
LOAD ./Drivers/STM32L4xx_HAL_Driver/Src/stm32l4xx_hal_pwr_ex.o
LOAD ./Drivers/STM32L4xx_HAL_Driver/Src/stm32l4xx_hal_rcc.o
LOAD ./Drivers/STM32L4xx_HAL_Driver/Src/stm32l4xx_hal_rcc_ex.o
LOAD ./Drivers/STM32L4xx_HAL_Driver/Src/stm32l4xx_hal_spi.o
LOAD ./Drivers/STM32L4xx_HAL_Driver/Src/stm32l4xx_hal_spi_ex.o
LOAD ./Drivers/STM32L4xx_HAL_Driver/Src/stm32l4xx_hal_tim.o
LOAD ./Drivers/STM32L4xx_HAL_Driver/Src/stm32l4xx_hal_tim_ex.o
LOAD ./Drivers/STM32L4xx_HAL_Driver/Src/stm32l4xx_hal_uart.o
LOAD ./Drivers/STM32L4xx_HAL_Driver/Src/stm32l4xx_hal_uart_ex.o
LOAD ./library/aes.o
LOAD ./library/aesni.o
LOAD ./library/aria.o
LOAD ./library/asn1parse.o
LOAD ./library/asn1write.o
LOAD ./library/base64.o
LOAD ./library/camellia.o
LOAD ./library/ccm.o
LOAD ./library/chacha20.o
LOAD ./library/chachapoly.o
LOAD ./library/cipher.o
LOAD ./library/cipher_wrap.o
LOAD ./library/cmac.o
LOAD ./library/ctr_drbg.o
LOAD ./library/debug.o
LOAD ./library/des.o
LOAD ./library/dhm.o
LOAD ./library/ecdh.o
LOAD ./library/ecdsa.o
LOAD ./library/ecjpake.o
LOAD ./library/ecp.o
LOAD ./library/ecp_curves.o
LOAD ./library/gcm.o
LOAD ./library/hkdf.o
LOAD ./library/hmac_drbg.o
LOAD ./library/md.o
LOAD ./library/md5.o
LOAD ./library/memory_buffer_alloc.o
LOAD ./library/mps_reader.o
LOAD ./library/mps_trace.o
LOAD ./library/nist_kw.o
LOAD ./library/oid.o
LOAD ./library/padlock.o
LOAD ./library/pem.o
LOAD ./library/pk.o
LOAD ./library/pk_wrap.o
LOAD ./library/pkparse.o
LOAD ./library/pkwrite.o
LOAD ./library/platform.o
LOAD ./library/platform_util.o
LOAD ./library/ripemd160.o
LOAD ./library/sha1.o
LOAD ./library/sha256.o
LOAD ./library/sha512.o
START GROUP
LOAD C:/ST/STM32CubeIDE_1.16.0/STM32CubeIDE/plugins/com.st.stm32cube.ide.mcu.externaltools.gnu-tools-for-stm32.12.3.rel1.win32_1.0.200.202406191623/tools/bin/../lib/gcc/arm-none-eabi/12.3.1/../../../../arm-none-eabi/lib/thumb/v7e-m+fp/hard\libc_nano.a
LOAD C:/ST/STM32CubeIDE_1.16.0/STM32CubeIDE/plugins/com.st.stm32cube.ide.mcu.externaltools.gnu-tools-for-stm32.12.3.rel1.win32_1.0.200.202406191623/tools/bin/../lib/gcc/arm-none-eabi/12.3.1/../../../../arm-none-eabi/lib/thumb/v7e-m+fp/hard\libm.a
END GROUP
START GROUP
LOAD C:/ST/STM32CubeIDE_1.16.0/STM32CubeIDE/plugins/com.st.stm32cube.ide.mcu.externaltools.gnu-tools-for-stm32.12.3.rel1.win32_1.0.200.202406191623/tools/bin/../lib/gcc/arm-none-eabi/12.3.1/thumb/v7e-m+fp/hard\libgcc.a
LOAD C:/ST/STM32CubeIDE_1.16.0/STM32CubeIDE/plugins/com.st.stm32cube.ide.mcu.externaltools.gnu-tools-for-stm32.12.3.rel1.win32_1.0.200.202406191623/tools/bin/../lib/gcc/arm-none-eabi/12.3.1/../../../../arm-none-eabi/lib/thumb/v7e-m+fp/hard\libc_nano.a
END GROUP
START GROUP
LOAD C:/ST/STM32CubeIDE_1.16.0/STM32CubeIDE/plugins/com.st.stm32cube.ide.mcu.externaltools.gnu-tools-for-stm32.12.3.rel1.win32_1.0.200.202406191623/tools/bin/../lib/gcc/arm-none-eabi/12.3.1/thumb/v7e-m+fp/hard\libgcc.a
LOAD C:/ST/STM32CubeIDE_1.16.0/STM32CubeIDE/plugins/com.st.stm32cube.ide.mcu.externaltools.gnu-tools-for-stm32.12.3.rel1.win32_1.0.200.202406191623/tools/bin/../lib/gcc/arm-none-eabi/12.3.1/../../../../arm-none-eabi/lib/thumb/v7e-m+fp/hard\libc_nano.a
LOAD C:/ST/STM32CubeIDE_1.16.0/STM32CubeIDE/plugins/com.st.stm32cube.ide.mcu.externaltools.gnu-tools-for-stm32.12.3.rel1.win32_1.0.200.202406191623/tools/bin/../lib/gcc/arm-none-eabi/12.3.1/../../../../arm-none-eabi/lib/thumb/v7e-m+fp/hard\libnosys.a
END GROUP
START GROUP
LOAD C:/ST/STM32CubeIDE_1.16.0/STM32CubeIDE/plugins/com.st.stm32cube.ide.mcu.externaltools.gnu-tools-for-stm32.12.3.rel1.win32_1.0.200.202406191623/tools/bin/../lib/gcc/arm-none-eabi/12.3.1/thumb/v7e-m+fp/hard\libgcc.a
LOAD C:/ST/STM32CubeIDE_1.16.0/STM32CubeIDE/plugins/com.st.stm32cube.ide.mcu.externaltools.gnu-tools-for-stm32.12.3.rel1.win32_1.0.200.202406191623/tools/bin/../lib/gcc/arm-none-eabi/12.3.1/../../../../arm-none-eabi/lib/thumb/v7e-m+fp/hard\libc_nano.a
LOAD C:/ST/STM32CubeIDE_1.16.0/STM32CubeIDE/plugins/com.st.stm32cube.ide.mcu.externaltools.gnu-tools-for-stm32.12.3.rel1.win32_1.0.200.202406191623/tools/bin/../lib/gcc/arm-none-eabi/12.3.1/../../../../arm-none-eabi/lib/thumb/v7e-m+fp/hard\libnosys.a
END GROUP
LOAD C:/ST/STM32CubeIDE_1.16.0/STM32CubeIDE/plugins/com.st.stm32cube.ide.mcu.externaltools.gnu-tools-for-stm32.12.3.rel1.win32_1.0.200.202406191623/tools/bin/../lib/gcc/arm-none-eabi/12.3.1/thumb/v7e-m+fp/hard/crtend.o
LOAD C:/ST/STM32CubeIDE_1.16.0/STM32CubeIDE/plugins/com.st.stm32cube.ide.mcu.externaltools.gnu-tools-for-stm32.12.3.rel1.win32_1.0.200.202406191623/tools/bin/../lib/gcc/arm-none-eabi/12.3.1/thumb/v7e-m+fp/hard/crtn.o
                0x20018000                        _estack = (ORIGIN (RAM) + LENGTH (RAM))
                0x00000200                        _Min_Heap_Size = 0x200
                0x00000400                        _Min_Stack_Size = 0x400

.isr_vector     0x08000000      0x188
                0x08000000                        . = ALIGN (0x4)
 *(.isr_vector)
 .isr_vector    0x08000000      0x188 ./Core/Startup/startup_stm32l476rgtx.o
                0x08000000                g_pfnVectors
                0x08000188                        . = ALIGN (0x4)

.text           0x08000188     0x85d0
                0x08000188                        . = ALIGN (0x4)
 *(.text)
 .text          0x08000188       0x40 C:/ST/STM32CubeIDE_1.16.0/STM32CubeIDE/plugins/com.st.stm32cube.ide.mcu.externaltools.gnu-tools-for-stm32.12.3.rel1.win32_1.0.200.202406191623/tools/bin/../lib/gcc/arm-none-eabi/12.3.1/thumb/v7e-m+fp/hard/crtbegin.o
 .text          0x080001c8       0x30 C:/ST/STM32CubeIDE_1.16.0/STM32CubeIDE/plugins/com.st.stm32cube.ide.mcu.externaltools.gnu-tools-for-stm32.12.3.rel1.win32_1.0.200.202406191623/tools/bin/../lib/gcc/arm-none-eabi/12.3.1/thumb/v7e-m+fp/hard\libgcc.a(_aeabi_uldivmod.o)
                0x080001c8                __aeabi_uldivmod
 .text          0x080001f8      0x2bc C:/ST/STM32CubeIDE_1.16.0/STM32CubeIDE/plugins/com.st.stm32cube.ide.mcu.externaltools.gnu-tools-for-stm32.12.3.rel1.win32_1.0.200.202406191623/tools/bin/../lib/gcc/arm-none-eabi/12.3.1/thumb/v7e-m+fp/hard\libgcc.a(_udivmoddi4.o)
                0x080001f8                __udivmoddi4
 .text          0x080004b4        0x4 C:/ST/STM32CubeIDE_1.16.0/STM32CubeIDE/plugins/com.st.stm32cube.ide.mcu.externaltools.gnu-tools-for-stm32.12.3.rel1.win32_1.0.200.202406191623/tools/bin/../lib/gcc/arm-none-eabi/12.3.1/thumb/v7e-m+fp/hard\libgcc.a(_dvmd_tls.o)
                0x080004b4                __aeabi_idiv0
                0x080004b4                __aeabi_ldiv0
 *(.text*)
 .text.HAL_UART_RxCpltCallback
                0x080004b8       0x70 ./Core/Src/main.o
                0x080004b8                HAL_UART_RxCpltCallback
 .text.HAL_SPI_TxCpltCallback
                0x08000528       0x30 ./Core/Src/main.o
                0x08000528                HAL_SPI_TxCpltCallback
 .text.HAL_SPI_RxCpltCallback
                0x08000558       0x70 ./Core/Src/main.o
                0x08000558                HAL_SPI_RxCpltCallback
 .text.HAL_SPI_ErrorCallback
                0x080005c8       0x14 ./Core/Src/main.o
                0x080005c8                HAL_SPI_ErrorCallback
 .text.HAL_I2C_SlaveRxCpltCallback
                0x080005dc       0x14 ./Core/Src/main.o
                0x080005dc                HAL_I2C_SlaveRxCpltCallback
 .text.HAL_I2C_SlaveTxCpltCallback
                0x080005f0       0x14 ./Core/Src/main.o
                0x080005f0                HAL_I2C_SlaveTxCpltCallback
 .text.main     0x08000604      0x198 ./Core/Src/main.o
                0x08000604                main
 .text.SystemClock_Config
                0x0800079c       0x86 ./Core/Src/main.o
                0x0800079c                SystemClock_Config
 *fill*         0x08000822        0x2 
 .text.MX_CAN1_Init
                0x08000824       0x68 ./Core/Src/main.o
 .text.MX_I2C2_Init
                0x0800088c       0x80 ./Core/Src/main.o
 .text.MX_SPI2_Init
                0x0800090c       0x74 ./Core/Src/main.o
 .text.MX_USART1_UART_Init
                0x08000980       0x60 ./Core/Src/main.o
 .text.MX_GPIO_Init
                0x080009e0      0x104 ./Core/Src/main.o
 .text.process_cmd
                0x08000ae4      0x1dc ./Core/Src/main.o
                0x08000ae4                process_cmd
 .text.Error_Handler
                0x08000cc0        0xc ./Core/Src/main.o
                0x08000cc0                Error_Handler
 .text.HAL_MspInit
                0x08000ccc       0x48 ./Core/Src/stm32l4xx_hal_msp.o
                0x08000ccc                HAL_MspInit
 .text.HAL_CAN_MspInit
                0x08000d14       0x88 ./Core/Src/stm32l4xx_hal_msp.o
                0x08000d14                HAL_CAN_MspInit
 .text.HAL_I2C_MspInit
                0x08000d9c       0xdc ./Core/Src/stm32l4xx_hal_msp.o
                0x08000d9c                HAL_I2C_MspInit
 .text.HAL_SPI_MspInit
                0x08000e78       0x98 ./Core/Src/stm32l4xx_hal_msp.o
                0x08000e78                HAL_SPI_MspInit
 .text.HAL_UART_MspInit
                0x08000f10       0xcc ./Core/Src/stm32l4xx_hal_msp.o
                0x08000f10                HAL_UART_MspInit
 .text.NMI_Handler
                0x08000fdc        0x8 ./Core/Src/stm32l4xx_it.o
                0x08000fdc                NMI_Handler
 .text.HardFault_Handler
                0x08000fe4        0x8 ./Core/Src/stm32l4xx_it.o
                0x08000fe4                HardFault_Handler
 .text.MemManage_Handler
                0x08000fec        0x8 ./Core/Src/stm32l4xx_it.o
                0x08000fec                MemManage_Handler
 .text.BusFault_Handler
                0x08000ff4        0x8 ./Core/Src/stm32l4xx_it.o
                0x08000ff4                BusFault_Handler
 .text.UsageFault_Handler
                0x08000ffc        0x8 ./Core/Src/stm32l4xx_it.o
                0x08000ffc                UsageFault_Handler
 .text.SVC_Handler
                0x08001004        0xe ./Core/Src/stm32l4xx_it.o
                0x08001004                SVC_Handler
 .text.DebugMon_Handler
                0x08001012        0xe ./Core/Src/stm32l4xx_it.o
                0x08001012                DebugMon_Handler
 .text.PendSV_Handler
                0x08001020        0xe ./Core/Src/stm32l4xx_it.o
                0x08001020                PendSV_Handler
 .text.SysTick_Handler
                0x0800102e        0xc ./Core/Src/stm32l4xx_it.o
                0x0800102e                SysTick_Handler
 *fill*         0x0800103a        0x2 
 .text.I2C2_EV_IRQHandler
                0x0800103c       0x14 ./Core/Src/stm32l4xx_it.o
                0x0800103c                I2C2_EV_IRQHandler
 .text.I2C2_ER_IRQHandler
                0x08001050       0x14 ./Core/Src/stm32l4xx_it.o
                0x08001050                I2C2_ER_IRQHandler
 .text.SPI2_IRQHandler
                0x08001064       0x14 ./Core/Src/stm32l4xx_it.o
                0x08001064                SPI2_IRQHandler
 .text.USART1_IRQHandler
                0x08001078       0x14 ./Core/Src/stm32l4xx_it.o
                0x08001078                USART1_IRQHandler
 .text.SystemInit
                0x0800108c       0x24 ./Core/Src/system_stm32l4xx.o
                0x0800108c                SystemInit
 .text.Reset_Handler
                0x080010b0       0x50 ./Core/Startup/startup_stm32l476rgtx.o
                0x080010b0                Reset_Handler
 .text.Default_Handler
                0x08001100        0x2 ./Core/Startup/startup_stm32l476rgtx.o
                0x08001100                RTC_Alarm_IRQHandler
                0x08001100                EXTI2_IRQHandler
                0x08001100                TIM8_TRG_COM_IRQHandler
                0x08001100                TIM8_CC_IRQHandler
                0x08001100                TIM1_CC_IRQHandler
                0x08001100                TSC_IRQHandler
                0x08001100                TAMP_STAMP_IRQHandler
                0x08001100                EXTI3_IRQHandler
                0x08001100                LPTIM2_IRQHandler
                0x08001100                DFSDM1_FLT1_IRQHandler
                0x08001100                I2C3_ER_IRQHandler
                0x08001100                DFSDM1_FLT2_IRQHandler
                0x08001100                EXTI0_IRQHandler
                0x08001100                CAN1_RX0_IRQHandler
                0x08001100                FPU_IRQHandler
                0x08001100                TIM1_UP_TIM16_IRQHandler
                0x08001100                ADC1_2_IRQHandler
                0x08001100                SPI1_IRQHandler
                0x08001100                TIM6_DAC_IRQHandler
                0x08001100                TIM8_UP_IRQHandler
                0x08001100                DMA2_Channel2_IRQHandler
                0x08001100                DMA1_Channel4_IRQHandler
                0x08001100                SAI2_IRQHandler
                0x08001100                DFSDM1_FLT3_IRQHandler
                0x08001100                USART3_IRQHandler
                0x08001100                DMA1_Channel7_IRQHandler
                0x08001100                CAN1_RX1_IRQHandler
                0x08001100                LCD_IRQHandler
                0x08001100                UART5_IRQHandler
                0x08001100                ADC3_IRQHandler
                0x08001100                TIM4_IRQHandler
                0x08001100                DMA2_Channel1_IRQHandler
                0x08001100                QUADSPI_IRQHandler
                0x08001100                I2C1_EV_IRQHandler
                0x08001100                DMA1_Channel6_IRQHandler
                0x08001100                UART4_IRQHandler
                0x08001100                DMA2_Channel4_IRQHandler
                0x08001100                TIM3_IRQHandler
                0x08001100                RCC_IRQHandler
                0x08001100                DMA1_Channel1_IRQHandler
                0x08001100                Default_Handler
                0x08001100                DMA2_Channel7_IRQHandler
                0x08001100                EXTI15_10_IRQHandler
                0x08001100                TIM7_IRQHandler
                0x08001100                SDMMC1_IRQHandler
                0x08001100                TIM5_IRQHandler
                0x08001100                I2C3_EV_IRQHandler
                0x08001100                EXTI9_5_IRQHandler
                0x08001100                RTC_WKUP_IRQHandler
                0x08001100                PVD_PVM_IRQHandler
                0x08001100                CAN1_TX_IRQHandler
                0x08001100                DMA2_Channel5_IRQHandler
                0x08001100                DMA1_Channel5_IRQHandler
                0x08001100                EXTI4_IRQHandler
                0x08001100                RNG_IRQHandler
                0x08001100                TIM1_TRG_COM_TIM17_IRQHandler
                0x08001100                DMA1_Channel3_IRQHandler
                0x08001100                COMP_IRQHandler
                0x08001100                WWDG_IRQHandler
                0x08001100                LPUART1_IRQHandler
                0x08001100                DMA2_Channel6_IRQHandler
                0x08001100                TIM2_IRQHandler
                0x08001100                EXTI1_IRQHandler
                0x08001100                USART2_IRQHandler
                0x08001100                DFSDM1_FLT0_IRQHandler
                0x08001100                DMA1_Channel2_IRQHandler
                0x08001100                TIM8_BRK_IRQHandler
                0x08001100                CAN1_SCE_IRQHandler
                0x08001100                FLASH_IRQHandler
                0x08001100                OTG_FS_IRQHandler
                0x08001100                SPI3_IRQHandler
                0x08001100                I2C1_ER_IRQHandler
                0x08001100                FMC_IRQHandler
                0x08001100                SWPMI1_IRQHandler
                0x08001100                LPTIM1_IRQHandler
                0x08001100                SAI1_IRQHandler
                0x08001100                DMA2_Channel3_IRQHandler
                0x08001100                TIM1_BRK_TIM15_IRQHandler
 .text.HAL_Init
                0x08001102       0x30 ./Drivers/STM32L4xx_HAL_Driver/Src/stm32l4xx_hal.o
                0x08001102                HAL_Init
 *fill*         0x08001132        0x2 
 .text.HAL_InitTick
                0x08001134       0x78 ./Drivers/STM32L4xx_HAL_Driver/Src/stm32l4xx_hal.o
                0x08001134                HAL_InitTick
 .text.HAL_IncTick
                0x080011ac       0x28 ./Drivers/STM32L4xx_HAL_Driver/Src/stm32l4xx_hal.o
                0x080011ac                HAL_IncTick
 .text.HAL_GetTick
                0x080011d4       0x18 ./Drivers/STM32L4xx_HAL_Driver/Src/stm32l4xx_hal.o
                0x080011d4                HAL_GetTick
 .text.HAL_CAN_Init
                0x080011ec      0x1f6 ./Drivers/STM32L4xx_HAL_Driver/Src/stm32l4xx_hal_can.o
                0x080011ec                HAL_CAN_Init
 *fill*         0x080013e2        0x2 
 .text.__NVIC_SetPriorityGrouping
                0x080013e4       0x48 ./Drivers/STM32L4xx_HAL_Driver/Src/stm32l4xx_hal_cortex.o
 .text.__NVIC_GetPriorityGrouping
                0x0800142c       0x1c ./Drivers/STM32L4xx_HAL_Driver/Src/stm32l4xx_hal_cortex.o
 .text.__NVIC_EnableIRQ
                0x08001448       0x3c ./Drivers/STM32L4xx_HAL_Driver/Src/stm32l4xx_hal_cortex.o
 .text.__NVIC_SetPriority
                0x08001484       0x54 ./Drivers/STM32L4xx_HAL_Driver/Src/stm32l4xx_hal_cortex.o
 .text.NVIC_EncodePriority
                0x080014d8       0x66 ./Drivers/STM32L4xx_HAL_Driver/Src/stm32l4xx_hal_cortex.o
 *fill*         0x0800153e        0x2 
 .text.SysTick_Config
                0x08001540       0x44 ./Drivers/STM32L4xx_HAL_Driver/Src/stm32l4xx_hal_cortex.o
 .text.HAL_NVIC_SetPriorityGrouping
                0x08001584       0x16 ./Drivers/STM32L4xx_HAL_Driver/Src/stm32l4xx_hal_cortex.o
                0x08001584                HAL_NVIC_SetPriorityGrouping
 .text.HAL_NVIC_SetPriority
                0x0800159a       0x38 ./Drivers/STM32L4xx_HAL_Driver/Src/stm32l4xx_hal_cortex.o
                0x0800159a                HAL_NVIC_SetPriority
 .text.HAL_NVIC_EnableIRQ
                0x080015d2       0x1c ./Drivers/STM32L4xx_HAL_Driver/Src/stm32l4xx_hal_cortex.o
                0x080015d2                HAL_NVIC_EnableIRQ
 .text.HAL_SYSTICK_Config
                0x080015ee       0x18 ./Drivers/STM32L4xx_HAL_Driver/Src/stm32l4xx_hal_cortex.o
                0x080015ee                HAL_SYSTICK_Config
 .text.HAL_DMA_Abort
                0x08001606       0x7c ./Drivers/STM32L4xx_HAL_Driver/Src/stm32l4xx_hal_dma.o
                0x08001606                HAL_DMA_Abort
 .text.HAL_DMA_Abort_IT
                0x08001682       0x82 ./Drivers/STM32L4xx_HAL_Driver/Src/stm32l4xx_hal_dma.o
                0x08001682                HAL_DMA_Abort_IT
 .text.HAL_DMA_GetState
                0x08001704       0x1c ./Drivers/STM32L4xx_HAL_Driver/Src/stm32l4xx_hal_dma.o
                0x08001704                HAL_DMA_GetState
 .text.HAL_GPIO_Init
                0x08001720      0x354 ./Drivers/STM32L4xx_HAL_Driver/Src/stm32l4xx_hal_gpio.o
                0x08001720                HAL_GPIO_Init
 .text.HAL_GPIO_WritePin
                0x08001a74       0x30 ./Drivers/STM32L4xx_HAL_Driver/Src/stm32l4xx_hal_gpio.o
                0x08001a74                HAL_GPIO_WritePin
 .text.HAL_I2C_Init
                0x08001aa4      0x136 ./Drivers/STM32L4xx_HAL_Driver/Src/stm32l4xx_hal_i2c.o
                0x08001aa4                HAL_I2C_Init
 .text.HAL_I2C_EV_IRQHandler
                0x08001bda       0x34 ./Drivers/STM32L4xx_HAL_Driver/Src/stm32l4xx_hal_i2c.o
                0x08001bda                HAL_I2C_EV_IRQHandler
 .text.HAL_I2C_ER_IRQHandler
                0x08001c0e       0xb6 ./Drivers/STM32L4xx_HAL_Driver/Src/stm32l4xx_hal_i2c.o
                0x08001c0e                HAL_I2C_ER_IRQHandler
 .text.HAL_I2C_AddrCallback
                0x08001cc4       0x1c ./Drivers/STM32L4xx_HAL_Driver/Src/stm32l4xx_hal_i2c.o
                0x08001cc4                HAL_I2C_AddrCallback
 .text.HAL_I2C_ListenCpltCallback
                0x08001ce0       0x14 ./Drivers/STM32L4xx_HAL_Driver/Src/stm32l4xx_hal_i2c.o
                0x08001ce0                HAL_I2C_ListenCpltCallback
 .text.HAL_I2C_ErrorCallback
                0x08001cf4       0x14 ./Drivers/STM32L4xx_HAL_Driver/Src/stm32l4xx_hal_i2c.o
                0x08001cf4                HAL_I2C_ErrorCallback
 .text.HAL_I2C_AbortCpltCallback
                0x08001d08       0x14 ./Drivers/STM32L4xx_HAL_Driver/Src/stm32l4xx_hal_i2c.o
                0x08001d08                HAL_I2C_AbortCpltCallback
 .text.I2C_Slave_ISR_IT
                0x08001d1c      0x1f2 ./Drivers/STM32L4xx_HAL_Driver/Src/stm32l4xx_hal_i2c.o
 .text.I2C_ITAddrCplt
                0x08001f0e      0x108 ./Drivers/STM32L4xx_HAL_Driver/Src/stm32l4xx_hal_i2c.o
 .text.I2C_ITSlaveSeqCplt
                0x08002016       0xb8 ./Drivers/STM32L4xx_HAL_Driver/Src/stm32l4xx_hal_i2c.o
 *fill*         0x080020ce        0x2 
 .text.I2C_ITSlaveCplt
                0x080020d0      0x2c8 ./Drivers/STM32L4xx_HAL_Driver/Src/stm32l4xx_hal_i2c.o
 .text.I2C_ITListenCplt
                0x08002398       0xa8 ./Drivers/STM32L4xx_HAL_Driver/Src/stm32l4xx_hal_i2c.o
 .text.I2C_ITError
                0x08002440      0x1e0 ./Drivers/STM32L4xx_HAL_Driver/Src/stm32l4xx_hal_i2c.o
 .text.I2C_TreatErrorCallback
                0x08002620       0x4e ./Drivers/STM32L4xx_HAL_Driver/Src/stm32l4xx_hal_i2c.o
 .text.I2C_Flush_TXDR
                0x0800266e       0x48 ./Drivers/STM32L4xx_HAL_Driver/Src/stm32l4xx_hal_i2c.o
 .text.I2C_DMAAbort
                0x080026b6       0x3c ./Drivers/STM32L4xx_HAL_Driver/Src/stm32l4xx_hal_i2c.o
 .text.I2C_Disable_IRQ
                0x080026f2       0xbc ./Drivers/STM32L4xx_HAL_Driver/Src/stm32l4xx_hal_i2c.o
 .text.HAL_I2CEx_ConfigAnalogFilter
                0x080027ae       0x96 ./Drivers/STM32L4xx_HAL_Driver/Src/stm32l4xx_hal_i2c_ex.o
                0x080027ae                HAL_I2CEx_ConfigAnalogFilter
 .text.HAL_I2CEx_ConfigDigitalFilter
                0x08002844       0x98 ./Drivers/STM32L4xx_HAL_Driver/Src/stm32l4xx_hal_i2c_ex.o
                0x08002844                HAL_I2CEx_ConfigDigitalFilter
 .text.HAL_PWREx_GetVoltageRange
                0x080028dc       0x1c ./Drivers/STM32L4xx_HAL_Driver/Src/stm32l4xx_hal_pwr_ex.o
                0x080028dc                HAL_PWREx_GetVoltageRange
 .text.HAL_PWREx_ControlVoltageScaling
                0x080028f8       0xac ./Drivers/STM32L4xx_HAL_Driver/Src/stm32l4xx_hal_pwr_ex.o
                0x080028f8                HAL_PWREx_ControlVoltageScaling
 .text.HAL_RCC_OscConfig
                0x080029a4      0x7b8 ./Drivers/STM32L4xx_HAL_Driver/Src/stm32l4xx_hal_rcc.o
                0x080029a4                HAL_RCC_OscConfig
 .text.HAL_RCC_ClockConfig
                0x0800315c      0x200 ./Drivers/STM32L4xx_HAL_Driver/Src/stm32l4xx_hal_rcc.o
                0x0800315c                HAL_RCC_ClockConfig
 .text.HAL_RCC_GetSysClockFreq
                0x0800335c      0x118 ./Drivers/STM32L4xx_HAL_Driver/Src/stm32l4xx_hal_rcc.o
                0x0800335c                HAL_RCC_GetSysClockFreq
 .text.HAL_RCC_GetHCLKFreq
                0x08003474       0x18 ./Drivers/STM32L4xx_HAL_Driver/Src/stm32l4xx_hal_rcc.o
                0x08003474                HAL_RCC_GetHCLKFreq
 .text.HAL_RCC_GetPCLK1Freq
                0x0800348c       0x2c ./Drivers/STM32L4xx_HAL_Driver/Src/stm32l4xx_hal_rcc.o
                0x0800348c                HAL_RCC_GetPCLK1Freq
 .text.HAL_RCC_GetPCLK2Freq
                0x080034b8       0x2c ./Drivers/STM32L4xx_HAL_Driver/Src/stm32l4xx_hal_rcc.o
                0x080034b8                HAL_RCC_GetPCLK2Freq
 .text.RCC_SetFlashLatencyFromMSIRange
                0x080034e4       0xc0 ./Drivers/STM32L4xx_HAL_Driver/Src/stm32l4xx_hal_rcc.o
 .text.HAL_RCCEx_PeriphCLKConfig
                0x080035a4      0x5d4 ./Drivers/STM32L4xx_HAL_Driver/Src/stm32l4xx_hal_rcc_ex.o
                0x080035a4                HAL_RCCEx_PeriphCLKConfig
 .text.RCCEx_PLLSAI1_Config
                0x08003b78      0x1e8 ./Drivers/STM32L4xx_HAL_Driver/Src/stm32l4xx_hal_rcc_ex.o
 .text.RCCEx_PLLSAI2_Config
                0x08003d60      0x1bc ./Drivers/STM32L4xx_HAL_Driver/Src/stm32l4xx_hal_rcc_ex.o
 .text.HAL_SPI_Init
                0x08003f1c      0x146 ./Drivers/STM32L4xx_HAL_Driver/Src/stm32l4xx_hal_spi.o
                0x08003f1c                HAL_SPI_Init
 *fill*         0x08004062        0x2 
 .text.HAL_SPI_Transmit_IT
                0x08004064      0x110 ./Drivers/STM32L4xx_HAL_Driver/Src/stm32l4xx_hal_spi.o
                0x08004064                HAL_SPI_Transmit_IT
 .text.HAL_SPI_Receive_IT
                0x08004174      0x154 ./Drivers/STM32L4xx_HAL_Driver/Src/stm32l4xx_hal_spi.o
                0x08004174                HAL_SPI_Receive_IT
 .text.HAL_SPI_TransmitReceive_IT
                0x080042c8      0x154 ./Drivers/STM32L4xx_HAL_Driver/Src/stm32l4xx_hal_spi.o
                0x080042c8                HAL_SPI_TransmitReceive_IT
 .text.HAL_SPI_IRQHandler
                0x0800441c      0x1e8 ./Drivers/STM32L4xx_HAL_Driver/Src/stm32l4xx_hal_spi.o
                0x0800441c                HAL_SPI_IRQHandler
 .text.HAL_SPI_TxRxCpltCallback
                0x08004604       0x14 ./Drivers/STM32L4xx_HAL_Driver/Src/stm32l4xx_hal_spi.o
                0x08004604                HAL_SPI_TxRxCpltCallback
 .text.SPI_DMAAbortOnError
                0x08004618       0x2a ./Drivers/STM32L4xx_HAL_Driver/Src/stm32l4xx_hal_spi.o
 .text.SPI_2linesRxISR_8BIT
                0x08004642       0xbe ./Drivers/STM32L4xx_HAL_Driver/Src/stm32l4xx_hal_spi.o
 .text.SPI_2linesTxISR_8BIT
                0x08004700       0x92 ./Drivers/STM32L4xx_HAL_Driver/Src/stm32l4xx_hal_spi.o
 .text.SPI_2linesRxISR_16BIT
                0x08004792       0x66 ./Drivers/STM32L4xx_HAL_Driver/Src/stm32l4xx_hal_spi.o
 .text.SPI_2linesTxISR_16BIT
                0x080047f8       0x60 ./Drivers/STM32L4xx_HAL_Driver/Src/stm32l4xx_hal_spi.o
 .text.SPI_RxISR_8BIT
                0x08004858       0x50 ./Drivers/STM32L4xx_HAL_Driver/Src/stm32l4xx_hal_spi.o
 .text.SPI_RxISR_16BIT
                0x080048a8       0x4c ./Drivers/STM32L4xx_HAL_Driver/Src/stm32l4xx_hal_spi.o
 .text.SPI_TxISR_8BIT
                0x080048f4       0x46 ./Drivers/STM32L4xx_HAL_Driver/Src/stm32l4xx_hal_spi.o
 .text.SPI_TxISR_16BIT
                0x0800493a       0x44 ./Drivers/STM32L4xx_HAL_Driver/Src/stm32l4xx_hal_spi.o
 *fill*         0x0800497e        0x2 
 .text.SPI_WaitFlagStateUntilTimeout
                0x08004980      0x110 ./Drivers/STM32L4xx_HAL_Driver/Src/stm32l4xx_hal_spi.o
 .text.SPI_WaitFifoStateUntilTimeout
                0x08004a90      0x12c ./Drivers/STM32L4xx_HAL_Driver/Src/stm32l4xx_hal_spi.o
 .text.SPI_EndRxTransaction
                0x08004bbc       0xb0 ./Drivers/STM32L4xx_HAL_Driver/Src/stm32l4xx_hal_spi.o
 .text.SPI_EndRxTxTransaction
                0x08004c6c       0x8c ./Drivers/STM32L4xx_HAL_Driver/Src/stm32l4xx_hal_spi.o
 .text.SPI_CloseRxTx_ISR
                0x08004cf8       0x84 ./Drivers/STM32L4xx_HAL_Driver/Src/stm32l4xx_hal_spi.o
 .text.SPI_CloseRx_ISR
                0x08004d7c       0x60 ./Drivers/STM32L4xx_HAL_Driver/Src/stm32l4xx_hal_spi.o
 .text.SPI_CloseTx_ISR
                0x08004ddc       0x7e ./Drivers/STM32L4xx_HAL_Driver/Src/stm32l4xx_hal_spi.o
 .text.HAL_UART_Init
                0x08004e5a       0x9c ./Drivers/STM32L4xx_HAL_Driver/Src/stm32l4xx_hal_uart.o
                0x08004e5a                HAL_UART_Init
 .text.HAL_UART_Transmit
                0x08004ef6      0x112 ./Drivers/STM32L4xx_HAL_Driver/Src/stm32l4xx_hal_uart.o
                0x08004ef6                HAL_UART_Transmit
 .text.HAL_UART_Receive_IT
                0x08005008       0x98 ./Drivers/STM32L4xx_HAL_Driver/Src/stm32l4xx_hal_uart.o
                0x08005008                HAL_UART_Receive_IT
 .text.HAL_UART_IRQHandler
                0x080050a0      0x60c ./Drivers/STM32L4xx_HAL_Driver/Src/stm32l4xx_hal_uart.o
                0x080050a0                HAL_UART_IRQHandler
 .text.HAL_UART_TxCpltCallback
                0x080056ac       0x14 ./Drivers/STM32L4xx_HAL_Driver/Src/stm32l4xx_hal_uart.o
                0x080056ac                HAL_UART_TxCpltCallback
 .text.HAL_UART_ErrorCallback
                0x080056c0       0x14 ./Drivers/STM32L4xx_HAL_Driver/Src/stm32l4xx_hal_uart.o
                0x080056c0                HAL_UART_ErrorCallback
 .text.HAL_UARTEx_RxEventCallback
                0x080056d4       0x18 ./Drivers/STM32L4xx_HAL_Driver/Src/stm32l4xx_hal_uart.o
                0x080056d4                HAL_UARTEx_RxEventCallback
 .text.UART_SetConfig
                0x080056ec      0x570 ./Drivers/STM32L4xx_HAL_Driver/Src/stm32l4xx_hal_uart.o
                0x080056ec                UART_SetConfig
 .text.UART_AdvFeatureConfig
                0x08005c5c      0x144 ./Drivers/STM32L4xx_HAL_Driver/Src/stm32l4xx_hal_uart.o
                0x08005c5c                UART_AdvFeatureConfig
 .text.UART_CheckIdleState
                0x08005da0      0x150 ./Drivers/STM32L4xx_HAL_Driver/Src/stm32l4xx_hal_uart.o
                0x08005da0                UART_CheckIdleState
 .text.UART_WaitOnFlagUntilTimeout
                0x08005ef0       0xda ./Drivers/STM32L4xx_HAL_Driver/Src/stm32l4xx_hal_uart.o
                0x08005ef0                UART_WaitOnFlagUntilTimeout
 *fill*         0x08005fca        0x2 
 .text.UART_Start_Receive_IT
                0x08005fcc      0x18c ./Drivers/STM32L4xx_HAL_Driver/Src/stm32l4xx_hal_uart.o
                0x08005fcc                UART_Start_Receive_IT
 .text.UART_EndRxTransfer
                0x08006158       0xc8 ./Drivers/STM32L4xx_HAL_Driver/Src/stm32l4xx_hal_uart.o
 .text.UART_DMAAbortOnError
                0x08006220       0x2c ./Drivers/STM32L4xx_HAL_Driver/Src/stm32l4xx_hal_uart.o
 .text.UART_EndTransmit_IT
                0x0800624c       0x54 ./Drivers/STM32L4xx_HAL_Driver/Src/stm32l4xx_hal_uart.o
 .text.UART_RxISR_8BIT
                0x080062a0      0x1bc ./Drivers/STM32L4xx_HAL_Driver/Src/stm32l4xx_hal_uart.o
 .text.UART_RxISR_16BIT
                0x0800645c      0x1bc ./Drivers/STM32L4xx_HAL_Driver/Src/stm32l4xx_hal_uart.o
 .text.HAL_UARTEx_WakeupCallback
                0x08006618       0x14 ./Drivers/STM32L4xx_HAL_Driver/Src/stm32l4xx_hal_uart_ex.o
                0x08006618                HAL_UARTEx_WakeupCallback
 .text.aes_gen_tables
                0x0800662c      0x498 ./library/aes.o
 .text.mbedtls_aes_init
                0x08006ac4       0x1c ./library/aes.o
                0x08006ac4                mbedtls_aes_init
 .text.mbedtls_aes_free
                0x08006ae0       0x22 ./library/aes.o
                0x08006ae0                mbedtls_aes_free
 *fill*         0x08006b02        0x2 
 .text.mbedtls_aes_setkey_enc
                0x08006b04      0x3e8 ./library/aes.o
                0x08006b04                mbedtls_aes_setkey_enc
 .text.mbedtls_aes_setkey_dec
                0x08006eec      0x26c ./library/aes.o
                0x08006eec                mbedtls_aes_setkey_dec
 .text.mbedtls_internal_aes_encrypt
                0x08007158      0x66c ./library/aes.o
                0x08007158                mbedtls_internal_aes_encrypt
 .text.mbedtls_internal_aes_decrypt
                0x080077c4      0x66c ./library/aes.o
                0x080077c4                mbedtls_internal_aes_decrypt
 .text.mbedtls_aes_crypt_ecb
                0x08007e30       0x36 ./library/aes.o
                0x08007e30                mbedtls_aes_crypt_ecb
 .text.mbedtls_des_init
                0x08007e66       0x1a ./library/des.o
                0x08007e66                mbedtls_des_init
 .text.mbedtls_des_setkey
                0x08007e80      0x3f8 ./library/des.o
                0x08007e80                mbedtls_des_setkey
 .text.mbedtls_des_setkey_enc
                0x08008278       0x1e ./library/des.o
                0x08008278                mbedtls_des_setkey_enc
 .text.mbedtls_des_setkey_dec
                0x08008296       0x94 ./library/des.o
                0x08008296                mbedtls_des_setkey_dec
 *fill*         0x0800832a        0x2 
 .text.mbedtls_des_crypt_ecb
                0x0800832c      0x394 ./library/des.o
                0x0800832c                mbedtls_des_crypt_ecb
 .text.mbedtls_platform_zeroize
                0x080086c0       0x28 ./library/platform_util.o
                0x080086c0                mbedtls_platform_zeroize
 .text.memset   0x080086e8       0x10 C:/ST/STM32CubeIDE_1.16.0/STM32CubeIDE/plugins/com.st.stm32cube.ide.mcu.externaltools.gnu-tools-for-stm32.12.3.rel1.win32_1.0.200.202406191623/tools/bin/../lib/gcc/arm-none-eabi/12.3.1/../../../../arm-none-eabi/lib/thumb/v7e-m+fp/hard\libc_nano.a(libc_a-memset.o)
                0x080086e8                memset
 .text.__libc_init_array
                0x080086f8       0x48 C:/ST/STM32CubeIDE_1.16.0/STM32CubeIDE/plugins/com.st.stm32cube.ide.mcu.externaltools.gnu-tools-for-stm32.12.3.rel1.win32_1.0.200.202406191623/tools/bin/../lib/gcc/arm-none-eabi/12.3.1/../../../../arm-none-eabi/lib/thumb/v7e-m+fp/hard\libc_nano.a(libc_a-init.o)
                0x080086f8                __libc_init_array
 *(.glue_7)
 .glue_7        0x08008740        0x0 linker stubs
 *(.glue_7t)
 .glue_7t       0x08008740        0x0 linker stubs
 *(.eh_frame)
 .eh_frame      0x08008740        0x0 C:/ST/STM32CubeIDE_1.16.0/STM32CubeIDE/plugins/com.st.stm32cube.ide.mcu.externaltools.gnu-tools-for-stm32.12.3.rel1.win32_1.0.200.202406191623/tools/bin/../lib/gcc/arm-none-eabi/12.3.1/thumb/v7e-m+fp/hard/crtbegin.o
 *(.init)
 .init          0x08008740        0x4 C:/ST/STM32CubeIDE_1.16.0/STM32CubeIDE/plugins/com.st.stm32cube.ide.mcu.externaltools.gnu-tools-for-stm32.12.3.rel1.win32_1.0.200.202406191623/tools/bin/../lib/gcc/arm-none-eabi/12.3.1/thumb/v7e-m+fp/hard/crti.o
                0x08008740                _init
 .init          0x08008744        0x8 C:/ST/STM32CubeIDE_1.16.0/STM32CubeIDE/plugins/com.st.stm32cube.ide.mcu.externaltools.gnu-tools-for-stm32.12.3.rel1.win32_1.0.200.202406191623/tools/bin/../lib/gcc/arm-none-eabi/12.3.1/thumb/v7e-m+fp/hard/crtn.o
 *(.fini)
 .fini          0x0800874c        0x4 C:/ST/STM32CubeIDE_1.16.0/STM32CubeIDE/plugins/com.st.stm32cube.ide.mcu.externaltools.gnu-tools-for-stm32.12.3.rel1.win32_1.0.200.202406191623/tools/bin/../lib/gcc/arm-none-eabi/12.3.1/thumb/v7e-m+fp/hard/crti.o
                0x0800874c                _fini
 .fini          0x08008750        0x8 C:/ST/STM32CubeIDE_1.16.0/STM32CubeIDE/plugins/com.st.stm32cube.ide.mcu.externaltools.gnu-tools-for-stm32.12.3.rel1.win32_1.0.200.202406191623/tools/bin/../lib/gcc/arm-none-eabi/12.3.1/thumb/v7e-m+fp/hard/crtn.o
                0x08008758                        . = ALIGN (0x4)
                0x08008758                        _etext = .

.vfp11_veneer   0x08008758        0x0
 .vfp11_veneer  0x08008758        0x0 linker stubs

.v4_bx          0x08008758        0x0
 .v4_bx         0x08008758        0x0 linker stubs

.iplt           0x08008758        0x0
 .iplt          0x08008758        0x0 C:/ST/STM32CubeIDE_1.16.0/STM32CubeIDE/plugins/com.st.stm32cube.ide.mcu.externaltools.gnu-tools-for-stm32.12.3.rel1.win32_1.0.200.202406191623/tools/bin/../lib/gcc/arm-none-eabi/12.3.1/thumb/v7e-m+fp/hard/crtbegin.o

.rodata         0x08008758      0x8c8
                0x08008758                        . = ALIGN (0x4)
 *(.rodata)
 *(.rodata*)
 .rodata.AHBPrescTable
                0x08008758       0x10 ./Core/Src/system_stm32l4xx.o
                0x08008758                AHBPrescTable
 .rodata.APBPrescTable
                0x08008768        0x8 ./Core/Src/system_stm32l4xx.o
                0x08008768                APBPrescTable
 .rodata.MSIRangeTable
                0x08008770       0x30 ./Core/Src/system_stm32l4xx.o
                0x08008770                MSIRangeTable
 .rodata.SB1    0x080087a0      0x100 ./library/des.o
 .rodata.SB2    0x080088a0      0x100 ./library/des.o
 .rodata.SB3    0x080089a0      0x100 ./library/des.o
 .rodata.SB4    0x08008aa0      0x100 ./library/des.o
 .rodata.SB5    0x08008ba0      0x100 ./library/des.o
 .rodata.SB6    0x08008ca0      0x100 ./library/des.o
 .rodata.SB7    0x08008da0      0x100 ./library/des.o
 .rodata.SB8    0x08008ea0      0x100 ./library/des.o
 .rodata.LHs    0x08008fa0       0x40 ./library/des.o
 .rodata.RHs    0x08008fe0       0x40 ./library/des.o
                0x08009020                        . = ALIGN (0x4)

.ARM.extab      0x08009020        0x0
                0x08009020                        . = ALIGN (0x4)
 *(.ARM.extab* .gnu.linkonce.armextab.*)
                0x08009020                        . = ALIGN (0x4)

.ARM            0x08009020        0x8
                0x08009020                        . = ALIGN (0x4)
                0x08009020                        __exidx_start = .
 *(.ARM.exidx*)
 .ARM.exidx     0x08009020        0x8 C:/ST/STM32CubeIDE_1.16.0/STM32CubeIDE/plugins/com.st.stm32cube.ide.mcu.externaltools.gnu-tools-for-stm32.12.3.rel1.win32_1.0.200.202406191623/tools/bin/../lib/gcc/arm-none-eabi/12.3.1/thumb/v7e-m+fp/hard\libgcc.a(_udivmoddi4.o)
                0x08009028                        __exidx_end = .
                0x08009028                        . = ALIGN (0x4)

.preinit_array  0x08009028        0x0
                0x08009028                        . = ALIGN (0x4)
                0x08009028                        PROVIDE (__preinit_array_start = .)
 *(.preinit_array*)
                0x08009028                        PROVIDE (__preinit_array_end = .)
                0x08009028                        . = ALIGN (0x4)

.init_array     0x08009028        0x4
                0x08009028                        . = ALIGN (0x4)
                0x08009028                        PROVIDE (__init_array_start = .)
 *(SORT_BY_NAME(.init_array.*))
 *(.init_array*)
 .init_array    0x08009028        0x4 C:/ST/STM32CubeIDE_1.16.0/STM32CubeIDE/plugins/com.st.stm32cube.ide.mcu.externaltools.gnu-tools-for-stm32.12.3.rel1.win32_1.0.200.202406191623/tools/bin/../lib/gcc/arm-none-eabi/12.3.1/thumb/v7e-m+fp/hard/crtbegin.o
                0x0800902c                        PROVIDE (__init_array_end = .)
                0x0800902c                        . = ALIGN (0x4)

.fini_array     0x0800902c        0x4
                0x0800902c                        . = ALIGN (0x4)
                [!provide]                        PROVIDE (__fini_array_start = .)
 *(SORT_BY_NAME(.fini_array.*))
 *(.fini_array*)
 .fini_array    0x0800902c        0x4 C:/ST/STM32CubeIDE_1.16.0/STM32CubeIDE/plugins/com.st.stm32cube.ide.mcu.externaltools.gnu-tools-for-stm32.12.3.rel1.win32_1.0.200.202406191623/tools/bin/../lib/gcc/arm-none-eabi/12.3.1/thumb/v7e-m+fp/hard/crtbegin.o
                [!provide]                        PROVIDE (__fini_array_end = .)
                0x08009030                        . = ALIGN (0x4)
                0x08009030                        _sidata = LOADADDR (.data)

.rel.dyn        0x08009030        0x0
 .rel.iplt      0x08009030        0x0 C:/ST/STM32CubeIDE_1.16.0/STM32CubeIDE/plugins/com.st.stm32cube.ide.mcu.externaltools.gnu-tools-for-stm32.12.3.rel1.win32_1.0.200.202406191623/tools/bin/../lib/gcc/arm-none-eabi/12.3.1/thumb/v7e-m+fp/hard/crtbegin.o

.data           0x20000000       0x14 load address 0x08009030
                0x20000000                        . = ALIGN (0x4)
                0x20000000                        _sdata = .
 *(.data)
 *(.data*)
 .data.key_length
                0x20000000        0x4 ./Core/Src/main.o
                0x20000000                key_length
 .data.SystemCoreClock
                0x20000004        0x4 ./Core/Src/system_stm32l4xx.o
                0x20000004                SystemCoreClock
 .data.uwTickPrio
                0x20000008        0x4 ./Drivers/STM32L4xx_HAL_Driver/Src/stm32l4xx_hal.o
                0x20000008                uwTickPrio
 .data.uwTickFreq
                0x2000000c        0x1 ./Drivers/STM32L4xx_HAL_Driver/Src/stm32l4xx_hal.o
                0x2000000c                uwTickFreq
 *fill*         0x2000000d        0x3 
 .data.memset_func
                0x20000010        0x4 ./library/platform_util.o
 *(.RamFunc)
 *(.RamFunc*)
                0x20000014                        . = ALIGN (0x4)
                0x20000014                        _edata = .

.igot.plt       0x20000014        0x0 load address 0x08009044
 .igot.plt      0x20000014        0x0 C:/ST/STM32CubeIDE_1.16.0/STM32CubeIDE/plugins/com.st.stm32cube.ide.mcu.externaltools.gnu-tools-for-stm32.12.3.rel1.win32_1.0.200.202406191623/tools/bin/../lib/gcc/arm-none-eabi/12.3.1/thumb/v7e-m+fp/hard/crtbegin.o
                0x20000014                        . = ALIGN (0x4)

.bss            0x20000014     0x25dc load address 0x08009044
                0x20000014                        _sbss = .
                0x20000014                        __bss_start__ = _sbss
 *(.bss)
 .bss           0x20000014       0x1c C:/ST/STM32CubeIDE_1.16.0/STM32CubeIDE/plugins/com.st.stm32cube.ide.mcu.externaltools.gnu-tools-for-stm32.12.3.rel1.win32_1.0.200.202406191623/tools/bin/../lib/gcc/arm-none-eabi/12.3.1/thumb/v7e-m+fp/hard/crtbegin.o
 *(.bss*)
 .bss.hcan1     0x20000030       0x28 ./Core/Src/main.o
                0x20000030                hcan1
 .bss.hi2c2     0x20000058       0x54 ./Core/Src/main.o
                0x20000058                hi2c2
 .bss.hspi2     0x200000ac       0x64 ./Core/Src/main.o
                0x200000ac                hspi2
 .bss.huart1    0x20000110       0x88 ./Core/Src/main.o
                0x20000110                huart1
 .bss.flag_uart
                0x20000198        0x1 ./Core/Src/main.o
                0x20000198                flag_uart
 .bss.flag_spi  0x20000199        0x1 ./Core/Src/main.o
                0x20000199                flag_spi
 .bss.flag_i2c  0x2000019a        0x1 ./Core/Src/main.o
                0x2000019a                flag_i2c
 .bss.flag_can  0x2000019b        0x1 ./Core/Src/main.o
                0x2000019b                flag_can
 .bss.flag_cmd_payload
                0x2000019c        0x1 ./Core/Src/main.o
                0x2000019c                flag_cmd_payload
 *fill*         0x2000019d        0x3 
 .bss.payload_len
                0x200001a0        0x4 ./Core/Src/main.o
                0x200001a0                payload_len
 .bss.rx_buffer
                0x200001a4       0x40 ./Core/Src/main.o
                0x200001a4                rx_buffer
 .bss.tx_buffer
                0x200001e4       0x40 ./Core/Src/main.o
                0x200001e4                tx_buffer
 .bss.status    0x20000224        0x2 ./Core/Src/main.o
                0x20000224                status
 *fill*         0x20000226        0x2 
 .bss.aes_ctx   0x20000228      0x118 ./Core/Src/main.o
                0x20000228                aes_ctx
 .bss.des_ctx   0x20000340       0x80 ./Core/Src/main.o
                0x20000340                des_ctx
 .bss.uwTick    0x200003c0        0x4 ./Drivers/STM32L4xx_HAL_Driver/Src/stm32l4xx_hal.o
                0x200003c0                uwTick
 .bss.FSb       0x200003c4      0x100 ./library/aes.o
 .bss.FT0       0x200004c4      0x400 ./library/aes.o
 .bss.FT1       0x200008c4      0x400 ./library/aes.o
 .bss.FT2       0x20000cc4      0x400 ./library/aes.o
 .bss.FT3       0x200010c4      0x400 ./library/aes.o
 .bss.RSb       0x200014c4      0x100 ./library/aes.o
 .bss.RT0       0x200015c4      0x400 ./library/aes.o
 .bss.RT1       0x200019c4      0x400 ./library/aes.o
 .bss.RT2       0x20001dc4      0x400 ./library/aes.o
 .bss.RT3       0x200021c4      0x400 ./library/aes.o
 .bss.RCON      0x200025c4       0x28 ./library/aes.o
 .bss.aes_init_done
                0x200025ec        0x4 ./library/aes.o
 *(COMMON)
                0x200025f0                        . = ALIGN (0x4)
                0x200025f0                        _ebss = .
                0x200025f0                        __bss_end__ = _ebss

._user_heap_stack
                0x200025f0      0x600 load address 0x08009044
                0x200025f0                        . = ALIGN (0x8)
                [!provide]                        PROVIDE (end = .)
                0x200025f0                        PROVIDE (_end = .)
                0x200027f0                        . = (. + _Min_Heap_Size)
 *fill*         0x200025f0      0x200 
                0x20002bf0                        . = (. + _Min_Stack_Size)
 *fill*         0x200027f0      0x400 
                0x20002bf0                        . = ALIGN (0x8)

/DISCARD/
 libc.a(*)
 libm.a(*)
 libgcc.a(*)

.ARM.attributes
                0x00000000       0x30
 *(.ARM.attributes)
 .ARM.attributes
                0x00000000       0x22 C:/ST/STM32CubeIDE_1.16.0/STM32CubeIDE/plugins/com.st.stm32cube.ide.mcu.externaltools.gnu-tools-for-stm32.12.3.rel1.win32_1.0.200.202406191623/tools/bin/../lib/gcc/arm-none-eabi/12.3.1/thumb/v7e-m+fp/hard/crti.o
 .ARM.attributes
                0x00000022       0x34 C:/ST/STM32CubeIDE_1.16.0/STM32CubeIDE/plugins/com.st.stm32cube.ide.mcu.externaltools.gnu-tools-for-stm32.12.3.rel1.win32_1.0.200.202406191623/tools/bin/../lib/gcc/arm-none-eabi/12.3.1/thumb/v7e-m+fp/hard/crtbegin.o
 .ARM.attributes
                0x00000056       0x34 ./Core/Src/main.o
 .ARM.attributes
                0x0000008a       0x34 ./Core/Src/stm32l4xx_hal_msp.o
 .ARM.attributes
                0x000000be       0x34 ./Core/Src/stm32l4xx_it.o
 .ARM.attributes
                0x000000f2       0x34 ./Core/Src/system_stm32l4xx.o
 .ARM.attributes
                0x00000126       0x21 ./Core/Startup/startup_stm32l476rgtx.o
 .ARM.attributes
                0x00000147       0x34 ./Drivers/STM32L4xx_HAL_Driver/Src/stm32l4xx_hal.o
 .ARM.attributes
                0x0000017b       0x34 ./Drivers/STM32L4xx_HAL_Driver/Src/stm32l4xx_hal_can.o
 .ARM.attributes
                0x000001af       0x34 ./Drivers/STM32L4xx_HAL_Driver/Src/stm32l4xx_hal_cortex.o
 .ARM.attributes
                0x000001e3       0x34 ./Drivers/STM32L4xx_HAL_Driver/Src/stm32l4xx_hal_dma.o
 .ARM.attributes
                0x00000217       0x34 ./Drivers/STM32L4xx_HAL_Driver/Src/stm32l4xx_hal_gpio.o
 .ARM.attributes
                0x0000024b       0x34 ./Drivers/STM32L4xx_HAL_Driver/Src/stm32l4xx_hal_i2c.o
 .ARM.attributes
                0x0000027f       0x34 ./Drivers/STM32L4xx_HAL_Driver/Src/stm32l4xx_hal_i2c_ex.o
 .ARM.attributes
                0x000002b3       0x34 ./Drivers/STM32L4xx_HAL_Driver/Src/stm32l4xx_hal_pwr_ex.o
 .ARM.attributes
                0x000002e7       0x34 ./Drivers/STM32L4xx_HAL_Driver/Src/stm32l4xx_hal_rcc.o
 .ARM.attributes
                0x0000031b       0x34 ./Drivers/STM32L4xx_HAL_Driver/Src/stm32l4xx_hal_rcc_ex.o
 .ARM.attributes
                0x0000034f       0x34 ./Drivers/STM32L4xx_HAL_Driver/Src/stm32l4xx_hal_spi.o
 .ARM.attributes
                0x00000383       0x34 ./Drivers/STM32L4xx_HAL_Driver/Src/stm32l4xx_hal_uart.o
 .ARM.attributes
                0x000003b7       0x34 ./Drivers/STM32L4xx_HAL_Driver/Src/stm32l4xx_hal_uart_ex.o
 .ARM.attributes
                0x000003eb       0x34 ./library/aes.o
 .ARM.attributes
                0x0000041f       0x34 ./library/des.o
 .ARM.attributes
                0x00000453       0x34 ./library/platform_util.o
 .ARM.attributes
                0x00000487       0x34 C:/ST/STM32CubeIDE_1.16.0/STM32CubeIDE/plugins/com.st.stm32cube.ide.mcu.externaltools.gnu-tools-for-stm32.12.3.rel1.win32_1.0.200.202406191623/tools/bin/../lib/gcc/arm-none-eabi/12.3.1/../../../../arm-none-eabi/lib/thumb/v7e-m+fp/hard\libc_nano.a(libc_a-memset.o)
 .ARM.attributes
                0x000004bb       0x34 C:/ST/STM32CubeIDE_1.16.0/STM32CubeIDE/plugins/com.st.stm32cube.ide.mcu.externaltools.gnu-tools-for-stm32.12.3.rel1.win32_1.0.200.202406191623/tools/bin/../lib/gcc/arm-none-eabi/12.3.1/../../../../arm-none-eabi/lib/thumb/v7e-m+fp/hard\libc_nano.a(libc_a-init.o)
 .ARM.attributes
                0x000004ef       0x22 C:/ST/STM32CubeIDE_1.16.0/STM32CubeIDE/plugins/com.st.stm32cube.ide.mcu.externaltools.gnu-tools-for-stm32.12.3.rel1.win32_1.0.200.202406191623/tools/bin/../lib/gcc/arm-none-eabi/12.3.1/thumb/v7e-m+fp/hard\libgcc.a(_aeabi_uldivmod.o)
 .ARM.attributes
                0x00000511       0x34 C:/ST/STM32CubeIDE_1.16.0/STM32CubeIDE/plugins/com.st.stm32cube.ide.mcu.externaltools.gnu-tools-for-stm32.12.3.rel1.win32_1.0.200.202406191623/tools/bin/../lib/gcc/arm-none-eabi/12.3.1/thumb/v7e-m+fp/hard\libgcc.a(_udivmoddi4.o)
 .ARM.attributes
                0x00000545       0x22 C:/ST/STM32CubeIDE_1.16.0/STM32CubeIDE/plugins/com.st.stm32cube.ide.mcu.externaltools.gnu-tools-for-stm32.12.3.rel1.win32_1.0.200.202406191623/tools/bin/../lib/gcc/arm-none-eabi/12.3.1/thumb/v7e-m+fp/hard\libgcc.a(_dvmd_tls.o)
 .ARM.attributes
                0x00000567       0x22 C:/ST/STM32CubeIDE_1.16.0/STM32CubeIDE/plugins/com.st.stm32cube.ide.mcu.externaltools.gnu-tools-for-stm32.12.3.rel1.win32_1.0.200.202406191623/tools/bin/../lib/gcc/arm-none-eabi/12.3.1/thumb/v7e-m+fp/hard/crtn.o
OUTPUT(nut_stm32l476rgt6_v1.elf elf32-littlearm)
LOAD linker stubs
LOAD C:/ST/STM32CubeIDE_1.16.0/STM32CubeIDE/plugins/com.st.stm32cube.ide.mcu.externaltools.gnu-tools-for-stm32.12.3.rel1.win32_1.0.200.202406191623/tools/bin/../lib/gcc/arm-none-eabi/12.3.1/../../../../arm-none-eabi/lib/thumb/v7e-m+fp/hard\libc.a
LOAD C:/ST/STM32CubeIDE_1.16.0/STM32CubeIDE/plugins/com.st.stm32cube.ide.mcu.externaltools.gnu-tools-for-stm32.12.3.rel1.win32_1.0.200.202406191623/tools/bin/../lib/gcc/arm-none-eabi/12.3.1/../../../../arm-none-eabi/lib/thumb/v7e-m+fp/hard\libm.a
LOAD C:/ST/STM32CubeIDE_1.16.0/STM32CubeIDE/plugins/com.st.stm32cube.ide.mcu.externaltools.gnu-tools-for-stm32.12.3.rel1.win32_1.0.200.202406191623/tools/bin/../lib/gcc/arm-none-eabi/12.3.1/thumb/v7e-m+fp/hard\libgcc.a

.debug_info     0x00000000    0x14b34
 .debug_info    0x00000000     0x1c40 ./Core/Src/main.o
 .debug_info    0x00001c40     0x1a7d ./Core/Src/stm32l4xx_hal_msp.o
 .debug_info    0x000036bd      0xd26 ./Core/Src/stm32l4xx_it.o
 .debug_info    0x000043e3      0x5b1 ./Core/Src/system_stm32l4xx.o
 .debug_info    0x00004994       0x30 ./Core/Startup/startup_stm32l476rgtx.o
 .debug_info    0x000049c4      0xaeb ./Drivers/STM32L4xx_HAL_Driver/Src/stm32l4xx_hal.o
 .debug_info    0x000054af      0xf49 ./Drivers/STM32L4xx_HAL_Driver/Src/stm32l4xx_hal_can.o
 .debug_info    0x000063f8      0xd81 ./Drivers/STM32L4xx_HAL_Driver/Src/stm32l4xx_hal_cortex.o
 .debug_info    0x00007179      0x6f4 ./Drivers/STM32L4xx_HAL_Driver/Src/stm32l4xx_hal_dma.o
 .debug_info    0x0000786d      0x757 ./Drivers/STM32L4xx_HAL_Driver/Src/stm32l4xx_hal_gpio.o
 .debug_info    0x00007fc4     0x20d2 ./Drivers/STM32L4xx_HAL_Driver/Src/stm32l4xx_hal_i2c.o
 .debug_info    0x0000a096      0x975 ./Drivers/STM32L4xx_HAL_Driver/Src/stm32l4xx_hal_i2c_ex.o
 .debug_info    0x0000aa0b      0x99e ./Drivers/STM32L4xx_HAL_Driver/Src/stm32l4xx_hal_pwr_ex.o
 .debug_info    0x0000b3a9      0xc14 ./Drivers/STM32L4xx_HAL_Driver/Src/stm32l4xx_hal_rcc.o
 .debug_info    0x0000bfbd      0xe11 ./Drivers/STM32L4xx_HAL_Driver/Src/stm32l4xx_hal_rcc_ex.o
 .debug_info    0x0000cdce     0x1549 ./Drivers/STM32L4xx_HAL_Driver/Src/stm32l4xx_hal_spi.o
 .debug_info    0x0000e317     0x3b69 ./Drivers/STM32L4xx_HAL_Driver/Src/stm32l4xx_hal_uart.o
 .debug_info    0x00011e80      0xdff ./Drivers/STM32L4xx_HAL_Driver/Src/stm32l4xx_hal_uart_ex.o
 .debug_info    0x00012c7f     0x1150 ./library/aes.o
 .debug_info    0x00013dcf      0xb21 ./library/des.o
 .debug_info    0x000148f0      0x244 ./library/platform_util.o

.debug_abbrev   0x00000000     0x2c7b
 .debug_abbrev  0x00000000      0x337 ./Core/Src/main.o
 .debug_abbrev  0x00000337      0x256 ./Core/Src/stm32l4xx_hal_msp.o
 .debug_abbrev  0x0000058d      0x190 ./Core/Src/stm32l4xx_it.o
 .debug_abbrev  0x0000071d      0x11a ./Core/Src/system_stm32l4xx.o
 .debug_abbrev  0x00000837       0x24 ./Core/Startup/startup_stm32l476rgtx.o
 .debug_abbrev  0x0000085b      0x242 ./Drivers/STM32L4xx_HAL_Driver/Src/stm32l4xx_hal.o
 .debug_abbrev  0x00000a9d      0x26a ./Drivers/STM32L4xx_HAL_Driver/Src/stm32l4xx_hal_can.o
 .debug_abbrev  0x00000d07      0x31c ./Drivers/STM32L4xx_HAL_Driver/Src/stm32l4xx_hal_cortex.o
 .debug_abbrev  0x00001023      0x1e4 ./Drivers/STM32L4xx_HAL_Driver/Src/stm32l4xx_hal_dma.o
 .debug_abbrev  0x00001207      0x1cb ./Drivers/STM32L4xx_HAL_Driver/Src/stm32l4xx_hal_gpio.o
 .debug_abbrev  0x000013d2      0x261 ./Drivers/STM32L4xx_HAL_Driver/Src/stm32l4xx_hal_i2c.o
 .debug_abbrev  0x00001633      0x1c3 ./Drivers/STM32L4xx_HAL_Driver/Src/stm32l4xx_hal_i2c_ex.o
 .debug_abbrev  0x000017f6      0x1f9 ./Drivers/STM32L4xx_HAL_Driver/Src/stm32l4xx_hal_pwr_ex.o
 .debug_abbrev  0x000019ef      0x2cb ./Drivers/STM32L4xx_HAL_Driver/Src/stm32l4xx_hal_rcc.o
 .debug_abbrev  0x00001cba      0x2a6 ./Drivers/STM32L4xx_HAL_Driver/Src/stm32l4xx_hal_rcc_ex.o
 .debug_abbrev  0x00001f60      0x260 ./Drivers/STM32L4xx_HAL_Driver/Src/stm32l4xx_hal_spi.o
 .debug_abbrev  0x000021c0      0x2d0 ./Drivers/STM32L4xx_HAL_Driver/Src/stm32l4xx_hal_uart.o
 .debug_abbrev  0x00002490      0x2be ./Drivers/STM32L4xx_HAL_Driver/Src/stm32l4xx_hal_uart_ex.o
 .debug_abbrev  0x0000274e      0x1fb ./library/aes.o
 .debug_abbrev  0x00002949      0x20b ./library/des.o
 .debug_abbrev  0x00002b54      0x127 ./library/platform_util.o

.debug_aranges  0x00000000     0x11e8
 .debug_aranges
                0x00000000       0x90 ./Core/Src/main.o
 .debug_aranges
                0x00000090       0x60 ./Core/Src/stm32l4xx_hal_msp.o
 .debug_aranges
                0x000000f0       0x80 ./Core/Src/stm32l4xx_it.o
 .debug_aranges
                0x00000170       0x28 ./Core/Src/system_stm32l4xx.o
 .debug_aranges
                0x00000198       0x28 ./Core/Startup/startup_stm32l476rgtx.o
 .debug_aranges
                0x000001c0      0x130 ./Drivers/STM32L4xx_HAL_Driver/Src/stm32l4xx_hal.o
 .debug_aranges
                0x000002f0      0x138 ./Drivers/STM32L4xx_HAL_Driver/Src/stm32l4xx_hal_can.o
 .debug_aranges
                0x00000428      0x128 ./Drivers/STM32L4xx_HAL_Driver/Src/stm32l4xx_hal_cortex.o
 .debug_aranges
                0x00000550       0x80 ./Drivers/STM32L4xx_HAL_Driver/Src/stm32l4xx_hal_dma.o
 .debug_aranges
                0x000005d0       0x58 ./Drivers/STM32L4xx_HAL_Driver/Src/stm32l4xx_hal_gpio.o
 .debug_aranges
                0x00000628      0x2a0 ./Drivers/STM32L4xx_HAL_Driver/Src/stm32l4xx_hal_i2c.o
 .debug_aranges
                0x000008c8       0x48 ./Drivers/STM32L4xx_HAL_Driver/Src/stm32l4xx_hal_i2c_ex.o
 .debug_aranges
                0x00000910      0x160 ./Drivers/STM32L4xx_HAL_Driver/Src/stm32l4xx_hal_pwr_ex.o
 .debug_aranges
                0x00000a70       0x90 ./Drivers/STM32L4xx_HAL_Driver/Src/stm32l4xx_hal_rcc.o
 .debug_aranges
                0x00000b00       0xc0 ./Drivers/STM32L4xx_HAL_Driver/Src/stm32l4xx_hal_rcc_ex.o
 .debug_aranges
                0x00000bc0      0x1d8 ./Drivers/STM32L4xx_HAL_Driver/Src/stm32l4xx_hal_spi.o
 .debug_aranges
                0x00000d98      0x228 ./Drivers/STM32L4xx_HAL_Driver/Src/stm32l4xx_hal_uart.o
 .debug_aranges
                0x00000fc0       0x80 ./Drivers/STM32L4xx_HAL_Driver/Src/stm32l4xx_hal_uart_ex.o
 .debug_aranges
                0x00001040       0xc0 ./library/aes.o
 .debug_aranges
                0x00001100       0xc0 ./library/des.o
 .debug_aranges
                0x000011c0       0x28 ./library/platform_util.o

.debug_rnglists
                0x00000000      0xe18
 .debug_rnglists
                0x00000000       0x6c ./Core/Src/main.o
 .debug_rnglists
                0x0000006c       0x47 ./Core/Src/stm32l4xx_hal_msp.o
 .debug_rnglists
                0x000000b3       0x5b ./Core/Src/stm32l4xx_it.o
 .debug_rnglists
                0x0000010e       0x1a ./Core/Src/system_stm32l4xx.o
 .debug_rnglists
                0x00000128       0x19 ./Core/Startup/startup_stm32l476rgtx.o
 .debug_rnglists
                0x00000141       0xdf ./Drivers/STM32L4xx_HAL_Driver/Src/stm32l4xx_hal.o
 .debug_rnglists
                0x00000220       0xee ./Drivers/STM32L4xx_HAL_Driver/Src/stm32l4xx_hal_can.o
 .debug_rnglists
                0x0000030e       0xda ./Drivers/STM32L4xx_HAL_Driver/Src/stm32l4xx_hal_cortex.o
 .debug_rnglists
                0x000003e8       0x64 ./Drivers/STM32L4xx_HAL_Driver/Src/stm32l4xx_hal_dma.o
 .debug_rnglists
                0x0000044c       0x3f ./Drivers/STM32L4xx_HAL_Driver/Src/stm32l4xx_hal_gpio.o
 .debug_rnglists
                0x0000048b      0x228 ./Drivers/STM32L4xx_HAL_Driver/Src/stm32l4xx_hal_i2c.o
 .debug_rnglists
                0x000006b3       0x35 ./Drivers/STM32L4xx_HAL_Driver/Src/stm32l4xx_hal_i2c_ex.o
 .debug_rnglists
                0x000006e8      0x109 ./Drivers/STM32L4xx_HAL_Driver/Src/stm32l4xx_hal_pwr_ex.o
 .debug_rnglists
                0x000007f1       0x6d ./Drivers/STM32L4xx_HAL_Driver/Src/stm32l4xx_hal_rcc.o
 .debug_rnglists
                0x0000085e       0x95 ./Drivers/STM32L4xx_HAL_Driver/Src/stm32l4xx_hal_rcc_ex.o
 .debug_rnglists
                0x000008f3      0x178 ./Drivers/STM32L4xx_HAL_Driver/Src/stm32l4xx_hal_spi.o
 .debug_rnglists
                0x00000a6b      0x1db ./Drivers/STM32L4xx_HAL_Driver/Src/stm32l4xx_hal_uart.o
 .debug_rnglists
                0x00000c46       0x60 ./Drivers/STM32L4xx_HAL_Driver/Src/stm32l4xx_hal_uart_ex.o
 .debug_rnglists
                0x00000ca6       0xb6 ./library/aes.o
 .debug_rnglists
                0x00000d5c       0xa3 ./library/des.o
 .debug_rnglists
                0x00000dff       0x19 ./library/platform_util.o

.debug_macro    0x00000000    0x2873e
 .debug_macro   0x00000000      0x498 ./Core/Src/main.o
 .debug_macro   0x00000498      0xab4 ./Core/Src/main.o
 .debug_macro   0x00000f4c      0x1b3 ./Core/Src/main.o
 .debug_macro   0x000010ff       0x2e ./Core/Src/main.o
 .debug_macro   0x0000112d       0x28 ./Core/Src/main.o
 .debug_macro   0x00001155       0x22 ./Core/Src/main.o
 .debug_macro   0x00001177       0x8e ./Core/Src/main.o
 .debug_macro   0x00001205       0x51 ./Core/Src/main.o
 .debug_macro   0x00001256      0x103 ./Core/Src/main.o
 .debug_macro   0x00001359       0x6a ./Core/Src/main.o
 .debug_macro   0x000013c3      0x1df ./Core/Src/main.o
 .debug_macro   0x000015a2       0x1c ./Core/Src/main.o
 .debug_macro   0x000015be       0x22 ./Core/Src/main.o
 .debug_macro   0x000015e0       0xfb ./Core/Src/main.o
 .debug_macro   0x000016db     0x1011 ./Core/Src/main.o
 .debug_macro   0x000026ec      0x11f ./Core/Src/main.o
 .debug_macro   0x0000280b    0x1a17a ./Core/Src/main.o
 .debug_macro   0x0001c985       0x6d ./Core/Src/main.o
 .debug_macro   0x0001c9f2     0x38fb ./Core/Src/main.o
 .debug_macro   0x000202ed      0x189 ./Core/Src/main.o
 .debug_macro   0x00020476       0x5c ./Core/Src/main.o
 .debug_macro   0x000204d2     0x159e ./Core/Src/main.o
 .debug_macro   0x00021a70      0x5a5 ./Core/Src/main.o
 .debug_macro   0x00022015      0x1b9 ./Core/Src/main.o
 .debug_macro   0x000221ce      0x18b ./Core/Src/main.o
 .debug_macro   0x00022359      0x26b ./Core/Src/main.o
 .debug_macro   0x000225c4      0x23d ./Core/Src/main.o
 .debug_macro   0x00022801      0x408 ./Core/Src/main.o
 .debug_macro   0x00022c09      0x241 ./Core/Src/main.o
 .debug_macro   0x00022e4a      0x37c ./Core/Src/main.o
 .debug_macro   0x000231c6       0xd6 ./Core/Src/main.o
 .debug_macro   0x0002329c      0x22c ./Core/Src/main.o
 .debug_macro   0x000234c8       0x61 ./Core/Src/main.o
 .debug_macro   0x00023529       0xa5 ./Core/Src/main.o
 .debug_macro   0x000235ce      0x122 ./Core/Src/main.o
 .debug_macro   0x000236f0      0x3ef ./Core/Src/main.o
 .debug_macro   0x00023adf      0x2fe ./Core/Src/main.o
 .debug_macro   0x00023ddd      0x5cf ./Core/Src/main.o
 .debug_macro   0x000243ac       0x44 ./Core/Src/main.o
 .debug_macro   0x000243f0      0x330 ./Core/Src/main.o
 .debug_macro   0x00024720       0x61 ./Core/Src/main.o
 .debug_macro   0x00024781       0x2a ./Core/Src/main.o
 .debug_macro   0x000247ab       0x43 ./Core/Src/main.o
 .debug_macro   0x000247ee       0x34 ./Core/Src/main.o
 .debug_macro   0x00024822       0x16 ./Core/Src/main.o
 .debug_macro   0x00024838       0x43 ./Core/Src/main.o
 .debug_macro   0x0002487b       0x34 ./Core/Src/main.o
 .debug_macro   0x000248af       0x10 ./Core/Src/main.o
 .debug_macro   0x000248bf       0x58 ./Core/Src/main.o
 .debug_macro   0x00024917       0x8e ./Core/Src/main.o
 .debug_macro   0x000249a5       0x1c ./Core/Src/main.o
 .debug_macro   0x000249c1      0x177 ./Core/Src/main.o
 .debug_macro   0x00024b38      0x369 ./Core/Src/main.o
 .debug_macro   0x00024ea1       0x10 ./Core/Src/main.o
 .debug_macro   0x00024eb1       0x35 ./Core/Src/main.o
 .debug_macro   0x00024ee6       0x20 ./Core/Src/main.o
 .debug_macro   0x00024f06       0x10 ./Core/Src/main.o
 .debug_macro   0x00024f16       0x2e ./Core/Src/main.o
 .debug_macro   0x00024f44      0x383 ./Core/Src/main.o
 .debug_macro   0x000252c7       0x7c ./Core/Src/main.o
 .debug_macro   0x00025343       0x17 ./Core/Src/main.o
 .debug_macro   0x0002535a      0x118 ./Core/Src/main.o
 .debug_macro   0x00025472       0x12 ./Core/Src/main.o
 .debug_macro   0x00025484       0x16 ./Core/Src/main.o
 .debug_macro   0x0002549a       0x10 ./Core/Src/main.o
 .debug_macro   0x000254aa       0x10 ./Core/Src/main.o
 .debug_macro   0x000254ba       0x10 ./Core/Src/main.o
 .debug_macro   0x000254ca       0x1c ./Core/Src/main.o
 .debug_macro   0x000254e6       0x52 ./Core/Src/main.o
 .debug_macro   0x00025538       0x22 ./Core/Src/main.o
 .debug_macro   0x0002555a       0x10 ./Core/Src/main.o
 .debug_macro   0x0002556a       0x52 ./Core/Src/main.o
 .debug_macro   0x000255bc       0xcf ./Core/Src/main.o
 .debug_macro   0x0002568b       0x1c ./Core/Src/main.o
 .debug_macro   0x000256a7       0x3d ./Core/Src/main.o
 .debug_macro   0x000256e4       0x35 ./Core/Src/main.o
 .debug_macro   0x00025719       0x42 ./Core/Src/main.o
 .debug_macro   0x0002575b       0x22 ./Core/Src/main.o
 .debug_macro   0x0002577d       0x1c ./Core/Src/main.o
 .debug_macro   0x00025799       0x1c ./Core/Src/main.o
 .debug_macro   0x000257b5       0x10 ./Core/Src/main.o
 .debug_macro   0x000257c5       0x10 ./Core/Src/main.o
 .debug_macro   0x000257d5       0x16 ./Core/Src/main.o
 .debug_macro   0x000257eb      0x146 ./Core/Src/main.o
 .debug_macro   0x00025931      0x1ee ./Core/Src/stm32l4xx_hal_msp.o
 .debug_macro   0x00025b1f      0x1f8 ./Core/Src/stm32l4xx_it.o
 .debug_macro   0x00025d17      0x1e4 ./Core/Src/system_stm32l4xx.o
 .debug_macro   0x00025efb      0x232 ./Drivers/STM32L4xx_HAL_Driver/Src/stm32l4xx_hal.o
 .debug_macro   0x0002612d      0x1f3 ./Drivers/STM32L4xx_HAL_Driver/Src/stm32l4xx_hal_can.o
 .debug_macro   0x00026320      0x1e4 ./Drivers/STM32L4xx_HAL_Driver/Src/stm32l4xx_hal_cortex.o
 .debug_macro   0x00026504      0x1e4 ./Drivers/STM32L4xx_HAL_Driver/Src/stm32l4xx_hal_dma.o
 .debug_macro   0x000266e8      0x1eb ./Drivers/STM32L4xx_HAL_Driver/Src/stm32l4xx_hal_gpio.o
 .debug_macro   0x000268d3      0x2b0 ./Drivers/STM32L4xx_HAL_Driver/Src/stm32l4xx_hal_i2c.o
 .debug_macro   0x00026b83      0x1e4 ./Drivers/STM32L4xx_HAL_Driver/Src/stm32l4xx_hal_i2c_ex.o
 .debug_macro   0x00026d67      0x208 ./Drivers/STM32L4xx_HAL_Driver/Src/stm32l4xx_hal_pwr_ex.o
 .debug_macro   0x00026f6f      0x226 ./Drivers/STM32L4xx_HAL_Driver/Src/stm32l4xx_hal_rcc.o
 .debug_macro   0x00027195      0x21a ./Drivers/STM32L4xx_HAL_Driver/Src/stm32l4xx_hal_rcc_ex.o
 .debug_macro   0x000273af      0x1ec ./Drivers/STM32L4xx_HAL_Driver/Src/stm32l4xx_hal_spi.o
 .debug_macro   0x0002759b      0x20f ./Drivers/STM32L4xx_HAL_Driver/Src/stm32l4xx_hal_uart.o
 .debug_macro   0x000277aa      0x1e4 ./Drivers/STM32L4xx_HAL_Driver/Src/stm32l4xx_hal_uart_ex.o
 .debug_macro   0x0002798e      0x396 ./library/aes.o
 .debug_macro   0x00027d24       0xb4 ./library/aes.o
 .debug_macro   0x00027dd8       0x10 ./library/aes.o
 .debug_macro   0x00027de8       0x91 ./library/aes.o
 .debug_macro   0x00027e79       0x22 ./library/aes.o
 .debug_macro   0x00027e9b       0x10 ./library/aes.o
 .debug_macro   0x00027eab       0x16 ./library/aes.o
 .debug_macro   0x00027ec1      0x339 ./library/des.o
 .debug_macro   0x000281fa      0x2b8 ./library/platform_util.o
 .debug_macro   0x000284b2       0x5c ./library/platform_util.o
 .debug_macro   0x0002850e       0xb8 ./library/platform_util.o
 .debug_macro   0x000285c6       0x16 ./library/platform_util.o
 .debug_macro   0x000285dc      0x12a ./library/platform_util.o
 .debug_macro   0x00028706       0x22 ./library/platform_util.o
 .debug_macro   0x00028728       0x16 ./library/platform_util.o

.debug_line     0x00000000    0x18158
 .debug_line    0x00000000      0xf99 ./Core/Src/main.o
 .debug_line    0x00000f99      0x8ff ./Core/Src/stm32l4xx_hal_msp.o
 .debug_line    0x00001898      0x8ba ./Core/Src/stm32l4xx_it.o
 .debug_line    0x00002152      0x832 ./Core/Src/system_stm32l4xx.o
 .debug_line    0x00002984       0x7a ./Core/Startup/startup_stm32l476rgtx.o
 .debug_line    0x000029fe      0xb8d ./Drivers/STM32L4xx_HAL_Driver/Src/stm32l4xx_hal.o
 .debug_line    0x0000358b     0x122d ./Drivers/STM32L4xx_HAL_Driver/Src/stm32l4xx_hal_can.o
 .debug_line    0x000047b8      0xd56 ./Drivers/STM32L4xx_HAL_Driver/Src/stm32l4xx_hal_cortex.o
 .debug_line    0x0000550e      0xd92 ./Drivers/STM32L4xx_HAL_Driver/Src/stm32l4xx_hal_dma.o
 .debug_line    0x000062a0      0xc19 ./Drivers/STM32L4xx_HAL_Driver/Src/stm32l4xx_hal_gpio.o
 .debug_line    0x00006eb9     0x3ac0 ./Drivers/STM32L4xx_HAL_Driver/Src/stm32l4xx_hal_i2c.o
 .debug_line    0x0000a979      0x9b5 ./Drivers/STM32L4xx_HAL_Driver/Src/stm32l4xx_hal_i2c_ex.o
 .debug_line    0x0000b32e      0xd7f ./Drivers/STM32L4xx_HAL_Driver/Src/stm32l4xx_hal_pwr_ex.o
 .debug_line    0x0000c0ad     0x1006 ./Drivers/STM32L4xx_HAL_Driver/Src/stm32l4xx_hal_rcc.o
 .debug_line    0x0000d0b3     0x1578 ./Drivers/STM32L4xx_HAL_Driver/Src/stm32l4xx_hal_rcc_ex.o
 .debug_line    0x0000e62b     0x2063 ./Drivers/STM32L4xx_HAL_Driver/Src/stm32l4xx_hal_spi.o
 .debug_line    0x0001068e     0x329f ./Drivers/STM32L4xx_HAL_Driver/Src/stm32l4xx_hal_uart.o
 .debug_line    0x0001392d      0xc93 ./Drivers/STM32L4xx_HAL_Driver/Src/stm32l4xx_hal_uart_ex.o
 .debug_line    0x000145c0     0x1d72 ./library/aes.o
 .debug_line    0x00016332     0x162d ./library/des.o
 .debug_line    0x0001795f      0x7f9 ./library/platform_util.o

.debug_str      0x00000000    0xf4067
 .debug_str     0x00000000    0xecf1c ./Core/Src/main.o
                              0xed3b2 (size before relaxing)
 .debug_str     0x000ecf1c      0x7c4 ./Core/Src/stm32l4xx_hal_msp.o
                              0xe7cb5 (size before relaxing)
 .debug_str     0x000ed6e0      0x164 ./Core/Src/stm32l4xx_it.o
                              0xe71a4 (size before relaxing)
 .debug_str     0x000ed844       0xf2 ./Core/Src/system_stm32l4xx.o
                              0xe69de (size before relaxing)
 .debug_str     0x000ed936       0x44 ./Core/Startup/startup_stm32l476rgtx.o
                                 0x7b (size before relaxing)
 .debug_str     0x000ed97a      0x628 ./Drivers/STM32L4xx_HAL_Driver/Src/stm32l4xx_hal.o
                              0xe7571 (size before relaxing)
 .debug_str     0x000edfa2      0x58a ./Drivers/STM32L4xx_HAL_Driver/Src/stm32l4xx_hal_can.o
                              0xe7074 (size before relaxing)
 .debug_str     0x000ee52c      0x355 ./Drivers/STM32L4xx_HAL_Driver/Src/stm32l4xx_hal_cortex.o
                              0xe7257 (size before relaxing)
 .debug_str     0x000ee881      0x258 ./Drivers/STM32L4xx_HAL_Driver/Src/stm32l4xx_hal_dma.o
                              0xe6c48 (size before relaxing)
 .debug_str     0x000eead9      0x123 ./Drivers/STM32L4xx_HAL_Driver/Src/stm32l4xx_hal_gpio.o
                              0xe6b57 (size before relaxing)
 .debug_str     0x000eebfc      0xd69 ./Drivers/STM32L4xx_HAL_Driver/Src/stm32l4xx_hal_i2c.o
                              0xe7bdf (size before relaxing)
 .debug_str     0x000ef965       0xb8 ./Drivers/STM32L4xx_HAL_Driver/Src/stm32l4xx_hal_i2c_ex.o
                              0xe6eeb (size before relaxing)
 .debug_str     0x000efa1d      0x4e3 ./Drivers/STM32L4xx_HAL_Driver/Src/stm32l4xx_hal_pwr_ex.o
                              0xe6f39 (size before relaxing)
 .debug_str     0x000eff00      0x3a1 ./Drivers/STM32L4xx_HAL_Driver/Src/stm32l4xx_hal_rcc.o
                              0xe7024 (size before relaxing)
 .debug_str     0x000f02a1      0x3bf ./Drivers/STM32L4xx_HAL_Driver/Src/stm32l4xx_hal_rcc_ex.o
                              0xe719d (size before relaxing)
 .debug_str     0x000f0660      0x4d5 ./Drivers/STM32L4xx_HAL_Driver/Src/stm32l4xx_hal_spi.o
                              0xe71f9 (size before relaxing)
 .debug_str     0x000f0b35      0x841 ./Drivers/STM32L4xx_HAL_Driver/Src/stm32l4xx_hal_uart.o
                              0xe7736 (size before relaxing)
 .debug_str     0x000f1376      0x1f7 ./Drivers/STM32L4xx_HAL_Driver/Src/stm32l4xx_hal_uart_ex.o
                              0xe6f62 (size before relaxing)
 .debug_str     0x000f156d     0x2243 ./library/aes.o
                               0xba56 (size before relaxing)
 .debug_str     0x000f37b0      0x719 ./library/des.o
                               0xb56f (size before relaxing)
 .debug_str     0x000f3ec9      0x19e ./library/platform_util.o
                               0xa5c4 (size before relaxing)

.comment        0x00000000       0x43
 .comment       0x00000000       0x43 ./Core/Src/main.o
                                 0x44 (size before relaxing)
 .comment       0x00000043       0x44 ./Core/Src/stm32l4xx_hal_msp.o
 .comment       0x00000043       0x44 ./Core/Src/stm32l4xx_it.o
 .comment       0x00000043       0x44 ./Core/Src/system_stm32l4xx.o
 .comment       0x00000043       0x44 ./Drivers/STM32L4xx_HAL_Driver/Src/stm32l4xx_hal.o
 .comment       0x00000043       0x44 ./Drivers/STM32L4xx_HAL_Driver/Src/stm32l4xx_hal_can.o
 .comment       0x00000043       0x44 ./Drivers/STM32L4xx_HAL_Driver/Src/stm32l4xx_hal_cortex.o
 .comment       0x00000043       0x44 ./Drivers/STM32L4xx_HAL_Driver/Src/stm32l4xx_hal_dma.o
 .comment       0x00000043       0x44 ./Drivers/STM32L4xx_HAL_Driver/Src/stm32l4xx_hal_gpio.o
 .comment       0x00000043       0x44 ./Drivers/STM32L4xx_HAL_Driver/Src/stm32l4xx_hal_i2c.o
 .comment       0x00000043       0x44 ./Drivers/STM32L4xx_HAL_Driver/Src/stm32l4xx_hal_i2c_ex.o
 .comment       0x00000043       0x44 ./Drivers/STM32L4xx_HAL_Driver/Src/stm32l4xx_hal_pwr_ex.o
 .comment       0x00000043       0x44 ./Drivers/STM32L4xx_HAL_Driver/Src/stm32l4xx_hal_rcc.o
 .comment       0x00000043       0x44 ./Drivers/STM32L4xx_HAL_Driver/Src/stm32l4xx_hal_rcc_ex.o
 .comment       0x00000043       0x44 ./Drivers/STM32L4xx_HAL_Driver/Src/stm32l4xx_hal_spi.o
 .comment       0x00000043       0x44 ./Drivers/STM32L4xx_HAL_Driver/Src/stm32l4xx_hal_uart.o
 .comment       0x00000043       0x44 ./Drivers/STM32L4xx_HAL_Driver/Src/stm32l4xx_hal_uart_ex.o
 .comment       0x00000043       0x44 ./library/aes.o
 .comment       0x00000043       0x44 ./library/des.o
 .comment       0x00000043       0x44 ./library/platform_util.o

.debug_frame    0x00000000     0x4b30
 .debug_frame   0x00000000      0x1fc ./Core/Src/main.o
 .debug_frame   0x000001fc      0x160 ./Core/Src/stm32l4xx_hal_msp.o
 .debug_frame   0x0000035c      0x174 ./Core/Src/stm32l4xx_it.o
 .debug_frame   0x000004d0       0x58 ./Core/Src/system_stm32l4xx.o
 .debug_frame   0x00000528      0x498 ./Drivers/STM32L4xx_HAL_Driver/Src/stm32l4xx_hal.o
 .debug_frame   0x000009c0      0x5a0 ./Drivers/STM32L4xx_HAL_Driver/Src/stm32l4xx_hal_can.o
 .debug_frame   0x00000f60      0x4e8 ./Drivers/STM32L4xx_HAL_Driver/Src/stm32l4xx_hal_cortex.o
 .debug_frame   0x00001448      0x204 ./Drivers/STM32L4xx_HAL_Driver/Src/stm32l4xx_hal_dma.o
 .debug_frame   0x0000164c      0x14c ./Drivers/STM32L4xx_HAL_Driver/Src/stm32l4xx_hal_gpio.o
 .debug_frame   0x00001798      0xc38 ./Drivers/STM32L4xx_HAL_Driver/Src/stm32l4xx_hal_i2c.o
 .debug_frame   0x000023d0      0x100 ./Drivers/STM32L4xx_HAL_Driver/Src/stm32l4xx_hal_i2c_ex.o
 .debug_frame   0x000024d0      0x584 ./Drivers/STM32L4xx_HAL_Driver/Src/stm32l4xx_hal_pwr_ex.o
 .debug_frame   0x00002a54      0x21c ./Drivers/STM32L4xx_HAL_Driver/Src/stm32l4xx_hal_rcc.o
 .debug_frame   0x00002c70      0x2fc ./Drivers/STM32L4xx_HAL_Driver/Src/stm32l4xx_hal_rcc_ex.o
 .debug_frame   0x00002f6c      0x860 ./Drivers/STM32L4xx_HAL_Driver/Src/stm32l4xx_hal_spi.o
 .debug_frame   0x000037cc      0x9f4 ./Drivers/STM32L4xx_HAL_Driver/Src/stm32l4xx_hal_uart.o
 .debug_frame   0x000041c0      0x204 ./Drivers/STM32L4xx_HAL_Driver/Src/stm32l4xx_hal_uart_ex.o
 .debug_frame   0x000043c4      0x34c ./library/aes.o
 .debug_frame   0x00004710      0x31c ./library/des.o
 .debug_frame   0x00004a2c       0x58 ./library/platform_util.o
 .debug_frame   0x00004a84       0x20 C:/ST/STM32CubeIDE_1.16.0/STM32CubeIDE/plugins/com.st.stm32cube.ide.mcu.externaltools.gnu-tools-for-stm32.12.3.rel1.win32_1.0.200.202406191623/tools/bin/../lib/gcc/arm-none-eabi/12.3.1/../../../../arm-none-eabi/lib/thumb/v7e-m+fp/hard\libc_nano.a(libc_a-memset.o)
 .debug_frame   0x00004aa4       0x2c C:/ST/STM32CubeIDE_1.16.0/STM32CubeIDE/plugins/com.st.stm32cube.ide.mcu.externaltools.gnu-tools-for-stm32.12.3.rel1.win32_1.0.200.202406191623/tools/bin/../lib/gcc/arm-none-eabi/12.3.1/../../../../arm-none-eabi/lib/thumb/v7e-m+fp/hard\libc_nano.a(libc_a-init.o)
 .debug_frame   0x00004ad0       0x2c C:/ST/STM32CubeIDE_1.16.0/STM32CubeIDE/plugins/com.st.stm32cube.ide.mcu.externaltools.gnu-tools-for-stm32.12.3.rel1.win32_1.0.200.202406191623/tools/bin/../lib/gcc/arm-none-eabi/12.3.1/thumb/v7e-m+fp/hard\libgcc.a(_aeabi_uldivmod.o)
 .debug_frame   0x00004afc       0x34 C:/ST/STM32CubeIDE_1.16.0/STM32CubeIDE/plugins/com.st.stm32cube.ide.mcu.externaltools.gnu-tools-for-stm32.12.3.rel1.win32_1.0.200.202406191623/tools/bin/../lib/gcc/arm-none-eabi/12.3.1/thumb/v7e-m+fp/hard\libgcc.a(_udivmoddi4.o)

.debug_line_str
                0x00000000       0x5f
 .debug_line_str
                0x00000000       0x5f ./Core/Startup/startup_stm32l476rgtx.o
