../Core/Src/main.c:121:6:HAL_UART_RxCpltCallback	16	static
../Core/Src/main.c:134:6:HAL_SPI_TxCpltCallback	16	static
../Core/Src/main.c:140:6:HAL_SPI_RxCpltCallback	16	static
../Core/Src/main.c:156:6:HAL_SPI_ErrorCallback	16	static
../Core/Src/main.c:177:6:HAL_I2C_SlaveRxCpltCallback	16	static
../Core/Src/main.c:187:6:HAL_I2C_SlaveTxCpltCallback	16	static
../Core/Src/main.c:197:5:main	8	static
../Core/Src/main.c:293:6:SystemClock_Config	96	static
../Core/Src/main.c:336:13:MX_CAN1_Init	8	static
../Core/Src/main.c:373:13:MX_I2C2_Init	8	static
../Core/Src/main.c:421:13:MX_SPI2_Init	8	static
../Core/Src/main.c:460:13:MX_USART1_UART_Init	8	static
../Core/Src/main.c:495:13:MX_GPIO_Init	48	static
../Core/Src/main.c:542:6:process_cmd	8	static
../Core/Src/main.c:599:6:Error_Handler	4	static,ignoring_inline_asm
